Log file open, 12/26/22 22:22:50
LogConfig: Display: Loading Mac ini files took 0.03 seconds
LogConfig: Display: Loading Android ini files took 0.03 seconds
LogConfig: Display: Loading IOS ini files took 0.03 seconds
LogConfig: Display: Loading HoloLens ini files took 0.03 seconds
LogConfig: Display: Loading VulkanPC ini files took 0.03 seconds
LogConfig: Display: Loading Unix ini files took 0.03 seconds
LogConfig: Display: Loading Windows ini files took 0.03 seconds
LogConfig: Display: Loading TVOS ini files took 0.03 seconds
LogConfig: Display: Loading Linux ini files took 0.03 seconds
LogConfig: Display: Loading LinuxArm64 ini files took 0.04 seconds
LogPluginManager: Mounting Engine plugin EnhancedInput
LogPluginManager: Mounting Engine plugin FastBuildController
LogPluginManager: Mounting Engine plugin MeshPainting
LogPluginManager: Mounting Engine plugin TraceUtilities
LogPluginManager: Mounting Engine plugin XGEController
LogPluginManager: Mounting Engine plugin OnlineBase
LogPluginManager: Mounting Engine plugin OnlineServices
LogPluginManager: Mounting Engine plugin OnlineSubsystem
LogPluginManager: Mounting Engine plugin OnlineSubsystemNull
LogPluginManager: Mounting Engine plugin Paper2D
LogPluginManager: Mounting Engine plugin OnlineSubsystemUtils
LogPluginManager: Mounting Engine plugin ControlRig
LogPluginManager: Mounting Engine plugin BlendSpaceMotionAnalysis
LogPluginManager: Mounting Engine plugin AnimationModifierLibrary
LogPluginManager: Mounting Engine plugin IKRig
LogPluginManager: Mounting Engine plugin ControlRigSpline
LogPluginManager: Mounting Engine plugin LiveLinkCurveDebugUI
LogPluginManager: Mounting Engine plugin LiveLink
LogPluginManager: Mounting Engine plugin RigLogic
LogPluginManager: Mounting Engine plugin Niagara
LogPluginManager: Mounting Engine plugin AlembicImporter
LogPluginManager: Mounting Engine plugin AlembicHairImporter
LogPluginManager: Mounting Engine plugin AnimationSharing
LogPluginManager: Mounting Engine plugin CLionSourceCodeAccess
LogPluginManager: Mounting Engine plugin CodeLiteSourceCodeAccess
LogPluginManager: Mounting Engine plugin DumpGPUServices
LogPluginManager: Mounting Engine plugin KDevelopSourceCodeAccess
LogPluginManager: Mounting Engine plugin GitSourceControl
LogPluginManager: Mounting Engine plugin NullSourceCodeAccess
LogPluginManager: Mounting Engine plugin PerforceSourceControl
LogPluginManager: Mounting Engine plugin PropertyAccessNode
LogPluginManager: Mounting Engine plugin PixWinPlugin
LogPluginManager: Mounting Engine plugin PluginUtils
LogPluginManager: Mounting Engine plugin PlasticSourceControl
LogPluginManager: Mounting Engine plugin RiderSourceCodeAccess
LogPluginManager: Mounting Engine plugin SubversionSourceControl
LogPluginManager: Mounting Engine plugin TextureFormatOodle
LogPluginManager: Mounting Engine plugin TraceDataFilters
LogPluginManager: Mounting Engine plugin UObjectPlugin
LogPluginManager: Mounting Engine plugin VisualStudioCodeSourceCodeAccess
LogPluginManager: Mounting Engine plugin VisualStudioSourceCodeAccess
LogPluginManager: Mounting Engine plugin LauncherChunkInstaller
LogPluginManager: Mounting Engine plugin GameplayCameras
LogPluginManager: Mounting Engine plugin XCodeSourceCodeAccess
LogPluginManager: Mounting Engine plugin CameraShakePreviewer
LogPluginManager: Mounting Engine plugin Interchange
LogPluginManager: Found config from plugin[Interchange] Game
LogPluginManager: Mounting Engine plugin InterchangeEditor
LogPluginManager: Mounting Engine plugin Takes
LogPluginManager: Mounting Engine plugin AutomationUtils
LogPluginManager: Mounting Engine plugin BackChannel
LogPluginManager: Mounting Engine plugin ChaosCaching
LogPluginManager: Mounting Engine plugin ChaosClothEditor
LogPluginManager: Mounting Engine plugin ChaosEditor
LogPluginManager: Mounting Engine plugin ChaosNiagara
LogPluginManager: Mounting Engine plugin ChaosCloth
LogPluginManager: Mounting Engine plugin ChaosSolverPlugin
LogPluginManager: Mounting Engine plugin ChaosUserDataPT
LogPluginManager: Mounting Engine plugin CharacterAI
LogPluginManager: Mounting Engine plugin Dataflow
LogPluginManager: Mounting Engine plugin FullBodyIK
LogPluginManager: Mounting Engine plugin Iris
LogPluginManager: Mounting Engine plugin GeometryCollectionPlugin
LogPluginManager: Mounting Engine plugin LiveLinkControlRig
LogPluginManager: Mounting Engine plugin MeshModelingToolsetExp
LogPluginManager: Mounting Engine plugin OpenImageDenoise
LogPluginManager: Mounting Engine plugin PlanarCut
LogPluginManager: Mounting Engine plugin PlatformCrypto
LogPluginManager: Mounting Engine plugin ProxyLODPlugin
LogPluginManager: Mounting Engine plugin PythonScriptPlugin
LogPluginManager: Mounting Engine plugin SkeletalReduction
LogPluginManager: Mounting Engine plugin UVEditor
LogPluginManager: Mounting Engine plugin DatasmithContent
LogPluginManager: Mounting Engine plugin GLTFExporter
LogPluginManager: Mounting Engine plugin VariantManager
LogPluginManager: Mounting Engine plugin VariantManagerContent
LogPluginManager: Mounting Engine plugin AndroidMedia
LogPluginManager: Mounting Engine plugin AvfMedia
LogPluginManager: Mounting Engine plugin MediaCompositing
LogPluginManager: Mounting Engine plugin ImgMedia
LogPluginManager: Mounting Engine plugin MediaPlayerEditor
LogPluginManager: Mounting Engine plugin MediaPlate
LogPluginManager: Mounting Engine plugin WebMMedia
LogPluginManager: Mounting Engine plugin WmfMedia
LogPluginManager: Mounting Engine plugin OpenColorIO
LogPluginManager: Mounting Engine plugin OodleNetwork
LogPluginManager: Mounting Engine plugin TcpMessaging
LogPluginManager: Mounting Engine plugin ActorLayerUtilities
LogPluginManager: Mounting Engine plugin UdpMessaging
LogPluginManager: Mounting Engine plugin AndroidDeviceProfileSelector
LogPluginManager: Mounting Engine plugin AndroidMoviePlayer
LogPluginManager: Mounting Engine plugin AndroidFileServer
LogPluginManager: Mounting Engine plugin AndroidPermission
LogPluginManager: Mounting Engine plugin AppleImageUtils
LogPluginManager: Mounting Engine plugin AudioCapture
LogPluginManager: Mounting Engine plugin AppleMoviePlayer
LogPluginManager: Mounting Engine plugin ChunkDownloader
LogPluginManager: Mounting Engine plugin CableComponent
LogPluginManager: Mounting Engine plugin AudioWidgets
LogPluginManager: Mounting Engine plugin AssetTags
LogPluginManager: Mounting Engine plugin AudioSynesthesia
LogPluginManager: Mounting Engine plugin CustomMeshComponent
LogPluginManager: Mounting Engine plugin ArchVisCharacter
LogPluginManager: Mounting Engine plugin ExampleDeviceProfileSelector
LogPluginManager: Mounting Engine plugin GeometryProcessing
LogPluginManager: Mounting Engine plugin GeometryCache
LogPluginManager: Mounting Engine plugin GoogleCloudMessaging
LogPluginManager: Mounting Engine plugin GooglePAD
LogPluginManager: Mounting Engine plugin HairStrands
LogPluginManager: Mounting Engine plugin IOSDeviceProfileSelector
LogPluginManager: Mounting Engine plugin InputDebugging
LogPluginManager: Mounting Engine plugin LocationServicesBPLibrary
LogPluginManager: Mounting Engine plugin MeshModelingToolset
LogPluginManager: Mounting Engine plugin LinuxDeviceProfileSelector
LogPluginManager: Mounting Engine plugin Metasound
LogPluginManager: Mounting Engine plugin MobilePatchingUtils
LogPluginManager: Mounting Engine plugin ProceduralMeshComponent
LogPluginManager: Mounting Engine plugin PropertyAccessEditor
LogPluginManager: Mounting Engine plugin ResonanceAudio
LogPluginManager: Mounting Engine plugin SignificanceManager
LogPluginManager: Mounting Engine plugin SoundFields
LogPluginManager: Mounting Engine plugin WaveTable
LogPluginManager: Mounting Engine plugin Synthesis
LogPluginManager: Mounting Engine plugin WebMMoviePlayer
LogPluginManager: Mounting Engine plugin WindowsDeviceProfileSelector
LogPluginManager: Mounting Engine plugin WindowsMoviePlayer
LogPluginManager: Mounting Engine plugin AssetManagerEditor
LogPluginManager: Mounting Engine plugin BlueprintHeaderView
LogPluginManager: Mounting Engine plugin CryptoKeys
LogPluginManager: Mounting Engine plugin CurveEditorTools
LogPluginManager: Mounting Engine plugin EditorDebugTools
LogPluginManager: Mounting Engine plugin DataValidation
LogPluginManager: Mounting Engine plugin EditorScriptingUtilities
LogPluginManager: Mounting Engine plugin FacialAnimation
LogPluginManager: Mounting Engine plugin GameplayTagsEditor
LogPluginManager: Mounting Engine plugin GeometryMode
LogPluginManager: Mounting Engine plugin GLTFImporter
LogPluginManager: Mounting Engine plugin MacGraphicsSwitching
LogPluginManager: Mounting Engine plugin MaterialAnalyzer
LogPluginManager: Mounting Engine plugin MobileLauncherProfileWizard
LogPluginManager: Mounting Engine plugin PluginBrowser
LogPluginManager: Mounting Engine plugin SequencerAnimTools
LogPluginManager: Mounting Engine plugin SpeedTreeImporter
LogPluginManager: Mounting Engine plugin WorldPartitionHLODUtilities
LogPluginManager: Mounting Engine plugin InterchangeTests
LogPluginManager: Mounting Engine plugin AISupport
LogPluginManager: Mounting Engine plugin EnvironmentQueryEditor
LogPluginManager: Mounting Engine plugin ActorSequence
LogPluginManager: Mounting Engine plugin LevelSequenceEditor
LogPluginManager: Mounting Engine plugin MovieRenderPipeline
LogPluginManager: Mounting Engine plugin SequencerScripting
LogPluginManager: Mounting Engine plugin TemplateSequence
LogPluginManager: Mounting Engine plugin OnlineSubsystemGooglePlay
LogPluginManager: Mounting Engine plugin ARUtilities
LogPluginManager: Mounting Engine plugin OnlineSubsystemIOS
LogPluginManager: Mounting Engine plugin SQLiteCore
LogPluginManager: Mounting Engine plugin ConcertMain
LogPluginManager: Mounting Engine plugin LightMixer
LogPluginManager: Mounting Engine plugin ObjectMixer
LogPluginManager: Mounting Engine plugin ContentBrowserClassDataSource
LogPluginManager: Mounting Engine plugin ContentBrowserFileDataSource
LogPluginManager: Mounting Engine plugin ContentBrowserAssetDataSource
LogPluginManager: Mounting Engine plugin ConcertSyncClient
LogPluginManager: Mounting Engine plugin ConcertSyncCore
LogPluginManager: Mounting Engine plugin AppleARKit
LogPluginManager: Mounting Engine plugin AppleARKitFaceSupport
LogPackageName: Display: FPackageName: Mount point added: '../../Plugins/2D/Paper2D/Content/' mounted to '/Paper2D/'
LogPackageName: Display: FPackageName: Mount point added: '../../Plugins/Animation/ControlRig/Content/' mounted to '/ControlRig/'
LogPackageName: Display: FPackageName: Mount point added: '../../Plugins/Animation/IKRig/Content/' mounted to '/IKRig/'
LogPackageName: Display: FPackageName: Mount point added: '../../Plugins/Animation/ControlRigSpline/Content/' mounted to '/ControlRigSpline/'
LogPackageName: Display: FPackageName: Mount point added: '../../Plugins/Animation/RigLogic/Content/' mounted to '/RigLogic/'
LogPackageName: Display: FPackageName: Mount point added: '../../Plugins/FX/Niagara/Content/' mounted to '/Niagara/'
LogPackageName: Display: FPackageName: Mount point added: '../../Plugins/Developer/AnimationSharing/Content/' mounted to '/AnimationSharing/'
LogPackageName: Display: FPackageName: Mount point added: '../../Plugins/Interchange/Runtime/Content/' mounted to '/Interchange/'
LogPackageName: Display: FPackageName: Mount point added: '../../Plugins/VirtualProduction/Takes/Content/' mounted to '/Takes/'
LogPackageName: Display: FPackageName: Mount point added: '../../Plugins/Experimental/ChaosCaching/Content/' mounted to '/ChaosCaching/'
LogPackageName: Display: FPackageName: Mount point added: '../../Plugins/Experimental/ChaosClothEditor/Content/' mounted to '/ChaosClothEditor/'
LogPackageName: Display: FPackageName: Mount point added: '../../Plugins/Experimental/ChaosNiagara/Content/' mounted to '/ChaosNiagara/'
LogPackageName: Display: FPackageName: Mount point added: '../../Plugins/Experimental/ChaosSolverPlugin/Content/' mounted to '/ChaosSolverPlugin/'
LogPackageName: Display: FPackageName: Mount point added: '../../Plugins/Experimental/Dataflow/Content/' mounted to '/Dataflow/'
LogPackageName: Display: FPackageName: Mount point added: '../../Plugins/Experimental/FullBodyIK/Content/' mounted to '/FullBodyIK/'
LogPackageName: Display: FPackageName: Mount point added: '../../Plugins/Experimental/GeometryCollectionPlugin/Content/' mounted to '/GeometryCollectionPlugin/'
LogPackageName: Display: FPackageName: Mount point added: '../../Plugins/Experimental/MeshModelingToolsetExp/Content/' mounted to '/MeshModelingToolsetExp/'
LogPackageName: Display: FPackageName: Mount point added: '../../Plugins/Experimental/PythonScriptPlugin/Content/' mounted to '/PythonScriptPlugin/'
LogPackageName: Display: FPackageName: Mount point added: '../../Plugins/Experimental/UVEditor/Content/' mounted to '/UVEditor/'
LogPackageName: Display: FPackageName: Mount point added: '../../Plugins/Enterprise/DatasmithContent/Content/' mounted to '/DatasmithContent/'
LogPackageName: Display: FPackageName: Mount point added: '../../Plugins/Enterprise/GLTFExporter/Content/' mounted to '/GLTFExporter/'
LogPackageName: Display: FPackageName: Mount point added: '../../Plugins/Media/MediaCompositing/Content/' mounted to '/MediaCompositing/'
LogPackageName: Display: FPackageName: Mount point added: '../../Plugins/Media/MediaPlate/Content/' mounted to '/MediaPlate/'
LogPackageName: Display: FPackageName: Mount point added: '../../Plugins/Compositing/OpenColorIO/Content/' mounted to '/OpenColorIO/'
LogPackageName: Display: FPackageName: Mount point added: '../../Plugins/Runtime/AudioWidgets/Content/' mounted to '/AudioWidgets/'
LogPackageName: Display: FPackageName: Mount point added: '../../Plugins/Runtime/AudioSynesthesia/Content/' mounted to '/AudioSynesthesia/'
LogPackageName: Display: FPackageName: Mount point added: '../../Plugins/Runtime/GeometryProcessing/Content/' mounted to '/GeometryProcessing/'
LogPackageName: Display: FPackageName: Mount point added: '../../Plugins/Runtime/HairStrands/Content/' mounted to '/HairStrands/'
LogPackageName: Display: FPackageName: Mount point added: '../../Plugins/Runtime/MeshModelingToolset/Content/' mounted to '/MeshModelingToolset/'
LogPackageName: Display: FPackageName: Mount point added: '../../Plugins/Runtime/Metasound/Content/' mounted to '/Metasound/'
LogPackageName: Display: FPackageName: Mount point added: '../../Plugins/Runtime/ResonanceAudio/Content/' mounted to '/ResonanceAudio/'
LogPackageName: Display: FPackageName: Mount point added: '../../Plugins/Runtime/WaveTable/Content/' mounted to '/WaveTable/'
LogPackageName: Display: FPackageName: Mount point added: '../../Plugins/Runtime/Synthesis/Content/' mounted to '/Synthesis/'
LogPackageName: Display: FPackageName: Mount point added: '../../Plugins/Editor/BlueprintHeaderView/Content/' mounted to '/BlueprintHeaderView/'
LogPackageName: Display: FPackageName: Mount point added: '../../Plugins/Editor/GeometryMode/Content/' mounted to '/GeometryMode/'
LogPackageName: Display: FPackageName: Mount point added: '../../Plugins/Editor/GLTFImporter/Content/' mounted to '/GLTFImporter/'
LogPackageName: Display: FPackageName: Mount point added: '../../Plugins/Editor/SpeedTreeImporter/Content/' mounted to '/SpeedTreeImporter/'
LogPackageName: Display: FPackageName: Mount point added: '../../Plugins/MovieScene/MovieRenderPipeline/Content/' mounted to '/MovieRenderPipeline/'
LogPackageName: Display: FPackageName: Mount point added: '../../Plugins/MovieScene/SequencerScripting/Content/' mounted to '/SequencerScripting/'
LogPackageName: Display: FPackageName: Mount point added: '../../Plugins/Runtime/AR/ARUtilities/Content/' mounted to '/ARUtilities/'
LogPackageName: Display: FPackageName: Mount point added: '../../Plugins/Editor/ObjectMixer/LightMixer/Content/' mounted to '/LightMixer/'
LogPackageName: Display: FPackageName: Mount point added: '../../Plugins/Editor/ObjectMixer/ObjectMixer/Content/' mounted to '/ObjectMixer/'
LogPackageName: Display: FPackageName: Mount point added: '../../Plugins/Developer/Concert/ConcertSync/ConcertSyncClient/Content/' mounted to '/ConcertSyncClient/'
LogPackageName: Display: FPackageName: Mount point added: '../../Plugins/Runtime/AR/AppleAR/AppleARKit/Content/' mounted to '/AppleARKit/'
LogPackageName: Display: FPackageName: Mount point added: '../../Plugins/Runtime/AR/AppleAR/AppleARKitFaceSupport/Content/' mounted to '/AppleARKitFaceSupport/'
SourceControl: Source control is disabled
SourceControl: Source control is disabled
LogInit: Using libcurl 7.83.1
LogInit:  - built for Windows
LogInit:  - supports SSL with OpenSSL/1.1.1n
LogInit:  - supports HTTP deflate (compression) using libz 1.2.12
LogInit:  - other features:
LogInit:      CURL_VERSION_SSL
LogInit:      CURL_VERSION_LIBZ
LogInit:      CURL_VERSION_IPV6
LogInit:      CURL_VERSION_ASYNCHDNS
LogInit:      CURL_VERSION_LARGEFILE
LogInit:  CurlRequestOptions (configurable via config and command line):
LogInit:  - bVerifyPeer = true  - Libcurl will verify peer certificate
LogInit:  - bUseHttpProxy = true  - Libcurl will use HTTP proxy
LogInit:  - HttpProxyAddress = '127.0.0.1:3213'
LogInit:  - bDontReuseConnections = false  - Libcurl will reuse connections
LogInit:  - MaxHostConnections = 16  - Libcurl will limit the number of connections to a host
LogInit:  - LocalHostAddr = Default
LogInit:  - BufferSize = 65536
LogInit: WinSock: version 1.1 (2.2), MaxSocks=32767, MaxUdp=65467
LogOnline: OSS: Created online subsystem instance for: NULL
LogOnline: OSS: TryLoadSubsystemAndSetDefault: Loaded subsystem for module [NULL]
PixWinPlugin: PIX capture plugin failed to initialize! Check that the process is launched from PIX.
LogInit: Build: ++UE5+Release-5.1-CL-23058290
LogInit: Engine Version: 5.1.0-23058290+++UE5+Release-5.1
LogInit: Compatible Engine Version: 5.1.0-23058290+++UE5+Release-5.1
LogInit: Net CL: 23058290
LogInit: OS: Windows 10 (21H2) [10.0.19044.2364] (), CPU: 11th Gen Intel(R) Core(TM) i7-11800H @ 2.30GHz, GPU: NVIDIA GeForce RTX 3060 Laptop GPU
LogInit: Compiled (64-bit): Nov  9 2022 18:31:23
LogInit: Compiled with Visual C++: 19.29.30146.00
LogInit: Build Configuration: Development
LogInit: Branch Name: ++UE5+Release-5.1
LogInit: Command Line:  -EpicPortal -epicusername="Edward Liao Bei" -epicuserid=3dfbb2d892834d218122fa8a36552af0 -epiclocale=en -epicsandboxid=ue
LogInit: Base Directory: C:/Program Files/Epic Games/UE_5.1/Engine/Binaries/Win64/
LogInit: Allocator: Mimalloc
LogInit: Installed Engine Build: 1
LogDevObjectVersion: Number of dev versions registered: 35
LogDevObjectVersion:   Dev-Blueprints (B0D832E4-1F89-4F0D-ACCF-7EB736FD4AA2): 10
LogDevObjectVersion:   Dev-Build (E1C64328-A22C-4D53-A36C-8E866417BD8C): 0
LogDevObjectVersion:   Dev-Core (375EC13C-06E4-48FB-B500-84F0262A717E): 4
LogDevObjectVersion:   Dev-Editor (E4B068ED-F494-42E9-A231-DA0B2E46BB41): 40
LogDevObjectVersion:   Dev-Framework (CFFC743F-43B0-4480-9391-14DF171D2073): 37
LogDevObjectVersion:   Dev-Mobile (B02B49B5-BB20-44E9-A304-32B752E40360): 3
LogDevObjectVersion:   Dev-Networking (A4E4105C-59A1-49B5-A7C5-40C4547EDFEE): 0
LogDevObjectVersion:   Dev-Online (39C831C9-5AE6-47DC-9A44-9C173E1C8E7C): 0
LogDevObjectVersion:   Dev-Physics (78F01B33-EBEA-4F98-B9B4-84EACCB95AA2): 20
LogDevObjectVersion:   Dev-Platform (6631380F-2D4D-43E0-8009-CF276956A95A): 0
LogDevObjectVersion:   Dev-Rendering (12F88B9F-8875-4AFC-A67C-D90C383ABD29): 45
LogDevObjectVersion:   Dev-Sequencer (7B5AE74C-D270-4C10-A958-57980B212A5A): 13
LogDevObjectVersion:   Dev-VR (D7296918-1DD6-4BDD-9DE2-64A83CC13884): 3
LogDevObjectVersion:   Dev-LoadTimes (C2A15278-BFE7-4AFE-6C17-90FF531DF755): 1
LogDevObjectVersion:   Private-Geometry (6EACA3D4-40EC-4CC1-B786-8BED09428FC5): 3
LogDevObjectVersion:   Dev-AnimPhys (29E575DD-E0A3-4627-9D10-D276232CDCEA): 17
LogDevObjectVersion:   Dev-Anim (AF43A65D-7FD3-4947-9873-3E8ED9C1BB05): 15
LogDevObjectVersion:   Dev-ReflectionCapture (6B266CEC-1EC7-4B8F-A30B-E4D90942FC07): 1
LogDevObjectVersion:   Dev-Automation (0DF73D61-A23F-47EA-B727-89E90C41499A): 1
LogDevObjectVersion:   FortniteMain (601D1886-AC64-4F84-AA16-D3DE0DEAC7D6): 80
LogDevObjectVersion:   FortniteNC (5B4C06B7-2463-4AF8-805B-BF70CDF5D0DD): 10
LogDevObjectVersion:   FortniteRelease (E7086368-6B23-4C58-8439-1B7016265E91): 4
LogDevObjectVersion:   Dev-Enterprise (9DFFBCD6-494F-0158-E221-12823C92A888): 10
LogDevObjectVersion:   Dev-Niagara (F2AED0AC-9AFE-416F-8664-AA7FFA26D6FC): 1
LogDevObjectVersion:   Dev-Destruction (174F1F0B-B4C6-45A5-B13F-2EE8D0FB917D): 10
LogDevObjectVersion:   Dev-Physics-Ext (35F94A83-E258-406C-A318-09F59610247C): 41
LogDevObjectVersion:   Dev-PhysicsMaterial-Chaos (B68FC16E-8B1B-42E2-B453-215C058844FE): 1
LogDevObjectVersion:   Dev-CineCamera (B2E18506-4273-CFC2-A54E-F4BB758BBA07): 1
LogDevObjectVersion:   Dev-VirtualProduction (64F58936-FD1B-42BA-BA96-7289D5D0FA4E): 1
LogDevObjectVersion:   UE5-Main (697DD581-E64F-41AB-AA4A-51ECBEB7B628): 88
LogDevObjectVersion:   UE5-Release (D89B5E42-24BD-4D46-8412-ACA8DF641779): 41
LogDevObjectVersion:   UE5-PrivateFrosty (59DA5D52-1232-4948-B878-597870B8E98B): 8
LogDevObjectVersion:   UE5-Dev-Cooker (26075A32-730F-4708-88E9-8C32F1599D05): 0
LogDevObjectVersion:   Dev-MediaFramework (6F0ED827-A609-4895-9C91-998D90180EA4): 2
LogDevObjectVersion:   UE5-Dev-LWCRendering (30D58BE3-95EA-4282-A6E3-B159D8EBB06A): 1
LogInit: Presizing for max 25165824 objects, including 0 objects not considered by GC, pre-allocating 0 bytes for permanent pool.
LogInit: Object subsystem initialized
LogConfig: Set CVar [[con.DebugEarlyDefault:1]]
[2022.12.26-14.22.51:512][  0]LogConfig: CVar [[con.DebugLateDefault:1]] deferred - dummy variable created
[2022.12.26-14.22.51:512][  0]LogConfig: CVar [[con.DebugLateCheat:1]] deferred - dummy variable created
[2022.12.26-14.22.51:512][  0]LogConfig: CVar [[LogNamedEventFilters:Frame *]] deferred - dummy variable created
[2022.12.26-14.22.51:512][  0]LogConfig: Set CVar [[Editor.AsyncSkinnedAssetCompilation:0]]
[2022.12.26-14.22.51:512][  0]LogConfig: Set CVar [[r.setres:1280x720]]
[2022.12.26-14.22.51:512][  0]LogConfig: CVar [[framepro.ScopeMinTimeMicroseconds:10]] deferred - dummy variable created
[2022.12.26-14.22.51:512][  0]LogConfig: Set CVar [[fx.NiagaraAllowRuntimeScalabilityChanges:1]]
[2022.12.26-14.22.51:512][  0]LogConfig: CVar [[QualityLevelMapping:high]] deferred - dummy variable created
[2022.12.26-14.22.51:513][  0]LogConfig: Set CVar [[r.Occlusion.SingleRHIThreadStall:1]]
[2022.12.26-14.22.51:513][  0]LogConfig: Set CVar [[r.Shadow.DetectVertexShaderLayerAtRuntime:1]]
[2022.12.26-14.22.51:513][  0]LogConfig: Set CVar [[r.VSync:0]]
[2022.12.26-14.22.51:513][  0]LogConfig: Set CVar [[r.RHICmdBypass:0]]
[2022.12.26-14.22.51:513][  0]LogConfig: Applying CVar settings from Section [/Script/Engine.RendererSettings] File [Engine]
[2022.12.26-14.22.51:513][  0]LogConfig: CVar [[VisualizeCalibrationColorMaterialPath:/Engine/EngineMaterials/PPM_DefaultCalibrationColor.PPM_DefaultCalibrationColor]] deferred - dummy variable created
[2022.12.26-14.22.51:513][  0]LogConfig: CVar [[VisualizeCalibrationGrayscaleMaterialPath:/Engine/EngineMaterials/PPM_DefaultCalibrationGrayscale.PPM_DefaultCalibrationGrayscale]] deferred - dummy variable created
[2022.12.26-14.22.51:513][  0]LogConfig: Set CVar [[r.GPUCrashDebugging:0]]
[2022.12.26-14.22.51:513][  0]LogConfig: CVar [[MaxSkinBones:(Default=65536,PerPlatform=(("Mobile", 256)))]] deferred - dummy variable created
[2022.12.26-14.22.51:513][  0]LogConfig: Set CVar [[r.GPUSkin.Support16BitBoneIndex:1]]
[2022.12.26-14.22.51:513][  0]LogConfig: Set CVar [[r.GPUSkin.UnlimitedBoneInfluences:1]]
[2022.12.26-14.22.51:513][  0]LogConfig: CVar [[SkeletalMesh.UseExperimentalChunking:1]] deferred - dummy variable created
[2022.12.26-14.22.51:513][  0]LogConfig: Set CVar [[r.SkinCache.CompileShaders:1]]
[2022.12.26-14.22.51:513][  0]LogConfig: CVar [[r.SkinCache.BlendUsingVertexColorForRecomputeTangents:2]] deferred - dummy variable created
[2022.12.26-14.22.51:513][  0]LogConfig: Set CVar [[r.SkinCache.DefaultBehavior:0]]
[2022.12.26-14.22.51:513][  0]LogConfig: Set CVar [[r.DefaultFeature.AutoExposure.ExtendDefaultLuminanceRange:0]]
[2022.12.26-14.22.51:513][  0]LogConfig: Set CVar [[r.RayTracing:1]]
[2022.12.26-14.22.51:513][  0]LogConfig: CVar [[r.Mobile.EnableMovableSpotlights:1]] deferred - dummy variable created
[2022.12.26-14.22.51:513][  0]LogConfig: Set CVar [[r.Mobile.EnableMovableSpotlightsShadow:1]]
[2022.12.26-14.22.51:513][  0]LogConfig: Set CVar [[r.HairStrands.Voxelization.DensityScale:1]]
[2022.12.26-14.22.51:513][  0]LogConfig: Set CVar [[r.Lumen.HardwareRayTracing:1]]
[2022.12.26-14.22.51:514][  0]LogConfig: Set CVar [[r.RayTracing.Shadows:0]]
[2022.12.26-14.22.51:514][  0]LogConfig: Set CVar [[r.HairStrands.Voxelization.Virtual.VoxelPageCountPerDim:4]]
[2022.12.26-14.22.51:514][  0]LogConfig: Applying CVar settings from Section [/Script/Engine.RendererOverrideSettings] File [Engine]
[2022.12.26-14.22.51:514][  0]LogConfig: Applying CVar settings from Section [/Script/Engine.StreamingSettings] File [Engine]
[2022.12.26-14.22.51:514][  0]LogConfig: Set CVar [[s.MinBulkDataSizeForAsyncLoading:131072]]
[2022.12.26-14.22.51:514][  0]LogConfig: Set CVar [[s.AsyncLoadingThreadEnabled:1]]
[2022.12.26-14.22.51:514][  0]LogConfig: Set CVar [[s.EventDrivenLoaderEnabled:1]]
[2022.12.26-14.22.51:514][  0]LogConfig: Set CVar [[s.WarnIfTimeLimitExceeded:0]]
[2022.12.26-14.22.51:514][  0]LogConfig: Set CVar [[s.TimeLimitExceededMultiplier:1.5]]
[2022.12.26-14.22.51:514][  0]LogConfig: Set CVar [[s.TimeLimitExceededMinTime:0.005]]
[2022.12.26-14.22.51:514][  0]LogConfig: Set CVar [[s.UseBackgroundLevelStreaming:1]]
[2022.12.26-14.22.51:514][  0]LogConfig: Set CVar [[s.PriorityAsyncLoadingExtraTime:15.0]]
[2022.12.26-14.22.51:514][  0]LogConfig: Set CVar [[s.LevelStreamingActorsUpdateTimeLimit:5.0]]
[2022.12.26-14.22.51:514][  0]LogConfig: Set CVar [[s.PriorityLevelStreamingActorsUpdateExtraTime:5.0]]
[2022.12.26-14.22.51:514][  0]LogConfig: Set CVar [[s.LevelStreamingComponentsRegistrationGranularity:10]]
[2022.12.26-14.22.51:514][  0]LogConfig: Set CVar [[s.UnregisterComponentsTimeLimit:1.0]]
[2022.12.26-14.22.51:514][  0]LogConfig: Set CVar [[s.LevelStreamingComponentsUnregistrationGranularity:5]]
[2022.12.26-14.22.51:514][  0]LogConfig: CVar [[s.MaxPackageSummarySize:16384]] deferred - dummy variable created
[2022.12.26-14.22.51:514][  0]LogConfig: Set CVar [[s.FlushStreamingOnExit:1]]
[2022.12.26-14.22.51:514][  0]LogConfig: CVar [[FixedBootOrder:/Script/Engine/Default__SoundBase]] deferred - dummy variable created
[2022.12.26-14.22.51:514][  0]LogConfig: CVar [[FixedBootOrder:/Script/Engine/Default__MaterialInterface]] deferred - dummy variable created
[2022.12.26-14.22.51:514][  0]LogConfig: CVar [[FixedBootOrder:/Script/Engine/Default__DeviceProfileManager]] deferred - dummy variable created
[2022.12.26-14.22.51:514][  0]LogConfig: Applying CVar settings from Section [/Script/Engine.GarbageCollectionSettings] File [Engine]
[2022.12.26-14.22.51:514][  0]LogConfig: Set CVar [[gc.MaxObjectsNotConsideredByGC:1]]
[2022.12.26-14.22.51:514][  0]LogConfig: Set CVar [[gc.SizeOfPermanentObjectPool:0]]
[2022.12.26-14.22.51:514][  0]LogConfig: Set CVar [[gc.FlushStreamingOnGC:0]]
[2022.12.26-14.22.51:514][  0]LogConfig: Set CVar [[gc.NumRetriesBeforeForcingGC:10]]
[2022.12.26-14.22.51:515][  0]LogConfig: Set CVar [[gc.AllowParallelGC:1]]
[2022.12.26-14.22.51:515][  0]LogConfig: Set CVar [[gc.TimeBetweenPurgingPendingKillObjects:61.1]]
[2022.12.26-14.22.51:515][  0]LogConfig: Set CVar [[gc.MaxObjectsInEditor:25165824]]
[2022.12.26-14.22.51:515][  0]LogConfig: Set CVar [[gc.IncrementalBeginDestroyEnabled:1]]
[2022.12.26-14.22.51:515][  0]LogConfig: Set CVar [[gc.CreateGCClusters:1]]
[2022.12.26-14.22.51:515][  0]LogConfig: Set CVar [[gc.MinGCClusterSize:5]]
[2022.12.26-14.22.51:515][  0]LogConfig: Set CVar [[gc.AssetClustreringEnabled:0]]
[2022.12.26-14.22.51:515][  0]LogConfig: Set CVar [[gc.ActorClusteringEnabled:0]]
[2022.12.26-14.22.51:515][  0]LogConfig: Set CVar [[gc.BlueprintClusteringEnabled:0]]
[2022.12.26-14.22.51:515][  0]LogConfig: Set CVar [[gc.UseDisregardForGCOnDedicatedServers:0]]
[2022.12.26-14.22.51:515][  0]LogConfig: Set CVar [[gc.MultithreadedDestructionEnabled:1]]
[2022.12.26-14.22.51:515][  0]LogConfig: Set CVar [[gc.VerifyGCObjectNames:1]]
[2022.12.26-14.22.51:515][  0]LogConfig: Set CVar [[gc.VerifyUObjectsAreNotFGCObjects:0]]
[2022.12.26-14.22.51:515][  0]LogConfig: Set CVar [[gc.PendingKillEnabled:1]]
[2022.12.26-14.22.51:516][  0]LogConfig: Applying CVar settings from Section [/Script/Engine.NetworkSettings] File [Engine]
[2022.12.26-14.22.51:516][  0]LogConfig: CVar [[NetworkEmulationProfiles:(ProfileName="Average",ToolTip="Simulates average internet conditions")]] deferred - dummy variable created
[2022.12.26-14.22.51:516][  0]LogConfig: CVar [[NetworkEmulationProfiles:(ProfileName="Bad",ToolTip="Simulates laggy internet conditions")]] deferred - dummy variable created
[2022.12.26-14.22.51:516][  0]LogConfig: Applying CVar settings from Section [/Script/UnrealEd.CookerSettings] File [Engine]
[2022.12.26-14.22.51:516][  0]LogConfig: CVar [[DefaultPVRTCQuality:1]] deferred - dummy variable created
[2022.12.26-14.22.51:516][  0]LogConfig: CVar [[DefaultASTCQualityBySpeed:1]] deferred - dummy variable created
[2022.12.26-14.22.51:516][  0]LogConfig: CVar [[DefaultASTCQualityBySize:3]] deferred - dummy variable created
[2022.12.26-14.22.51:516][  0]LogConfig: CVar [[ClassesExcludedOnDedicatedServer:WidgetBlueprint]] deferred - dummy variable created
[2022.12.26-14.22.51:516][  0]LogConfig: CVar [[ClassesExcludedOnDedicatedServer:GroupActor]] deferred - dummy variable created
[2022.12.26-14.22.51:516][  0]LogConfig: CVar [[ClassesExcludedOnDedicatedServer:MetaData]] deferred - dummy variable created
[2022.12.26-14.22.51:516][  0]LogConfig: CVar [[ClassesExcludedOnDedicatedServer:ObjectRedirector]] deferred - dummy variable created
[2022.12.26-14.22.51:516][  0]LogConfig: CVar [[ClassesExcludedOnDedicatedServer:NavMeshRenderingComponent]] deferred - dummy variable created
[2022.12.26-14.22.51:516][  0]LogConfig: CVar [[ClassesExcludedOnDedicatedServer:ReflectionCaptureComponent]] deferred - dummy variable created
[2022.12.26-14.22.51:516][  0]LogConfig: CVar [[ClassesExcludedOnDedicatedServer:TextRenderComponent]] deferred - dummy variable created
[2022.12.26-14.22.51:516][  0]LogConfig: CVar [[ClassesExcludedOnDedicatedServer:Font]] deferred - dummy variable created
[2022.12.26-14.22.51:516][  0]LogConfig: CVar [[ClassesExcludedOnDedicatedServer:InterpCurveEdSetup]] deferred - dummy variable created
[2022.12.26-14.22.51:516][  0]LogConfig: CVar [[ClassesExcludedOnDedicatedServer:MaterialExpression]] deferred - dummy variable created
[2022.12.26-14.22.51:516][  0]LogConfig: CVar [[ClassesExcludedOnDedicatedServer:NiagaraEmitter]] deferred - dummy variable created
[2022.12.26-14.22.51:517][  0]LogConfig: CVar [[ClassesExcludedOnDedicatedServer:NiagaraScript]] deferred - dummy variable created
[2022.12.26-14.22.51:517][  0]LogConfig: CVar [[ClassesExcludedOnDedicatedServer:ParticleEmitter]] deferred - dummy variable created
[2022.12.26-14.22.51:517][  0]LogConfig: CVar [[ClassesExcludedOnDedicatedServer:ParticleLODLevel]] deferred - dummy variable created
[2022.12.26-14.22.51:517][  0]LogConfig: CVar [[ClassesExcludedOnDedicatedServer:ParticleModule]] deferred - dummy variable created
[2022.12.26-14.22.51:517][  0]LogConfig: CVar [[ClassesExcludedOnDedicatedServer:SubUVAnimation]] deferred - dummy variable created
[2022.12.26-14.22.51:517][  0]LogConfig: CVar [[ClassesExcludedOnDedicatedServer:SoundNode]] deferred - dummy variable created
[2022.12.26-14.22.51:517][  0]LogConfig: CVar [[ClassesExcludedOnDedicatedServer:GameplayEffectUIData]] deferred - dummy variable created
[2022.12.26-14.22.51:517][  0]LogConfig: CVar [[ClassesExcludedOnDedicatedClient:WidgetBlueprint]] deferred - dummy variable created
[2022.12.26-14.22.51:517][  0]LogConfig: CVar [[ClassesExcludedOnDedicatedClient:GroupActor]] deferred - dummy variable created
[2022.12.26-14.22.51:517][  0]LogConfig: CVar [[ClassesExcludedOnDedicatedClient:MetaData]] deferred - dummy variable created
[2022.12.26-14.22.51:517][  0]LogConfig: CVar [[ClassesExcludedOnDedicatedClient:ObjectRedirector]] deferred - dummy variable created
[2022.12.26-14.22.51:517][  0]LogConfig: CVar [[ClassesExcludedOnDedicatedClient:InterpCurveEdSetup]] deferred - dummy variable created
[2022.12.26-14.22.51:517][  0]LogConfig: CVar [[VersionedIntRValues:r.AllowStaticLighting]] deferred - dummy variable created
[2022.12.26-14.22.51:517][  0]LogConfig: CVar [[VersionedIntRValues:r.GBuffer]] deferred - dummy variable created
[2022.12.26-14.22.51:517][  0]LogConfig: CVar [[VersionedIntRValues:r.VelocityOutputPass]] deferred - dummy variable created
[2022.12.26-14.22.51:517][  0]LogConfig: CVar [[VersionedIntRValues:r.SelectiveBasePassOutputs]] deferred - dummy variable created
[2022.12.26-14.22.51:517][  0]LogConfig: CVar [[VersionedIntRValues:r.DBuffer]] deferred - dummy variable created
[2022.12.26-14.22.51:517][  0]LogConfig: CVar [[VersionedIntRValues:r.Shaders.Symbols]] deferred - dummy variable created
[2022.12.26-14.22.51:517][  0]LogConfig: CVar [[VersionedIntRValues:r.Shaders.GenerateSymbols]] deferred - dummy variable created
[2022.12.26-14.22.51:518][  0]LogConfig: CVar [[VersionedIntRValues:r.Shaders.WriteSymbols]] deferred - dummy variable created
[2022.12.26-14.22.51:518][  0]LogConfig: CVar [[VersionedIntRValues:r.Shaders.AllowUniqueSymbols]] deferred - dummy variable created
[2022.12.26-14.22.51:518][  0]LogConfig: CVar [[VersionedIntRValues:r.Shaders.ExtraData]] deferred - dummy variable created
[2022.12.26-14.22.51:518][  0]LogConfig: CVar [[VersionedIntRValues:r.Shaders.Optimize]] deferred - dummy variable created
[2022.12.26-14.22.51:518][  0]LogConfig: CVar [[VersionedIntRValues:r.CompileShadersForDevelopment]] deferred - dummy variable created
[2022.12.26-14.22.51:518][  0]LogConfig: CVar [[VersionedIntRValues:r.MobileHDR]] deferred - dummy variable created
[2022.12.26-14.22.51:518][  0]LogConfig: CVar [[VersionedIntRValues:r.UsePreExposure]] deferred - dummy variable created
[2022.12.26-14.22.51:518][  0]LogConfig: Applying CVar settings from Section [ViewDistanceQuality@3] File [Scalability]
[2022.12.26-14.22.51:518][  0]LogConfig: Set CVar [[r.SkeletalMeshLODBias:0]]
[2022.12.26-14.22.51:518][  0]LogConfig: Set CVar [[r.ViewDistanceScale:1.0]]
[2022.12.26-14.22.51:518][  0]LogConfig: Applying CVar settings from Section [AntiAliasingQuality@3] File [Scalability]
[2022.12.26-14.22.51:518][  0]LogConfig: Set CVar [[r.FXAA.Quality:4]]
[2022.12.26-14.22.51:518][  0]LogConfig: Set CVar [[r.TemporalAA.Quality:2]]
[2022.12.26-14.22.51:518][  0]LogConfig: Set CVar [[r.TSR.History.R11G11B10:1]]
[2022.12.26-14.22.51:518][  0]LogConfig: Set CVar [[r.TSR.History.ScreenPercentage:100]]
[2022.12.26-14.22.51:518][  0]LogConfig: Set CVar [[r.TSR.History.UpdateQuality:3]]
[2022.12.26-14.22.51:518][  0]LogConfig: Set CVar [[r.TSR.ShadingRejection.SpatialFilter:2]]
[2022.12.26-14.22.51:518][  0]LogConfig: Set CVar [[r.TSR.ShadingRejection.Flickering:1]]
[2022.12.26-14.22.51:518][  0]LogConfig: Set CVar [[r.TSR.Velocity.Extrapolation:1]]
[2022.12.26-14.22.51:519][  0]LogConfig: CVar [[r.TSR.Velocity.HoleFill:1]] deferred - dummy variable created
[2022.12.26-14.22.51:519][  0]LogConfig: Set CVar [[r.TSR.RejectionAntiAliasingQuality:2]]
[2022.12.26-14.22.51:519][  0]LogConfig: Applying CVar settings from Section [ShadowQuality@3] File [Scalability]
[2022.12.26-14.22.51:519][  0]LogConfig: Set CVar [[r.LightFunctionQuality:1]]
[2022.12.26-14.22.51:519][  0]LogConfig: Set CVar [[r.ShadowQuality:5]]
[2022.12.26-14.22.51:519][  0]LogConfig: Set CVar [[r.Shadow.CSM.MaxCascades:10]]
[2022.12.26-14.22.51:519][  0]LogConfig: Set CVar [[r.Shadow.MaxResolution:2048]]
[2022.12.26-14.22.51:519][  0]LogConfig: Set CVar [[r.Shadow.MaxCSMResolution:2048]]
[2022.12.26-14.22.51:519][  0]LogConfig: Set CVar [[r.Shadow.RadiusThreshold:0.01]]
[2022.12.26-14.22.51:519][  0]LogConfig: Set CVar [[r.Shadow.DistanceScale:1.0]]
[2022.12.26-14.22.51:519][  0]LogConfig: Set CVar [[r.Shadow.CSM.TransitionScale:1.0]]
[2022.12.26-14.22.51:519][  0]LogConfig: Set CVar [[r.Shadow.PreShadowResolutionFactor:1.0]]
[2022.12.26-14.22.51:519][  0]LogConfig: Set CVar [[r.DistanceFieldShadowing:1]]
[2022.12.26-14.22.51:519][  0]LogConfig: Set CVar [[r.DistanceFieldAO:1]]
[2022.12.26-14.22.51:519][  0]LogConfig: Set CVar [[r.AOQuality:2]]
[2022.12.26-14.22.51:519][  0]LogConfig: Set CVar [[r.VolumetricFog:1]]
[2022.12.26-14.22.51:519][  0]LogConfig: Set CVar [[r.VolumetricFog.GridPixelSize:8]]
[2022.12.26-14.22.51:519][  0]LogConfig: Set CVar [[r.VolumetricFog.GridSizeZ:128]]
[2022.12.26-14.22.51:519][  0]LogConfig: Set CVar [[r.VolumetricFog.HistoryMissSupersampleCount:4]]
[2022.12.26-14.22.51:520][  0]LogConfig: Set CVar [[r.LightMaxDrawDistanceScale:1]]
[2022.12.26-14.22.51:520][  0]LogConfig: Set CVar [[r.CapsuleShadows:1]]
[2022.12.26-14.22.51:520][  0]LogConfig: Set CVar [[r.Shadow.Virtual.MaxPhysicalPages:4096]]
[2022.12.26-14.22.51:520][  0]LogConfig: Set CVar [[r.Shadow.Virtual.ResolutionLodBiasDirectional:-1.5]]
[2022.12.26-14.22.51:520][  0]LogConfig: Set CVar [[r.Shadow.Virtual.ResolutionLodBiasLocal:0.0]]
[2022.12.26-14.22.51:520][  0]LogConfig: Set CVar [[r.Shadow.Virtual.SMRT.RayCountDirectional:8]]
[2022.12.26-14.22.51:520][  0]LogConfig: Set CVar [[r.Shadow.Virtual.SMRT.SamplesPerRayDirectional:4]]
[2022.12.26-14.22.51:520][  0]LogConfig: Set CVar [[r.Shadow.Virtual.SMRT.RayCountLocal:8]]
[2022.12.26-14.22.51:520][  0]LogConfig: Set CVar [[r.Shadow.Virtual.SMRT.SamplesPerRayLocal:4]]
[2022.12.26-14.22.51:521][  0]LogConfig: Applying CVar settings from Section [GlobalIlluminationQuality@3] File [Scalability]
[2022.12.26-14.22.51:521][  0]LogConfig: Set CVar [[r.Lumen.DiffuseIndirect.Allow:1]]
[2022.12.26-14.22.51:521][  0]LogConfig: Set CVar [[r.LumenScene.Radiosity.ProbeSpacing:4]]
[2022.12.26-14.22.51:521][  0]LogConfig: Set CVar [[r.LumenScene.Radiosity.HemisphereProbeResolution:4]]
[2022.12.26-14.22.51:521][  0]LogConfig: Set CVar [[r.Lumen.TraceMeshSDFs.Allow:1]]
[2022.12.26-14.22.51:521][  0]LogConfig: Set CVar [[r.Lumen.ScreenProbeGather.RadianceCache.ProbeResolution:32]]
[2022.12.26-14.22.51:521][  0]LogConfig: Set CVar [[r.Lumen.ScreenProbeGather.RadianceCache.NumProbesToTraceBudget:300]]
[2022.12.26-14.22.51:521][  0]LogConfig: Set CVar [[r.Lumen.ScreenProbeGather.ScreenSpaceBentNormal:1]]
[2022.12.26-14.22.51:521][  0]LogConfig: Set CVar [[r.Lumen.ScreenProbeGather.DownsampleFactor:16]]
[2022.12.26-14.22.51:521][  0]LogConfig: Set CVar [[r.Lumen.ScreenProbeGather.TracingOctahedronResolution:8]]
[2022.12.26-14.22.51:522][  0]LogConfig: Set CVar [[r.Lumen.ScreenProbeGather.IrradianceFormat:0]]
[2022.12.26-14.22.51:522][  0]LogConfig: Set CVar [[r.Lumen.ScreenProbeGather.StochasticInterpolation:0]]
[2022.12.26-14.22.51:522][  0]LogConfig: Set CVar [[r.Lumen.ScreenProbeGather.FullResolutionJitterWidth:1]]
[2022.12.26-14.22.51:522][  0]LogConfig: Set CVar [[r.Lumen.ScreenProbeGather.TwoSidedFoliageBackfaceDiffuse:1]]
[2022.12.26-14.22.51:522][  0]LogConfig: Set CVar [[r.Lumen.TranslucencyVolume.GridPixelSize:32]]
[2022.12.26-14.22.51:522][  0]LogConfig: Set CVar [[r.Lumen.TranslucencyVolume.TraceFromVolume:1]]
[2022.12.26-14.22.51:522][  0]LogConfig: Set CVar [[r.Lumen.TranslucencyVolume.TracingOctahedronResolution:3]]
[2022.12.26-14.22.51:522][  0]LogConfig: Set CVar [[r.Lumen.TranslucencyVolume.RadianceCache.ProbeResolution:8]]
[2022.12.26-14.22.51:522][  0]LogConfig: Set CVar [[r.Lumen.TranslucencyVolume.RadianceCache.NumProbesToTraceBudget:200]]
[2022.12.26-14.22.51:522][  0]LogConfig: Set CVar [[r.LumenScene.SurfaceCache.CardCaptureRefreshFraction:0.125]]
[2022.12.26-14.22.51:522][  0]LogConfig: Applying CVar settings from Section [ReflectionQuality@3] File [Scalability]
[2022.12.26-14.22.51:522][  0]LogConfig: Set CVar [[r.Lumen.Reflections.Allow:1]]
[2022.12.26-14.22.51:522][  0]LogConfig: Set CVar [[r.Lumen.Reflections.DownsampleFactor:1]]
[2022.12.26-14.22.51:522][  0]LogConfig: Set CVar [[r.Lumen.TranslucencyReflections.FrontLayer.Allow:1]]
[2022.12.26-14.22.51:522][  0]LogConfig: Set CVar [[r.Lumen.TranslucencyReflections.FrontLayer.Enable:0]]
[2022.12.26-14.22.51:522][  0]LogConfig: Applying CVar settings from Section [PostProcessQuality@3] File [Scalability]
[2022.12.26-14.22.51:522][  0]LogConfig: Set CVar [[r.MotionBlurQuality:4]]
[2022.12.26-14.22.51:522][  0]LogConfig: Set CVar [[r.MotionBlur.HalfResGather:0]]
[2022.12.26-14.22.51:522][  0]LogConfig: Set CVar [[r.AmbientOcclusionMipLevelFactor:0.4]]
[2022.12.26-14.22.51:522][  0]LogConfig: Set CVar [[r.AmbientOcclusionMaxQuality:100]]
[2022.12.26-14.22.51:522][  0]LogConfig: Set CVar [[r.AmbientOcclusionLevels:-1]]
[2022.12.26-14.22.51:523][  0]LogConfig: Set CVar [[r.AmbientOcclusionRadiusScale:1.0]]
[2022.12.26-14.22.51:523][  0]LogConfig: Set CVar [[r.DepthOfFieldQuality:2]]
[2022.12.26-14.22.51:523][  0]LogConfig: Set CVar [[r.RenderTargetPoolMin:400]]
[2022.12.26-14.22.51:523][  0]LogConfig: Set CVar [[r.LensFlareQuality:2]]
[2022.12.26-14.22.51:523][  0]LogConfig: Set CVar [[r.SceneColorFringeQuality:1]]
[2022.12.26-14.22.51:523][  0]LogConfig: Set CVar [[r.EyeAdaptationQuality:2]]
[2022.12.26-14.22.51:523][  0]LogConfig: Set CVar [[r.BloomQuality:5]]
[2022.12.26-14.22.51:523][  0]LogConfig: Set CVar [[r.Bloom.ScreenPercentage:70.711]]
[2022.12.26-14.22.51:523][  0]LogConfig: Set CVar [[r.FastBlurThreshold:100]]
[2022.12.26-14.22.51:523][  0]LogConfig: Set CVar [[r.Upscale.Quality:3]]
[2022.12.26-14.22.51:523][  0]LogConfig: Set CVar [[r.Tonemapper.GrainQuantization:1]]
[2022.12.26-14.22.51:523][  0]LogConfig: Set CVar [[r.LightShaftQuality:1]]
[2022.12.26-14.22.51:523][  0]LogConfig: Set CVar [[r.Filter.SizeScale:1]]
[2022.12.26-14.22.51:523][  0]LogConfig: Set CVar [[r.Tonemapper.Quality:5]]
[2022.12.26-14.22.51:523][  0]LogConfig: Set CVar [[r.DOF.Gather.AccumulatorQuality:1        ; higher gathering accumulator quality]]
[2022.12.26-14.22.51:523][  0]LogConfig: Set CVar [[r.DOF.Gather.PostfilterMethod:1          ; Median3x3 postfilering method]]
[2022.12.26-14.22.51:523][  0]LogConfig: Set CVar [[r.DOF.Gather.EnableBokehSettings:0       ; no bokeh simulation when gathering]]
[2022.12.26-14.22.51:523][  0]LogConfig: Set CVar [[r.DOF.Gather.RingCount:4                 ; medium number of samples when gathering]]
[2022.12.26-14.22.51:523][  0]LogConfig: Set CVar [[r.DOF.Scatter.ForegroundCompositing:1    ; additive foreground scattering]]
[2022.12.26-14.22.51:523][  0]LogConfig: Set CVar [[r.DOF.Scatter.BackgroundCompositing:2    ; additive background scattering]]
[2022.12.26-14.22.51:523][  0]LogConfig: Set CVar [[r.DOF.Scatter.EnableBokehSettings:1      ; bokeh simulation when scattering]]
[2022.12.26-14.22.51:523][  0]LogConfig: Set CVar [[r.DOF.Scatter.MaxSpriteRatio:0.1         ; only a maximum of 10% of scattered bokeh]]
[2022.12.26-14.22.51:524][  0]LogConfig: Set CVar [[r.DOF.Recombine.Quality:1                ; cheap slight out of focus]]
[2022.12.26-14.22.51:524][  0]LogConfig: Set CVar [[r.DOF.Recombine.EnableBokehSettings:0    ; no bokeh simulation on slight out of focus]]
[2022.12.26-14.22.51:524][  0]LogConfig: Set CVar [[r.DOF.TemporalAAQuality:1                ; more stable temporal accumulation]]
[2022.12.26-14.22.51:524][  0]LogConfig: Set CVar [[r.DOF.Kernel.MaxForegroundRadius:0.025]]
[2022.12.26-14.22.51:524][  0]LogConfig: Set CVar [[r.DOF.Kernel.MaxBackgroundRadius:0.025]]
[2022.12.26-14.22.51:524][  0]LogConfig: Applying CVar settings from Section [TextureQuality@3] File [Scalability]
[2022.12.26-14.22.51:524][  0]LogConfig: Set CVar [[r.Streaming.MipBias:0]]
[2022.12.26-14.22.51:524][  0]LogConfig: Set CVar [[r.Streaming.AmortizeCPUToGPUCopy:0]]
[2022.12.26-14.22.51:524][  0]LogConfig: Set CVar [[r.Streaming.MaxNumTexturesToStreamPerFrame:0]]
[2022.12.26-14.22.51:524][  0]LogConfig: Set CVar [[r.Streaming.Boost:1]]
[2022.12.26-14.22.51:524][  0]LogConfig: Set CVar [[r.MaxAnisotropy:8]]
[2022.12.26-14.22.51:524][  0]LogConfig: Set CVar [[r.VT.MaxAnisotropy:8]]
[2022.12.26-14.22.51:524][  0]LogConfig: Set CVar [[r.Streaming.LimitPoolSizeToVRAM:0]]
[2022.12.26-14.22.51:524][  0]LogConfig: Set CVar [[r.Streaming.PoolSize:1000]]
[2022.12.26-14.22.51:524][  0]LogConfig: Set CVar [[r.Streaming.MaxEffectiveScreenSize:0]]
[2022.12.26-14.22.51:524][  0]LogConfig: Applying CVar settings from Section [EffectsQuality@3] File [Scalability]
[2022.12.26-14.22.51:524][  0]LogConfig: Set CVar [[r.TranslucencyLightingVolumeDim:64]]
[2022.12.26-14.22.51:524][  0]LogConfig: Set CVar [[r.RefractionQuality:2]]
[2022.12.26-14.22.51:524][  0]LogConfig: Set CVar [[r.SSR.Quality:3]]
[2022.12.26-14.22.51:524][  0]LogConfig: Set CVar [[r.SSR.HalfResSceneColor:0]]
[2022.12.26-14.22.51:524][  0]LogConfig: Set CVar [[r.SceneColorFormat:4]]
[2022.12.26-14.22.51:525][  0]LogConfig: Set CVar [[r.DetailMode:2]]
[2022.12.26-14.22.51:525][  0]LogConfig: Set CVar [[r.TranslucencyVolumeBlur:1]]
[2022.12.26-14.22.51:525][  0]LogConfig: Set CVar [[r.MaterialQualityLevel:1 ; High quality]]
[2022.12.26-14.22.51:525][  0]LogConfig: Set CVar [[r.SSS.Scale:1]]
[2022.12.26-14.22.51:525][  0]LogConfig: Set CVar [[r.SSS.SampleSet:2]]
[2022.12.26-14.22.51:525][  0]LogConfig: Set CVar [[r.SSS.Quality:1]]
[2022.12.26-14.22.51:525][  0]LogConfig: Set CVar [[r.SSS.HalfRes:0]]
[2022.12.26-14.22.51:525][  0]LogConfig: Set CVar [[r.SSGI.Quality:3]]
[2022.12.26-14.22.51:525][  0]LogConfig: Set CVar [[r.EmitterSpawnRateScale:1.0]]
[2022.12.26-14.22.51:525][  0]LogConfig: Set CVar [[r.ParticleLightQuality:2]]
[2022.12.26-14.22.51:525][  0]LogConfig: Set CVar [[r.SkyAtmosphere.AerialPerspectiveLUT.FastApplyOnOpaque:1 ; Always have FastSkyLUT 1 in this case to avoid wrong sky]]
[2022.12.26-14.22.51:525][  0]LogConfig: Set CVar [[r.SkyAtmosphere.AerialPerspectiveLUT.SampleCountMaxPerSlice:4]]
[2022.12.26-14.22.51:525][  0]LogConfig: Set CVar [[r.SkyAtmosphere.AerialPerspectiveLUT.DepthResolution:16.0]]
[2022.12.26-14.22.51:525][  0]LogConfig: Set CVar [[r.SkyAtmosphere.FastSkyLUT:1]]
[2022.12.26-14.22.51:525][  0]LogConfig: Set CVar [[r.SkyAtmosphere.FastSkyLUT.SampleCountMin:4.0]]
[2022.12.26-14.22.51:525][  0]LogConfig: Set CVar [[r.SkyAtmosphere.FastSkyLUT.SampleCountMax:128.0]]
[2022.12.26-14.22.51:525][  0]LogConfig: Set CVar [[r.SkyAtmosphere.SampleCountMin:4.0]]
[2022.12.26-14.22.51:525][  0]LogConfig: Set CVar [[r.SkyAtmosphere.SampleCountMax:128.0]]
[2022.12.26-14.22.51:525][  0]LogConfig: Set CVar [[r.SkyAtmosphere.TransmittanceLUT.UseSmallFormat:0]]
[2022.12.26-14.22.51:525][  0]LogConfig: Set CVar [[r.SkyAtmosphere.TransmittanceLUT.SampleCount:10.0]]
[2022.12.26-14.22.51:525][  0]LogConfig: Set CVar [[r.SkyAtmosphere.MultiScatteringLUT.SampleCount:15.0]]
[2022.12.26-14.22.51:526][  0]LogConfig: Set CVar [[r.SkyLight.RealTimeReflectionCapture:1]]
[2022.12.26-14.22.51:526][  0]LogConfig: Set CVar [[fx.Niagara.QualityLevel:3]]
[2022.12.26-14.22.51:526][  0]LogConfig: Set CVar [[r.SSS.Burley.Quality:1]]
[2022.12.26-14.22.51:526][  0]LogConfig: Set CVar [[r.HairStrands.UseCardsInsteadOfStrands:0]]
[2022.12.26-14.22.51:526][  0]LogConfig: Applying CVar settings from Section [FoliageQuality@3] File [Scalability]
[2022.12.26-14.22.51:526][  0]LogConfig: Set CVar [[foliage.DensityScale:1.0]]
[2022.12.26-14.22.51:526][  0]LogConfig: Set CVar [[grass.DensityScale:1.0]]
[2022.12.26-14.22.51:526][  0]LogConfig: Applying CVar settings from Section [ShadingQuality@3] File [Scalability]
[2022.12.26-14.22.51:526][  0]LogConfig: Set CVar [[r.HairStrands.SkyLighting.IntegrationType:2]]
[2022.12.26-14.22.51:526][  0]LogConfig: Set CVar [[r.HairStrands.SkyAO.SampleCount:4]]
[2022.12.26-14.22.51:526][  0]LogConfig: Set CVar [[r.HairStrands.Visibility.MSAA.SamplePerPixel:4]]
[2022.12.26-14.22.51:526][  0]LogConfig: CVar [[r.HairStrands.Interpolation.UseSingleGuide:0]] deferred - dummy variable created
[2022.12.26-14.22.51:526][  0]LogConfig: Set CVar [[r.AnisotropicMaterials:1]]
[2022.12.26-14.22.51:527][  0]LogD3D12RHI: Aftermath initialized
[2022.12.26-14.22.51:527][  0]LogD3D12RHI: Loading WinPixEventRuntime.dll for PIX profiling (from ../../../Engine/Binaries/ThirdParty/Windows/WinPixEventRuntime/x64).
[2022.12.26-14.22.51:673][  0]LogD3D12RHI: Found D3D12 adapter 0: NVIDIA GeForce RTX 3060 Laptop GPU (Max supported Feature Level 12_2, shader model 6.6)
[2022.12.26-14.22.51:674][  0]LogD3D12RHI: Adapter has 6023MB of dedicated video memory, 0MB of dedicated system memory, and 16255MB of shared system memory, 2 output[s]
[2022.12.26-14.22.51:736][  0]LogD3D12RHI: Found D3D12 adapter 1: Intel(R) UHD Graphics (Max supported Feature Level 12_1, shader model 6.6)
[2022.12.26-14.22.51:737][  0]LogD3D12RHI: Adapter has 128MB of dedicated video memory, 0MB of dedicated system memory, and 16255MB of shared system memory, 0 output[s]
[2022.12.26-14.22.51:741][  0]LogD3D12RHI: Found D3D12 adapter 2: Microsoft Basic Render Driver (Max supported Feature Level 12_1, shader model 6.2)
[2022.12.26-14.22.51:741][  0]LogD3D12RHI: Adapter has 0MB of dedicated video memory, 0MB of dedicated system memory, and 16255MB of shared system memory, 0 output[s]
[2022.12.26-14.22.51:741][  0]LogD3D12RHI: Chosen D3D12 Adapter Id = 0
[2022.12.26-14.22.51:741][  0]LogInit: Selected Device Profile: [WindowsEditor]
[2022.12.26-14.22.51:741][  0]LogHAL: Display: Platform has ~ 32 GB [34090029056 / 34359738368 / 32], which maps to Largest [LargestMinGB=32, LargerMinGB=12, DefaultMinGB=8, SmallerMinGB=6, SmallestMinGB=0)
[2022.12.26-14.22.51:741][  0]LogDeviceProfileManager: Going up to parent DeviceProfile [Windows]
[2022.12.26-14.22.51:741][  0]LogDeviceProfileManager: Going up to parent DeviceProfile []
[2022.12.26-14.22.51:741][  0]LogConfig: Applying CVar settings from Section [Startup] File [../../../Engine/Config/ConsoleVariables.ini]
[2022.12.26-14.22.51:741][  0]LogConfig: Set CVar [[r.DumpShaderDebugInfo:2]]
[2022.12.26-14.22.51:741][  0]LogConfig: Set CVar [[p.chaos.AllowCreatePhysxBodies:1]]
[2022.12.26-14.22.51:741][  0]LogConfig: Set CVar [[fx.SkipVectorVMBackendOptimizations:1]]
[2022.12.26-14.22.51:741][  0]LogConfig: Applying CVar settings from Section [ConsoleVariables] File [Engine]
[2022.12.26-14.22.51:741][  0]LogConfig: Set CVar [[fx.Niagara.ForceLastTickGroup:1]]
[2022.12.26-14.22.51:742][  0]LogConfig: Set CVar [[r.TemporalAA.Upsampling:1							; For TAA to do the upscale]]
[2022.12.26-14.22.51:742][  0]LogConfig: CVar [[r.TemporalAA.Algorithm:0							; For Gen5 TAA]] deferred - dummy variable created
[2022.12.26-14.22.51:742][  0]LogConfig: Set CVar [[r.TemporalAA.R11G11B10History:1						; To reduce memory bandwidth pressure]]
[2022.12.26-14.22.51:742][  0]LogConfig: Set CVar [[r.SceneColorFormat:2								; To save memory bandwidth on scene color (R11G11B10 )]]
[2022.12.26-14.22.51:742][  0]LogConfig: CVar [[r.SSGI.Enable:1]] deferred - dummy variable created
[2022.12.26-14.22.51:742][  0]LogConfig: Set CVar [[r.HairStrands.Voxelization.Raymarching.SteppingScale:.5]]
[2022.12.26-14.22.51:742][  0]LogConfig: Set CVar [[r.HairStrands.Voxelization.Raymarching.SteppingScale.Shadow:1]]
[2022.12.26-14.22.51:742][  0]LogConfig: Set CVar [[r.HairStrands.Voxelization.Raymarching.SteppingScale.Raytracing:1]]
[2022.12.26-14.22.51:742][  0]LogConfig: Set CVar [[r.HairStrands.Voxelization.Virtual.VoxelWorldSize:.1]]
[2022.12.26-14.22.51:742][  0]LogConfig: Set CVar [[r.HairStrands.SkyAO:0]]
[2022.12.26-14.22.51:742][  0]LogConfig: Applying CVar settings from Section [ConsoleVariables] File [D:/UE51_WS/MetaHumans/Saved/Config/WindowsEditor/Editor.ini]
[2022.12.26-14.22.51:742][  0]LogInit: Computer: G15
[2022.12.26-14.22.51:742][  0]LogInit: User: edwar
[2022.12.26-14.22.51:742][  0]LogInit: CPU Page size=4096, Cores=8
[2022.12.26-14.22.51:742][  0]LogInit: High frequency timer resolution =10.000000 MHz
[2022.12.26-14.22.51:742][  0]LogMemory: Memory total: Physical=31.7GB (32GB approx)
[2022.12.26-14.22.51:742][  0]LogMemory: Platform Memory Stats for WindowsEditor
[2022.12.26-14.22.51:742][  0]LogMemory: Process Physical Memory: 325.38 MB used, 327.70 MB peak
[2022.12.26-14.22.51:742][  0]LogMemory: Process Virtual Memory: 314.83 MB used, 314.83 MB peak
[2022.12.26-14.22.51:742][  0]LogMemory: Physical Memory: 21790.19 MB used,  10720.60 MB free, 32510.79 MB total
[2022.12.26-14.22.51:742][  0]LogMemory: Virtual Memory: 65098.30 MB used,  10745.45 MB free, 75843.75 MB total
[2022.12.26-14.22.51:743][  0]LogCsvProfiler: Display: Metadata set : extradevelopmentmemorymb="0"
[2022.12.26-14.22.51:745][  0]LogWindows: WindowsPlatformFeatures enabled
[2022.12.26-14.22.51:750][  0]LogInit: Physics initialised using underlying interface: Chaos
[2022.12.26-14.22.51:751][  0]LogInit: Using OS detected language (en-US).
[2022.12.26-14.22.51:751][  0]LogInit: Using OS detected locale (en-US).
[2022.12.26-14.22.51:753][  0]LogTextLocalizationManager: No specific localization for 'en-US' exists, so 'en' will be used for the language.
[2022.12.26-14.22.51:924][  0]LogInit: Setting process to per monitor DPI aware
[2022.12.26-14.22.51:953][  0]LogWindowsTextInputMethodSystem: Available input methods:
[2022.12.26-14.22.51:954][  0]LogWindowsTextInputMethodSystem:   - Chinese (Simplified, China) - Microsoft Pinyin (TSF IME).
[2022.12.26-14.22.51:954][  0]LogWindowsTextInputMethodSystem: Activated input method: Chinese (Simplified, China) - Microsoft Pinyin (TSF IME).
[2022.12.26-14.22.51:968][  0]LogSlate: New Slate User Created. Platform User Id 0, User Index 0, Is Virtual User: 0
[2022.12.26-14.22.51:969][  0]LogSlate: Slate User Registered.  User Index 0, Is Virtual User: 0
[2022.12.26-14.22.52:040][  0]LogD3D12RHI: Display: Creating D3D12 RHI with Max Feature Level SM5
[2022.12.26-14.22.52:041][  0]LogWindows: Attached monitors:
[2022.12.26-14.22.52:041][  0]LogWindows:     resolution: 1920x1080, work area: (-1920, 0) -> (0, 1080), device: '\\.\DISPLAY1'
[2022.12.26-14.22.52:041][  0]LogWindows:     resolution: 2560x1440, work area: (0, 0) -> (2473, 1440), device: '\\.\DISPLAY2' [PRIMARY]
[2022.12.26-14.22.52:041][  0]LogWindows: Found 2 attached monitors.
[2022.12.26-14.22.52:041][  0]LogWindows: Gathering driver information using Windows Setup API
[2022.12.26-14.22.52:041][  0]LogRHI: RHI Adapter Info:
[2022.12.26-14.22.52:041][  0]LogRHI:             Name: NVIDIA GeForce RTX 3060 Laptop GPU
[2022.12.26-14.22.52:041][  0]LogRHI:   Driver Version: 516.94 (internal:31.0.15.1694, unified:516.94)
[2022.12.26-14.22.52:041][  0]LogRHI:      Driver Date: 7-21-2022
[2022.12.26-14.22.52:041][  0]LogD3D12RHI:     GPU DeviceId: 0x2560 (for the marketing name, search the web for "GPU Device Id")
[2022.12.26-14.22.52:041][  0]LogD3D12RHI: InitD3DDevice: -D3DDebug = off -D3D12GPUValidation = off
[2022.12.26-14.22.52:043][  0]LogD3D12RHI: [Aftermath] Aftermath crash dumping enabled
[2022.12.26-14.22.52:044][  0]LogD3D12RHI: Emitting draw events for PIX profiling.
[2022.12.26-14.22.52:122][  0]LogD3D12RHI: [Aftermath] Aftermath enabled and primed
[2022.12.26-14.22.52:123][  0]LogD3D12RHI: [Aftermath] Aftermath resource tracking enabled
[2022.12.26-14.22.52:123][  0]LogD3D12RHI: ID3D12Device1 is supported.
[2022.12.26-14.22.52:123][  0]LogD3D12RHI: ID3D12Device2 is supported.
[2022.12.26-14.22.52:123][  0]LogD3D12RHI: ID3D12Device3 is supported.
[2022.12.26-14.22.52:123][  0]LogD3D12RHI: ID3D12Device4 is supported.
[2022.12.26-14.22.52:123][  0]LogD3D12RHI: ID3D12Device5 is supported.
[2022.12.26-14.22.52:123][  0]LogD3D12RHI: ID3D12Device6 is supported.
[2022.12.26-14.22.52:123][  0]LogD3D12RHI: ID3D12Device7 is supported.
[2022.12.26-14.22.52:123][  0]LogD3D12RHI: ID3D12Device8 is supported.
[2022.12.26-14.22.52:123][  0]LogD3D12RHI: ID3D12Device9 is supported.
[2022.12.26-14.22.52:123][  0]LogD3D12RHI: ID3D12Device10 is supported.
[2022.12.26-14.22.52:123][  0]LogD3D12RHI: Bindless resources are supported
[2022.12.26-14.22.52:123][  0]LogD3D12RHI: D3D12 ray tracing tier 1.1 and bindless resources are supported.
[2022.12.26-14.22.52:123][  0]LogD3D12RHI: Mesh shader tier 1.0 is supported
[2022.12.26-14.22.52:124][  0]LogD3D12RHI: AtomicInt64OnTypedResource is supported
[2022.12.26-14.22.52:124][  0]LogD3D12RHI: AtomicInt64OnGroupShared is supported
[2022.12.26-14.22.52:124][  0]LogD3D12RHI: AtomicInt64OnDescriptorHeapResource is supported
[2022.12.26-14.22.52:124][  0]LogD3D12RHI: Shader Model 6.6 atomic64 is supported
[2022.12.26-14.22.52:194][  0]LogD3D12RHI: [GPUBreadCrumb] Successfully setup breadcrumb resource for DiagnosticBuffer (3D)
[2022.12.26-14.22.52:194][  0]LogD3D12RHI: [GPUBreadCrumb] Successfully setup breadcrumb resource for DiagnosticBuffer (Copy)
[2022.12.26-14.22.52:194][  0]LogD3D12RHI: [GPUBreadCrumb] Successfully setup breadcrumb resource for DiagnosticBuffer (Compute)
[2022.12.26-14.22.52:271][  0]LogD3D12RHI: Display: Not using pipeline state disk cache per r.D3D12.PSO.DiskCache=0
[2022.12.26-14.22.52:271][  0]LogD3D12RHI: Display: Not using driver-optimized pipeline state disk cache per r.D3D12.PSO.DriverOptimizedDiskCache=0
[2022.12.26-14.22.52:271][  0]LogRHI: Texture pool is 3310 MB (70% of 4729 MB)
[2022.12.26-14.22.52:272][  0]LogD3D12RHI: Async texture creation enabled
[2022.12.26-14.22.52:272][  0]LogD3D12RHI: RHI has support for 64 bit atomics
[2022.12.26-14.22.52:295][  0]LogTurnkeySupport: Running Turnkey SDK detection: ' -ScriptsForProject="D:/UE51_WS/MetaHumans/MetaHumans.uproject" Turnkey -utf8output -WaitForUATMutex -command=VerifySdk -ReportFilename="D:/UE51_WS/MetaHumans/Intermediate/TurnkeyReport_0.log" -log="D:/UE51_WS/MetaHumans/Intermediate/TurnkeyLog_0.log" -project="D:/UE51_WS/MetaHumans/MetaHumans.uproject"  -platform=all'
[2022.12.26-14.22.52:296][  0]LogMonitoredProcess: Running Serialized UAT: [ cmd.exe /c ""C:/Program Files/Epic Games/UE_5.1/Engine/Build/BatchFiles/RunUAT.bat"  -ScriptsForProject="D:/UE51_WS/MetaHumans/MetaHumans.uproject" Turnkey -utf8output -WaitForUATMutex -command=VerifySdk -ReportFilename="D:/UE51_WS/MetaHumans/Intermediate/TurnkeyReport_0.log" -log="D:/UE51_WS/MetaHumans/Intermediate/TurnkeyLog_0.log" -project="D:/UE51_WS/MetaHumans/MetaHumans.uproject"  -platform=all" ]
[2022.12.26-14.22.52:314][  0]LogTextureFormatManager: Display: Loaded Base TextureFormat: TextureFormatASTC
[2022.12.26-14.22.52:315][  0]LogTextureFormatManager: Display: Loaded Base TextureFormat: TextureFormatDXT
[2022.12.26-14.22.52:315][  0]LogTextureFormatManager: Display: Loaded Base TextureFormat: TextureFormatETC2
[2022.12.26-14.22.52:315][  0]LogTextureFormatManager: Display: Loaded Base TextureFormat: TextureFormatIntelISPCTexComp
[2022.12.26-14.22.52:315][  0]LogTextureFormatManager: Display: Loaded Base TextureFormat: TextureFormatUncompressed
[2022.12.26-14.22.52:315][  0]LogTextureFormatOodle: Display: Oodle Texture TFO init; latest sdk version = 2.9.8
[2022.12.26-14.22.52:315][  0]LogTextureFormatOodle: Display: Oodle Texture loading DLL: oo2tex_win64_2.9.5.dll
[2022.12.26-14.22.52:315][  0]LogTextureFormatOodle: Display: Oodle Texture loading DLL: oo2tex_win64_2.9.6.dll
[2022.12.26-14.22.52:315][  0]LogTextureFormatOodle: Display: Oodle Texture loading DLL: oo2tex_win64_2.9.7.dll
[2022.12.26-14.22.52:315][  0]LogTextureFormatOodle: Display: Oodle Texture loading DLL: oo2tex_win64_2.9.8.dll
[2022.12.26-14.22.52:315][  0]LogTextureFormatManager: Display: Loaded Base TextureFormat: TextureFormatOodle
[2022.12.26-14.22.52:321][  0]LogTargetPlatformManager: Display: Loaded TargetPlatform 'Android'
[2022.12.26-14.22.52:322][  0]LogTargetPlatformManager: Display: Loaded TargetPlatform 'Android_ASTC'
[2022.12.26-14.22.52:322][  0]LogTargetPlatformManager: Display: Loaded TargetPlatform 'Android_DXT'
[2022.12.26-14.22.52:322][  0]LogTargetPlatformManager: Display: Loaded TargetPlatform 'Android_ETC2'
[2022.12.26-14.22.52:322][  0]LogTargetPlatformManager: Display: Loaded TargetPlatform 'AndroidClient'
[2022.12.26-14.22.52:322][  0]LogTargetPlatformManager: Display: Loaded TargetPlatform 'Android_ASTCClient'
[2022.12.26-14.22.52:322][  0]LogTargetPlatformManager: Display: Loaded TargetPlatform 'Android_DXTClient'
[2022.12.26-14.22.52:322][  0]LogTargetPlatformManager: Display: Loaded TargetPlatform 'Android_ETC2Client'
[2022.12.26-14.22.52:322][  0]LogTargetPlatformManager: Display: Loaded TargetPlatform 'Android_Multi'
[2022.12.26-14.22.52:322][  0]LogTargetPlatformManager: Display: Loaded TargetPlatform 'Android_MultiClient'
[2022.12.26-14.22.52:347][  0]LogTargetPlatformManager: Display: Loaded TargetPlatform 'HoloLens'
[2022.12.26-14.22.52:348][  0]LogTargetPlatformManager: Display: Loaded TargetPlatform 'HoloLensClient'
[2022.12.26-14.22.52:351][  0]LogTargetPlatformManager: Display: Loaded TargetPlatform 'IOS'
[2022.12.26-14.22.52:351][  0]LogTargetPlatformManager: Display: Loaded TargetPlatform 'IOSClient'
[2022.12.26-14.22.52:354][  0]LogTargetPlatformManager: Display: Loaded TargetPlatform 'Linux'
[2022.12.26-14.22.52:354][  0]LogTargetPlatformManager: Display: Loaded TargetPlatform 'LinuxEditor'
[2022.12.26-14.22.52:354][  0]LogTargetPlatformManager: Display: Loaded TargetPlatform 'LinuxServer'
[2022.12.26-14.22.52:354][  0]LogTargetPlatformManager: Display: Loaded TargetPlatform 'LinuxClient'
[2022.12.26-14.22.52:356][  0]LogTargetPlatformManager: Display: Loaded TargetPlatform 'LinuxArm64'
[2022.12.26-14.22.52:356][  0]LogTargetPlatformManager: Display: Loaded TargetPlatform 'LinuxArm64Server'
[2022.12.26-14.22.52:356][  0]LogTargetPlatformManager: Display: Loaded TargetPlatform 'LinuxArm64Client'
[2022.12.26-14.22.52:358][  0]LogTargetPlatformManager: Display: Loaded TargetPlatform 'TVOS'
[2022.12.26-14.22.52:358][  0]LogTargetPlatformManager: Display: Loaded TargetPlatform 'TVOSClient'
[2022.12.26-14.22.52:362][  0]LogTargetPlatformManager: Display: Loaded TargetPlatform 'Windows'
[2022.12.26-14.22.52:362][  0]LogTargetPlatformManager: Display: Loaded TargetPlatform 'WindowsEditor'
[2022.12.26-14.22.52:362][  0]LogTargetPlatformManager: Display: Loaded TargetPlatform 'WindowsServer'
[2022.12.26-14.22.52:362][  0]LogTargetPlatformManager: Display: Loaded TargetPlatform 'WindowsClient'
[2022.12.26-14.22.52:362][  0]LogTargetPlatformManager: Display: Building Assets For WindowsEditor
[2022.12.26-14.22.52:362][  0]LogTargetPlatformManager: Unable to find audio format BINKA from hinted modules, loading all potential format modules to find it
[2022.12.26-14.22.52:364][  0]LogTargetPlatformManager: Loaded format module AudioFormatADPCM
[2022.12.26-14.22.52:364][  0]LogTargetPlatformManager:   ADPCM
[2022.12.26-14.22.52:364][  0]LogTargetPlatformManager:   PCM
[2022.12.26-14.22.52:366][  0]LogTargetPlatformManager: Loaded format module AudioFormatBink
[2022.12.26-14.22.52:366][  0]LogTargetPlatformManager:   BINKA
[2022.12.26-14.22.52:368][  0]LogAudioDebug: Display: Lib vorbis DLL was dynamically loaded.
[2022.12.26-14.22.52:368][  0]LogTargetPlatformManager: Loaded format module AudioFormatOgg
[2022.12.26-14.22.52:368][  0]LogTargetPlatformManager:   OGG
[2022.12.26-14.22.52:370][  0]LogTargetPlatformManager: Loaded format module AudioFormatOpus
[2022.12.26-14.22.52:370][  0]LogTargetPlatformManager:   OPUS
[2022.12.26-14.22.52:402][  0]LogTargetPlatformManager: Unable to find shader format SF_METAL from hinted modules, loading all potential format modules to find it
[2022.12.26-14.22.52:406][  0]LogTargetPlatformManager: Loaded format module MetalShaderFormat
[2022.12.26-14.22.52:407][  0]LogTargetPlatformManager:   SF_METAL
[2022.12.26-14.22.52:407][  0]LogTargetPlatformManager:   SF_METAL_MRT
[2022.12.26-14.22.52:407][  0]LogTargetPlatformManager:   SF_METAL_TVOS
[2022.12.26-14.22.52:407][  0]LogTargetPlatformManager:   SF_METAL_MRT_TVOS
[2022.12.26-14.22.52:407][  0]LogTargetPlatformManager:   SF_METAL_SM5
[2022.12.26-14.22.52:407][  0]LogTargetPlatformManager:   SF_METAL_MACES3_1
[2022.12.26-14.22.52:407][  0]LogTargetPlatformManager:   SF_METAL_MRT_MAC
[2022.12.26-14.22.52:407][  0]LogTargetPlatformManager: Loaded format module ShaderFormatD3D
[2022.12.26-14.22.52:407][  0]LogTargetPlatformManager:   PCD3D_SM6
[2022.12.26-14.22.52:407][  0]LogTargetPlatformManager:   PCD3D_SM5
[2022.12.26-14.22.52:407][  0]LogTargetPlatformManager:   PCD3D_ES31
[2022.12.26-14.22.52:407][  0]LogTargetPlatformManager:   D3D_ES3_1_HOLOLENS
[2022.12.26-14.22.52:407][  0]LogTargetPlatformManager: Loaded format module ShaderFormatOpenGL
[2022.12.26-14.22.52:407][  0]LogTargetPlatformManager:   GLSL_150_ES31
[2022.12.26-14.22.52:407][  0]LogTargetPlatformManager:   GLSL_ES3_1_ANDROID
[2022.12.26-14.22.52:408][  0]LogTargetPlatformManager: Loaded format module ShaderFormatVectorVM
[2022.12.26-14.22.52:408][  0]LogTargetPlatformManager:   VVM_1_0
[2022.12.26-14.22.52:408][  0]LogTargetPlatformManager: Loaded format module VulkanShaderFormat
[2022.12.26-14.22.52:408][  0]LogTargetPlatformManager:   SF_VULKAN_SM5
[2022.12.26-14.22.52:408][  0]LogTargetPlatformManager:   SF_VULKAN_ES31_ANDROID
[2022.12.26-14.22.52:408][  0]LogTargetPlatformManager:   SF_VULKAN_ES31
[2022.12.26-14.22.52:409][  0]LogTargetPlatformManager:   SF_VULKAN_SM5_ANDROID
[2022.12.26-14.22.52:409][  0]LogRendererCore: Ray tracing is enabled for the editor. Reason: r.RayTracing=1 and r.RayTracing.EnableInEditor=1.
[2022.12.26-14.22.52:411][  0]LogDerivedDataCache: FDerivedDataBackendGraph: Pak pak cache file D:/UE51_WS/MetaHumans/DerivedDataCache/DDC.ddp not found, will not use a pak cache.
[2022.12.26-14.22.52:411][  0]LogDerivedDataCache: Unable to find inner node Pak for hierarchy Hierarchy.
[2022.12.26-14.22.52:427][  0]LogDerivedDataCache: Display: D:/UE51_WS/MetaHumans/DerivedDataCache/Compressed.ddp: Opened pak cache for reading. (1811 MiB)
[2022.12.26-14.22.52:447][  0]LogDerivedDataCache: Display: ../../../Engine/DerivedDataCache/Compressed.ddp: Opened pak cache for reading. (1433 MiB)
[2022.12.26-14.22.52:448][  0]LogDerivedDataCache: FDerivedDataBackendGraph: EnterprisePak pak cache file ../../../Enterprise/DerivedDataCache/Compressed.ddp not found, will not use a pak cache.
[2022.12.26-14.22.52:448][  0]LogDerivedDataCache: Unable to find inner node EnterprisePak for hierarchy Hierarchy.
[2022.12.26-14.22.52:454][  0]LogDerivedDataCache: Speed tests for C:/Users/edwar/AppData/Local/UnrealEngine/Common/DerivedDataCache took 0.01 seconds
[2022.12.26-14.22.52:454][  0]LogDerivedDataCache: Display: Performance to C:/Users/edwar/AppData/Local/UnrealEngine/Common/DerivedDataCache: Latency=0.02ms. RandomReadSpeed=265.72MBs, RandomWriteSpeed=299.25MBs. Assigned SpeedClass 'Local'
[2022.12.26-14.22.52:455][  0]LogDerivedDataCache: Using Local data cache path C:/Users/edwar/AppData/Local/UnrealEngine/Common/DerivedDataCache: Writable
[2022.12.26-14.22.52:455][  0]LogDerivedDataCache: Shared data cache path not found in *engine.ini, will not use an Shared cache.
[2022.12.26-14.22.52:455][  0]LogDerivedDataCache: Unable to find inner node Shared for hierarchy Hierarchy.
[2022.12.26-14.22.52:455][  0]LogVirtualization: Display: VirtualizationSystem name found in ini file: None
[2022.12.26-14.22.52:455][  0]LogVirtualization: Display: FNullVirtualizationSystem mounted, virtualization will be disabled
[2022.12.26-14.22.52:455][  0]LogShaderCompilers: Guid format shader working directory is 24 characters bigger than the processId version (D:/UE51_WS/MetaHumans/Intermediate/Shaders/WorkingDirectory/26072/).
[2022.12.26-14.22.52:455][  0]LogShaderCompilers: Cleaned the shader compiler working directory 'C:/Users/edwar/AppData/Local/Temp/UnrealShaderWorkingDir/4E4A19F043518BB6968688878ADA361D/'.
[2022.12.26-14.22.52:455][  0]LogXGEController: Cannot use XGE Controller as Incredibuild is not installed on this machine.
[2022.12.26-14.22.52:456][  0]LogShaderCompilers: Display: Using Local Shader Compiler with 8 workers.
[2022.12.26-14.22.53:054][  0]LogTurnkeySupport: Completed SDK detection: ExitCode = 0
[2022.12.26-14.22.53:415][  0]LogShaderCompilers: Display: Compiling shader autogen file: D:/UE51_WS/MetaHumans/Intermediate/ShaderAutogen/PCD3D_SM5/AutogenShaderHeaders.ush
[2022.12.26-14.22.53:415][  0]LogShaderCompilers: Display: Autogen file is unchanged, skipping write.
[2022.12.26-14.22.53:661][  0]LogInit: FStereoShaderAspects: --- StereoAspects begin ---
[2022.12.26-14.22.53:662][  0]LogInit: FStereoShaderAspects: Platform=PCD3D_SM5 (0)
[2022.12.26-14.22.53:662][  0]LogInit: FStereoShaderAspects: bInstancedStereo = 0
[2022.12.26-14.22.53:662][  0]LogInit: FStereoShaderAspects: bMobilePlatform = 0
[2022.12.26-14.22.53:662][  0]LogInit: FStereoShaderAspects: bMobilePostprocessing = 1
[2022.12.26-14.22.53:662][  0]LogInit: FStereoShaderAspects: bMobileMultiView = 0
[2022.12.26-14.22.53:662][  0]LogInit: FStereoShaderAspects: bMultiViewportCapable = 1
[2022.12.26-14.22.53:662][  0]LogInit: FStereoShaderAspects: bInstancedStereoNative = 0
[2022.12.26-14.22.53:662][  0]LogInit: FStereoShaderAspects: ---
[2022.12.26-14.22.53:662][  0]LogInit: FStereoShaderAspects: bMobileMultiViewCoreSupport = 0
[2022.12.26-14.22.53:662][  0]LogInit: FStereoShaderAspects: bMobileMultiViewNative = 0
[2022.12.26-14.22.53:662][  0]LogInit: FStereoShaderAspects: bMobileMultiViewFallback = 0
[2022.12.26-14.22.53:662][  0]LogInit: FStereoShaderAspects: ---
[2022.12.26-14.22.53:662][  0]LogInit: FStereoShaderAspects: bInstancedMultiViewportEnabled = 0
[2022.12.26-14.22.53:662][  0]LogInit: FStereoShaderAspects: bInstancedStereoEnabled = 0
[2022.12.26-14.22.53:662][  0]LogInit: FStereoShaderAspects: bMobileMultiViewEnabled = 0
[2022.12.26-14.22.53:663][  0]LogInit: FStereoShaderAspects: --- StereoAspects end ---
[2022.12.26-14.22.53:846][  0]LogSlate: Using FreeType 2.10.0
[2022.12.26-14.22.53:847][  0]LogSlate: SlateFontServices - WITH_FREETYPE: 1, WITH_HARFBUZZ: 1
[2022.12.26-14.22.53:882][  0]LogAssetRegistry: FAssetRegistry took 0.0123 seconds to start up
[2022.12.26-14.22.53:891][  0]LogEditorDomain: Display: EditorDomain is Disabled
[2022.12.26-14.22.54:093][  0]LogTexture: Display: Texture Encode Speed: FinalIfAvailable (editor).
[2022.12.26-14.22.54:452][  0]LogInit: Selected Device Profile: [WindowsEditor]
[2022.12.26-14.22.54:452][  0]LogDeviceProfileManager: Available device profiles:
[2022.12.26-14.22.54:453][  0]LogDeviceProfileManager: 	[00000896B374F600][00000896AA27D800 52] GlobalDefaults, 
[2022.12.26-14.22.54:453][  0]LogDeviceProfileManager: 	[00000896B3787A00][00000896AF42A000 52] Windows, 
[2022.12.26-14.22.54:453][  0]LogDeviceProfileManager: 	[00000896B3787C00][00000896AF42C800 52] WindowsEditor, 
[2022.12.26-14.22.54:453][  0]LogDeviceProfileManager: 	[00000896B378F800][00000896AC7FC800 52] WindowsServer, 
[2022.12.26-14.22.54:453][  0]LogDeviceProfileManager: 	[00000896B3787600][00000896AF422800 52] WindowsClient, 
[2022.12.26-14.22.54:453][  0]LogDeviceProfileManager: 	[00000896B3783E00][00000896AA271800 52] IOS, 
[2022.12.26-14.22.54:453][  0]LogDeviceProfileManager: 	[00000896B3745C00][00000896B3712800 52] iPadAir2, 
[2022.12.26-14.22.54:453][  0]LogDeviceProfileManager: 	[00000896B3782200][00000896B3717800 52] IPadPro, 
[2022.12.26-14.22.54:453][  0]LogDeviceProfileManager: 	[00000896B3787E00][00000896B3715000 52] iPadAir3, 
[2022.12.26-14.22.54:453][  0]LogDeviceProfileManager: 	[00000896B3748800][00000896B371A000 52] iPadAir4, 
[2022.12.26-14.22.54:453][  0]LogDeviceProfileManager: 	[00000896B3748A00][00000896B371C800 52] iPadAir5, 
[2022.12.26-14.22.54:453][  0]LogDeviceProfileManager: 	[00000896B1EC9C00][00000896A142A000 52] iPadMini4, 
[2022.12.26-14.22.54:453][  0]LogDeviceProfileManager: 	[00000896B3784400][00000896B3730000 52] iPadMini5, 
[2022.12.26-14.22.54:453][  0]LogDeviceProfileManager: 	[00000896B374CC00][00000896B3735000 52] iPadMini6, 
[2022.12.26-14.22.54:453][  0]LogDeviceProfileManager: 	[00000896B3818800][00000896B373C800 52] iPhone6S, 
[2022.12.26-14.22.54:453][  0]LogDeviceProfileManager: 	[00000896B3818A00][00000896B373A000 52] iPhone7, 
[2022.12.26-14.22.54:453][  0]LogDeviceProfileManager: 	[00000896B3818C00][00000896B3737800 52] iPodTouch7, 
[2022.12.26-14.22.54:453][  0]LogDeviceProfileManager: 	[00000896B381FA00][00000896B3710000 52] iPhone6SPlus, 
[2022.12.26-14.22.54:453][  0]LogDeviceProfileManager: 	[00000896B3810C00][00000896B3750000 52] iPhone7Plus, 
[2022.12.26-14.22.54:454][  0]LogDeviceProfileManager: 	[00000896B381F400][00000896B3755000 52] iPhoneSE, 
[2022.12.26-14.22.54:454][  0]LogDeviceProfileManager: 	[00000896B3784600][00000896B3757800 52] iPhone8, 
[2022.12.26-14.22.54:454][  0]LogDeviceProfileManager: 	[00000896B1ECAA00][00000896B375A000 52] iPhone8Plus, 
[2022.12.26-14.22.54:454][  0]LogDeviceProfileManager: 	[00000896B3743800][00000896B375C800 52] iPhoneX, 
[2022.12.26-14.22.54:454][  0]LogDeviceProfileManager: 	[00000896B3816000][00000896B3732800 52] iPhoneXS, 
[2022.12.26-14.22.54:454][  0]LogDeviceProfileManager: 	[00000896B378AE00][00000896B37B0000 52] iPhoneXSMax, 
[2022.12.26-14.22.54:454][  0]LogDeviceProfileManager: 	[00000896B1ECC600][00000896B37B5000 52] iPhoneXR, 
[2022.12.26-14.22.54:454][  0]LogDeviceProfileManager: 	[00000896B3749A00][00000896B37B7800 52] iPhone11, 
[2022.12.26-14.22.54:454][  0]LogDeviceProfileManager: 	[00000896B3817200][00000896B37BA000 52] iPhone11Pro, 
[2022.12.26-14.22.54:454][  0]LogDeviceProfileManager: 	[00000896B3785800][00000896B37BC800 52] iPhone11ProMax, 
[2022.12.26-14.22.54:454][  0]LogDeviceProfileManager: 	[00000896B1EC9400][00000896B3752800 52] iPhoneSE2, 
[2022.12.26-14.22.54:454][  0]LogDeviceProfileManager: 	[00000896B3741800][00000896B37C0000 52] iPhone12Mini, 
[2022.12.26-14.22.54:454][  0]LogDeviceProfileManager: 	[00000896B381EC00][00000896B37C5000 52] iPhone12, 
[2022.12.26-14.22.54:454][  0]LogDeviceProfileManager: 	[00000896B378DE00][00000896B37C7800 52] iPhone12Pro, 
[2022.12.26-14.22.54:454][  0]LogDeviceProfileManager: 	[00000896B1ECC200][00000896B37CA000 52] iPhone12ProMax, 
[2022.12.26-14.22.54:454][  0]LogDeviceProfileManager: 	[00000896B3746A00][00000896B37CC800 52] iPhone13Mini, 
[2022.12.26-14.22.54:454][  0]LogDeviceProfileManager: 	[00000896B3814400][00000896B37B2800 52] iPhone13, 
[2022.12.26-14.22.54:454][  0]LogDeviceProfileManager: 	[00000896B3783A00][00000896B37D0000 52] iPhone13Pro, 
[2022.12.26-14.22.54:454][  0]LogDeviceProfileManager: 	[00000896B1ECF000][00000896B37D5000 52] iPhone13ProMax, 
[2022.12.26-14.22.54:454][  0]LogDeviceProfileManager: 	[00000896B3741400][00000896B37D7800 52] iPhoneSE3, 
[2022.12.26-14.22.54:454][  0]LogDeviceProfileManager: 	[00000896B381BE00][00000896B37DA000 52] iPhone14, 
[2022.12.26-14.22.54:454][  0]LogDeviceProfileManager: 	[00000896B3788000][00000896B37DC800 52] iPhone14Plus, 
[2022.12.26-14.22.54:455][  0]LogDeviceProfileManager: 	[00000896B1ECE600][00000896B37C2800 52] iPhone14Pro, 
[2022.12.26-14.22.54:455][  0]LogDeviceProfileManager: 	[00000896B3749200][00000896B37E0000 52] iPhone14ProMax, 
[2022.12.26-14.22.54:455][  0]LogDeviceProfileManager: 	[00000896B3816800][00000896B37E5000 52] iPadPro105, 
[2022.12.26-14.22.54:455][  0]LogDeviceProfileManager: 	[00000896B3783C00][00000896B37E7800 52] iPadPro129, 
[2022.12.26-14.22.54:455][  0]LogDeviceProfileManager: 	[00000896B1ECBA00][00000896B37EA000 52] iPadPro97, 
[2022.12.26-14.22.54:455][  0]LogDeviceProfileManager: 	[00000896B3749C00][00000896B37EC800 52] iPadPro2_129, 
[2022.12.26-14.22.54:455][  0]LogDeviceProfileManager: 	[00000896B381E200][00000896B37D2800 52] iPad5, 
[2022.12.26-14.22.54:455][  0]LogDeviceProfileManager: 	[00000896B378EA00][00000896B37F0000 52] iPad6, 
[2022.12.26-14.22.54:455][  0]LogDeviceProfileManager: 	[00000896B1ECF400][00000896B37F5000 52] iPad7, 
[2022.12.26-14.22.54:455][  0]LogDeviceProfileManager: 	[00000896B374A200][00000896B37F7800 52] iPad8, 
[2022.12.26-14.22.54:455][  0]LogDeviceProfileManager: 	[00000896B3813800][00000896B37FA000 52] iPad9, 
[2022.12.26-14.22.54:455][  0]LogDeviceProfileManager: 	[00000896B3786E00][00000896B37FC800 52] iPad10, 
[2022.12.26-14.22.54:455][  0]LogDeviceProfileManager: 	[00000896B1ECCA00][00000896B37E2800 52] iPadPro11, 
[2022.12.26-14.22.54:455][  0]LogDeviceProfileManager: 	[00000896B3742000][00000896B3820000 52] iPadPro2_11, 
[2022.12.26-14.22.54:455][  0]LogDeviceProfileManager: 	[00000896B381B000][00000896B3825000 52] iPadPro3_11, 
[2022.12.26-14.22.54:455][  0]LogDeviceProfileManager: 	[00000896B3786000][00000896B3827800 52] iPadPro4_11, 
[2022.12.26-14.22.54:455][  0]LogDeviceProfileManager: 	[00000896B1ECE400][00000896B382A000 52] iPadPro3_129, 
[2022.12.26-14.22.54:455][  0]LogDeviceProfileManager: 	[00000896B3741C00][00000896B382C800 52] iPadPro4_129, 
[2022.12.26-14.22.54:455][  0]LogDeviceProfileManager: 	[00000896B381E600][00000896B37F2800 52] iPadPro5_129, 
[2022.12.26-14.22.54:455][  0]LogDeviceProfileManager: 	[00000896B378BC00][00000896B3830000 52] iPadPro6_129, 
[2022.12.26-14.22.54:455][  0]LogDeviceProfileManager: 	[00000896B1ECA600][00000896B3835000 52] AppleTV, 
[2022.12.26-14.22.54:455][  0]LogDeviceProfileManager: 	[00000896B3749E00][00000896B3837800 52] AppleTV4K, 
[2022.12.26-14.22.54:456][  0]LogDeviceProfileManager: 	[00000896B3811E00][00000896B383A000 52] AppleTV2_4K, 
[2022.12.26-14.22.54:456][  0]LogDeviceProfileManager: 	[00000896B3781400][00000896B383C800 52] TVOS, 
[2022.12.26-14.22.54:456][  0]LogDeviceProfileManager: 	[00000896B3740E00][00000896B3850000 52] Mac, 
[2022.12.26-14.22.54:456][  0]LogDeviceProfileManager: 	[00000896B3746200][00000896B3852800 52] MacEditor, 
[2022.12.26-14.22.54:456][  0]LogDeviceProfileManager: 	[00000896B381D800][00000896B3857800 52] MacClient, 
[2022.12.26-14.22.54:456][  0]LogDeviceProfileManager: 	[00000896B1ECA400][00000896B385A000 52] MacServer, 
[2022.12.26-14.22.54:456][  0]LogDeviceProfileManager: 	[00000896B3749400][00000896B3822800 52] Linux, 
[2022.12.26-14.22.54:456][  0]LogDeviceProfileManager: 	[00000896B3743200][00000896B3832800 52] LinuxEditor, 
[2022.12.26-14.22.54:456][  0]LogDeviceProfileManager: 	[00000896B3818200][00000896B385C800 52] LinuxArm64Editor, 
[2022.12.26-14.22.54:456][  0]LogDeviceProfileManager: 	[00000896B3781C00][00000896B37A0000 52] LinuxArm64, 
[2022.12.26-14.22.54:456][  0]LogDeviceProfileManager: 	[00000896B1ECA200][00000896B37A5000 52] LinuxClient, 
[2022.12.26-14.22.54:456][  0]LogDeviceProfileManager: 	[00000896B3743400][00000896B37A7800 52] LinuxArm64Client, 
[2022.12.26-14.22.54:456][  0]LogDeviceProfileManager: 	[00000896B381E800][00000896B37AA000 52] LinuxServer, 
[2022.12.26-14.22.54:456][  0]LogDeviceProfileManager: 	[00000896B3783400][00000896B37AC800 52] LinuxArm64Server, 
[2022.12.26-14.22.54:456][  0]LogDeviceProfileManager: 	[00000896B1EC9000][00000896AA27A800 52] Android, 
[2022.12.26-14.22.54:456][  0]LogDeviceProfileManager: 	[00000896B374D400][00000896B37A2800 52] Android_Preview_OpenGL, 
[2022.12.26-14.22.54:456][  0]LogDeviceProfileManager: 	[00000896B3814600][00000896B3860000 52] Android_Preview_Vulkan, 
[2022.12.26-14.22.54:456][  0]LogDeviceProfileManager: 	[00000896B3789A00][00000896B3865000 52] Android_Low, 
[2022.12.26-14.22.54:456][  0]LogDeviceProfileManager: 	[00000896B1ECEC00][00000896B3867800 52] Android_Mid, 
[2022.12.26-14.22.54:456][  0]LogDeviceProfileManager: 	[00000896B3741200][00000896B386A000 52] Android_High, 
[2022.12.26-14.22.54:456][  0]LogDeviceProfileManager: 	[00000896B3819C00][00000896B386C800 52] Android_Default, 
[2022.12.26-14.22.54:456][  0]LogDeviceProfileManager: 	[00000896B3785C00][00000896B3855000 52] Android_Adreno4xx, 
[2022.12.26-14.22.54:457][  0]LogDeviceProfileManager: 	[00000896B1ECB200][00000896B3870000 52] Android_Adreno5xx_Low, 
[2022.12.26-14.22.54:457][  0]LogDeviceProfileManager: 	[00000896B374FC00][00000896B3875000 52] Android_Adreno5xx, 
[2022.12.26-14.22.54:457][  0]LogDeviceProfileManager: 	[00000896B3817000][00000896B3877800 52] Android_Adreno6xx, 
[2022.12.26-14.22.54:457][  0]LogDeviceProfileManager: 	[00000896B3789400][00000896B387A000 52] Android_Adreno6xx_Vulkan, 
[2022.12.26-14.22.54:457][  0]LogDeviceProfileManager: 	[00000896B1ECBC00][00000896B387C800 52] Android_Adreno7xx, 
[2022.12.26-14.22.54:457][  0]LogDeviceProfileManager: 	[00000896B3741A00][00000896B3862800 52] Android_Adreno7xx_Vulkan, 
[2022.12.26-14.22.54:457][  0]LogDeviceProfileManager: 	[00000896B381AC00][00000896B3880000 52] Android_Mali_T6xx, 
[2022.12.26-14.22.54:457][  0]LogDeviceProfileManager: 	[00000896B3783600][00000896B3885000 52] Android_Mali_T7xx, 
[2022.12.26-14.22.54:457][  0]LogDeviceProfileManager: 	[00000896B1ECCC00][00000896B3887800 52] Android_Mali_T8xx, 
[2022.12.26-14.22.54:457][  0]LogDeviceProfileManager: 	[00000896B3746400][00000896B388A000 52] Android_Mali_G71, 
[2022.12.26-14.22.54:457][  0]LogDeviceProfileManager: 	[00000896B3812200][00000896B388C800 52] Android_Mali_G72, 
[2022.12.26-14.22.54:457][  0]LogDeviceProfileManager: 	[00000896B3780A00][00000896B3872800 52] Android_Mali_G72_Vulkan, 
[2022.12.26-14.22.54:457][  0]LogDeviceProfileManager: 	[00000896B1ECAC00][00000896B3890000 52] Android_Mali_G76, 
[2022.12.26-14.22.54:457][  0]LogDeviceProfileManager: 	[00000896B374A400][00000896B3895000 52] Android_Mali_G76_Vulkan, 
[2022.12.26-14.22.54:457][  0]LogDeviceProfileManager: 	[00000896B381C600][00000896B3897800 52] Android_Mali_G77, 
[2022.12.26-14.22.54:457][  0]LogDeviceProfileManager: 	[00000896B378E800][00000896B389A000 52] Android_Mali_G77_Vulkan, 
[2022.12.26-14.22.54:457][  0]LogDeviceProfileManager: 	[00000896B1ECB400][00000896B389C800 52] Android_Mali_G78, 
[2022.12.26-14.22.54:457][  0]LogDeviceProfileManager: 	[00000896B3748C00][00000896B3882800 52] Android_Mali_G78_Vulkan, 
[2022.12.26-14.22.54:457][  0]LogDeviceProfileManager: 	[00000896B381DC00][00000896B38A0000 52] Android_Mali_G710, 
[2022.12.26-14.22.54:457][  0]LogDeviceProfileManager: 	[00000896B378C800][00000896B38A5000 52] Android_Mali_G710_Vulkan, 
[2022.12.26-14.22.54:457][  0]LogDeviceProfileManager: 	[00000896B1EC9200][00000896B38A7800 52] Android_Xclipse_920, 
[2022.12.26-14.22.54:457][  0]LogDeviceProfileManager: 	[00000896B374E600][00000896B38AA000 52] Android_Xclipse_920_Vulkan, 
[2022.12.26-14.22.54:458][  0]LogDeviceProfileManager: 	[00000896B3813400][00000896B38AC800 52] Android_Vulkan_SM5, 
[2022.12.26-14.22.54:458][  0]LogDeviceProfileManager: 	[00000896B3786400][00000896B3892800 52] Android_PowerVR_G6xxx, 
[2022.12.26-14.22.54:458][  0]LogDeviceProfileManager: 	[00000896B1ECD000][00000896B38B0000 52] Android_PowerVR_GT7xxx, 
[2022.12.26-14.22.54:458][  0]LogDeviceProfileManager: 	[00000896B3747C00][00000896B38B5000 52] Android_PowerVR_GE8xxx, 
[2022.12.26-14.22.54:458][  0]LogDeviceProfileManager: 	[00000896B3814C00][00000896B38B7800 52] Android_PowerVR_GM9xxx, 
[2022.12.26-14.22.54:458][  0]LogDeviceProfileManager: 	[00000896B378A000][00000896B38BA000 52] Android_PowerVR_GM9xxx_Vulkan, 
[2022.12.26-14.22.54:458][  0]LogDeviceProfileManager: 	[00000896B1ECA800][00000896B38BC800 52] Android_TegraK1, 
[2022.12.26-14.22.54:458][  0]LogDeviceProfileManager: 	[00000896B3743600][00000896B38A2800 52] Android_Unknown_Vulkan, 
[2022.12.26-14.22.54:458][  0]LogDeviceProfileManager: 	[00000896B3812C00][00000896B38C0000 52] Oculus_Quest, 
[2022.12.26-14.22.54:458][  0]LogDeviceProfileManager: 	[00000896B378DC00][00000896B38C5000 52] Oculus_Quest2, 
[2022.12.26-14.22.54:458][  0]LogDeviceProfileManager: 	[00000896B1ECF600][00000896B38C7800 52] HoloLens, 
[2022.12.26-14.22.54:458][  0]LogDeviceProfileManager: Active device profile: [00000896B3787C00][00000896AF42C800 52] WindowsEditor
[2022.12.26-14.22.54:458][  0]LogCsvProfiler: Display: Metadata set : deviceprofile="WindowsEditor"
[2022.12.26-14.22.54:459][  0]LogShaderCompilers: Display: Compiling shader autogen file: D:/UE51_WS/MetaHumans/Intermediate/ShaderAutogen/VULKAN_SM5/AutogenShaderHeaders.ush
[2022.12.26-14.22.54:469][  0]LogShaderCompilers: Display: Autogen file is unchanged, skipping write.
[2022.12.26-14.22.54:470][  0]LogShaderCompilers: Display: Compiling shader autogen file: D:/UE51_WS/MetaHumans/Intermediate/ShaderAutogen/PCD3D_ES3_1/AutogenShaderHeaders.ush
[2022.12.26-14.22.54:475][  0]LogShaderCompilers: Display: Autogen file is unchanged, skipping write.
[2022.12.26-14.22.54:477][  0]LogTurnkeySupport: Turnkey Platform: Linux: (Status=Valid, Allowed_Sdk=v20_clang-13.0.1-centos7, Current_Sdk=v20_clang-13.0.1-centos7, Allowed_AutoSdk=v20_clang-13.0.1-centos7, Current_AutoSdk=, Flags="InstalledSdk_ValidVersionExists, Sdk_HasBestVersion")
[2022.12.26-14.22.54:478][  0]LogTurnkeySupport: Turnkey Platform: LinuxArm64: (Status=Valid, Allowed_Sdk=v20_clang-13.0.1-centos7, Current_Sdk=v20_clang-13.0.1-centos7, Allowed_AutoSdk=v20_clang-13.0.1-centos7, Current_AutoSdk=, Flags="InstalledSdk_ValidVersionExists, Sdk_HasBestVersion")
[2022.12.26-14.22.54:478][  0]LogTurnkeySupport: Turnkey Platform: Win64: (Status=Valid, MinAllowed_Sdk=10.0.00000.0, MaxAllowed_Sdk=10.9.99999.0, Current_Sdk=10.0.19041.0, Allowed_AutoSdk=10.0.18362.0, Current_AutoSdk=, Flags="InstalledSdk_ValidVersionExists")
[2022.12.26-14.22.54:480][  0]LogTurnkeySupport: Running Turnkey device detection: ' -ScriptsForProject="D:/UE51_WS/MetaHumans/MetaHumans.uproject" Turnkey -utf8output -WaitForUATMutex -command=VerifySdk -ReportFilename="D:/UE51_WS/MetaHumans/Intermediate/TurnkeyReport_1.log" -log="D:/UE51_WS/MetaHumans/Intermediate/TurnkeyLog_1.log" -project="D:/UE51_WS/MetaHumans/MetaHumans.uproject"  -Device=Win64@G15'
[2022.12.26-14.22.54:480][  0]LogMonitoredProcess: Running Serialized UAT: [ cmd.exe /c ""C:/Program Files/Epic Games/UE_5.1/Engine/Build/BatchFiles/RunUAT.bat"  -ScriptsForProject="D:/UE51_WS/MetaHumans/MetaHumans.uproject" Turnkey -utf8output -WaitForUATMutex -command=VerifySdk -ReportFilename="D:/UE51_WS/MetaHumans/Intermediate/TurnkeyReport_1.log" -log="D:/UE51_WS/MetaHumans/Intermediate/TurnkeyLog_1.log" -project="D:/UE51_WS/MetaHumans/MetaHumans.uproject"  -Device=Win64@G15" -nocompile -nocompileuat ]
[2022.12.26-14.22.54:506][  0]LogTexture: Display: Oodle Texture Encode Speed settings: Fast: RDO Off Lambda=0, Effort=Normal Final: RDO Off Lambda=0, Effort=Normal
[2022.12.26-14.22.54:577][  0]LogMaterial: Display: WorldGridMaterial-SM5-Default: MATSM_01614A42F67F4FFC8600AD04D15D199F_PCD3D_SM5_-1111051726__BC5N_NoCCBN_NoIris_DEV_SL_GV_PreExp_DBuf_UnInt_DXC0_VFO_SKYATM_SKYHF_SLWDFS_gs1_sdct_VT-0-0-1-0_DF_RAY-CHS1AHS1LOD0_VED_Aniso-1_ComprOodle_Compr2_Lev6_ExclNonPipSh-1_LWC-2097152_3821117834D223CF754F51059EF2CB96AE54674576_Num_SM5_FL_0000000d_MFA_00000008_V_B6A0A753ED62499D8F30931E61FCAB05_0_DB3E993F4E2E98B305AD13B92D8C5DA5_5ED0A2783F630BA5CB3EC77766BEDE91B3ED4A5F___TShadowDepthPSPixelShadowDepth_PerspectiveCorrectF449D5DEDCF833608913E6CD8B760EAB37A0558772C96EE55043153763054472F92891367BC849EC_FLumenCardPS<false>C99F08DFC47581645B636159483DE183E5DB9135B4AFBC835B0E8511B596BB98C6C375E96F613E4D_TShadowDepthPSPixelShadowDepth_NonPerspectiveCorrectF449D5DEDCF833608913E6CD8B760EAB37A055875D9003A07122BE7BD2876C98DF8D858F5E00365D_TShadowDepthVSVertexShadowDepth_OutputDepthPositionOnly566268C17842BE32F7F4196A64F1F860A951687BFCFDE4884D635EDF4F18BD3392801DB627240626_TLightMapDensityPSTLightMapPolicyHQC84C3C8B1FA855658F9C0A2A371DDABD1F79452E29E8E0F5F6FD2EDF413A1250AA7BE6E52C951D64_FRayTracingDynamicGeometryConverterCS0ABB639F68310E146B7E7A53D616A4A2EC4808E4072A0E200FA023B5D99FFB5F1AAF71DA03AF2DA3_TBasePassPSFPrecomputedVolumetricLightmapLightingPolicySkylightA50322446B83A4AA2D12EFC7A6D5C9AEFA80435C72C399F00EA0D8E90CF7BA4C61EF5A3EF74973E9_TMaterialCHSFNoLightMapPolicyBB49766FB142EEA39161FDD803D8E31666101F38BD06F44751740657E9BD2E738874A07D74DA1485_TBasePassPSTLightMapPolicyLQSkylightA50322446B83A4AA2D12EFC7A6D5C9AEFA80435C2E4EA8FEEED7EE52C208FC54424FEDB2CB987C3B_FLandscapeGrassWeightVSCE760ED4917D7AE7004CF8C6F5F4499E9B97C589A469FA5FCF448A131F926D214995E53915A18256_TLightMapDensityVSFNoLightMapPolicyC84C3C8B1FA855658F9C0A2A371DDABD1F79452E891C1124EC1B5DB941DF1BA5FABB4BBFA352223F_TBasePassPSTDistanceFieldShadowsAndLightMapPolicyHQA50322446B83A4AA2D12EFC7A6D5C9AEFA80435C69888500E07A0F62E3747DCAFAE5FAC8F032AD04_FHitProxyVS7C36940791A54FBE6A358BA344C8BFAD3CAD2B93B282128ADBC0C8F2E22B2C5B575EEDED30A8B7B8_FHitProxyPSF2A8FCCDF8BB1EBC7BCC3C20C862B59EB528CDEF2A74A59EB00EA821209C26349094BBB03F4D6ED5_TMaterialCHSTLightMapPolicyHQBB49766FB142EEA39161FDD803D8E31666101F38625CF756CDCFD5661AE72DF209C35A5CE9F64B72_FLandscapeGrassWeightPSCE760ED4917D7AE7004CF8C6F5F4499E9B97C589106C943CF2E5C6D33DAE5FDC4A4E9B8232B7C78A_TBasePassPSFNoLightMapPolicyA50322446B83A4AA2D12EFC7A6D5C9AEFA80435C6C8686026B054D9BD961D4C440F5FDD54CA38C07_TMaterialCHSFPrecomputedVolumetricLightmapLightingPolicyBB49766FB142EEA39161FDD803D8E31666101F38ECDE79919B77FF7F124296B0406F194F36229E0E_TShadowDepthVSVertexShadowDepth_OutputDepth566268C17842BE32F7F4196A64F1F860A951687B5C128A2F6D1507D174ED09775E1D5BB050F02683_TDepthOnlyVS<true>77E78BED1A1AECF5E6A7B716F216702EBC4CCE9C2A9A9EB6F6AEC78D04ED0798341235919F1C7EA3_FLandscapePhysicalMaterialPS9BD56FDC1A69F5A3842C3E86AD24E497CDE01F1CBD4AAA5E1E701CB0F79C3E8D450BEF8AC937258A_TLightMapDensityVSFDummyLightMapPolicyC84C3C8B1FA855658F9C0A2A371DDABD1F79452EA8D01D556A2A6347711968CC5B2C44E20848E17B_FLumenCardVSAC81B5EC2471BF6EB1C6B5C0DED961C1BBCB3000617646237FDC69FB38D590AA0B687E0FB01A281E_TBasePassVSFPrecomputedVolumetricLightmapLightingPolicyD04A42A3D7B4A6D063A7A38C2B9ADF7F0EFD6279FB996F0BE2BDCDA243D4A21F958EA439EF10418F_TBasePassPSTDistanceFieldShadowsAndLightMapPolicyHQSkylightA50322446B83A4AA2D12EFC7A6D5C9AEFA80435CE098E06E3A7ED4E7D0AE384D374798EAC9E671FB_TBasePassPSFPrecomputedVolumetricLightmapLightingPolicyA50322446B83A4AA2D12EFC7A6D5C9AEFA80435C1BF2DD414CE38D1A46E8BD153A9AAA4080A3ED8A_TMaterialCHSTDistanceFieldShadowsAndLightMapPolicyHQBB49766FB142EEA39161FDD803D8E31666101F38D64226B02F9EEA5B8FC4DE93BB3C89AE575A344D_TMaterialCHSTLightMapPolicyLQBB49766FB142EEA39161FDD803D8E31666101F382622F850AD92469695EFED6405C30D148D2C9676_TBasePassPSTLightMapPolicyHQA50322446B83A4AA2D12EFC7A6D5C9AEFA80435C26BD9FE44090B7A8EDCBBA02B66941E951A0847F_FPathTracingMaterialCHS_ISB9F75F5F2E5424C136689C37CFF347F5CB3422B76C28A3EA589F62464C6B4FAC02791E24DB608478_TLightMapDensityPSFDummyLightMapPolicyC84C3C8B1FA855658F9C0A2A371DDABD1F79452E696F9EC07D698191FA845F9186A9C2C14B87D692_TBasePassPSFCachedPointIndirectLightingPolicySkylightA50322446B83A4AA2D12EFC7A6D5C9AEFA80435CEA781543209A66E56FAA33319B50428AB09B65E2_FTranslucentLightingInjectPSCCCA088722FF1CDD2E95226DEA88C3E868FF7BC670CF5C264EEE993F300F770C1E5D8BD55181BC8A_TBasePassVSFCachedPointIndirectLightingPolicyD04A42A3D7B4A6D063A7A38C2B9ADF7F0EFD6279D1726533EF0C3E687EA7E3E99D89F6645873B5F6_TBasePassPSFCachedPointIndirectLightingPolicyA50322446B83A4AA2D12EFC7A6D5C9AEFA80435C233B673B73AD5C3DA45AB58558A2FEAF1AB5A7AA_FVelocityPSC89A3E8742CC125CAF8FEB3824D895F0E057EC90CC98E6311AC1581B96A09EEE8AE8F6960285B5A2_TBasePassPSFCachedVolumeIndirectLightingPolicyA50322446B83A4AA2D12EFC7A6D5C9AEFA80435C80D0A4694439F865D3CC508893BCA55969638F38_TShadowDepthVSVertexShadowDepth_PerspectiveCorrect566268C17842BE32F7F4196A64F1F860A951687BC004ABA017AA57991204B7B624FFD889C3B24A57_TBasePassPSFCachedVolumeIndirectLightingPolicySkylightA50322446B83A4AA2D12EFC7A6D5C9AEFA80435C588D69EC55B53A1F6EF1FDFE007D13A68C0DD945_TLightMapDensityPSFNoLightMapPolicyC84C3C8B1FA855658F9C0A2A371DDABD1F79452E0E6A1E8C16C0AF9964CF3FEFC1B82F1F3B567770_TMaterialCHS_IS_FPrecomputedVolumetricLightmapLightingPolicyBB49766FB142EEA39161FDD803D8E31666101F38A38CD9D7F7C29DC84BE0AD24454C25E1BDED089F_TLightMapDensityVSTLightMapPolicyLQC84C3C8B1FA855658F9C0A2A371DDABD1F79452E436509D3C31F9011DB1B52E8E02F2100F14082F9_TBasePassVSTLightMapPolicyHQD04A42A3D7B4A6D063A7A38C2B9ADF7F0EFD6279CE573C2FA544614368F38DB987E943642455C304_FLandscapePhysicalMaterialVS9BD56FDC1A69F5A3842C3E86AD24E497CDE01F1CDE0D5BCEA7EC56FCFAF6FE24C7902B1E6C1A2354_TBasePassPSFNoLightMapPolicySkylightA50322446B83A4AA2D12EFC7A6D5C9AEFA80435C3C0FD33120C8575A512698C01E1EBF84CB90BE73_TBasePassVSFCachedVolumeIndirectLightingPolicyD04A42A3D7B4A6D063A7A38C2B9ADF7F0EFD627952DA8047FE3873ACFEEB67FCFF3AF5DF1AA7C5C8_TShadowDepthPSPixelShadowDepth_OnePassPointLightF449D5DEDCF833608913E6CD8B760EAB37A055871C20FE0F6421C3566B37C59CBA77F6639400AC09_TShadowDepthVSVertexShadowDepth_PerspectiveCorrectPositionOnly566268C17842BE32F7F4196A64F1F860A951687B860900EDBECB877A088A2E4A829C4D0BA92DB982_TBasePassVSTDistanceFieldShadowsAndLightMapPolicyHQD04A42A3D7B4A6D063A7A38C2B9ADF7F0EFD627960D5E6FFDE96A687BE1C1A2ED9EDE815F8E41839_FPathTracingMaterialCHSB9F75F5F2E5424C136689C37CFF347F5CB3422B7DAF5C85E5C7F2DC5DB6657AC1A5C05CBF3CE19DD_TShadowDepthVSVertexShadowDepth_OnePassPointLight566268C17842BE32F7F4196A64F1F860A951687B56E359529EA5F920092BA8DF37812C451EC3EEF6_TBasePassPSTLightMapPolicyLQA50322446B83A4AA2D12EFC7A6D5C9AEFA80435C94FC918ED25A4366478C0CE664DD0F431FB434A6_TLightMapDensityPSTLightMapPolicyLQC84C3C8B1FA855658F9C0A2A371DDABD1F79452E0B66239385DAE6F5050046365A9D116D80E52224_TBasePassVSTLightMapPolicyLQD04A42A3D7B4A6D063A7A38C2B9ADF7F0EFD6279BFC5C974DD65E6DA17A7D3C21BFBF250BA30283F_TLightMapDensityVSTLightMapPolicyHQC84C3C8B1FA855658F9C0A2A371DDABD1F79452EB0E82574BC7F5C377B8E738E24BDE3D732363B44_FDebugViewModePS56838088095D59EE5193ECF20E85FE62298C7B9EE177622259CDB9DC1140CF61335F5353997EC8B6_TBasePassPSTLightMapPolicyHQSkylightA50322446B83A4AA2D12EFC7A6D5C9AEFA80435C25C2A51F6B76462E73EA9720145CE5233C11211C_TDepthOnlyVS<false>24730E33B4CBAAD6CC8E99A19D1BC1E6B4CB0B0AACA14F90957AEBF5BC1C2C3E6DB6BC750BA01CCD_FVelocityVSC89A3E8742CC125CAF8FEB3824D895F0E057EC90C043BB9FD7164B6E8DBD4123FD00693BC9B4513E_FDebugViewModeVS3D41E5A6CFCAEA88797E908D01A0A213270F85AA809CB80A6A7260721600DBFAB6C1E0001BD9B8AE_TMaterialCHS_IS_FNoLightMapPolicyBB49766FB142EEA39161FDD803D8E31666101F38C9316685721AB0AD5B0FD327B63DABBFB7C70611_TShadowDepthVSVertexShadowDepth_OnePassPointLightPositionOnly566268C17842BE32F7F4196A64F1F860A951687B6EB2AEF0350E0D6AC5867CF6F9990BDA65424641_TBasePassVSFNoLightMapPolicyD04A42A3D7B4A6D063A7A38C2B9ADF7F0EFD62792677AEB94C74F9DCEF44AB17F94D82839B020A23_DepthPosOnlyNoPixelPipeline77E78BED1A1AECF5E6A7B716F216702EBC4CCE9C_VelocityPipeline870119D18CF0465BE0070A38FCB3F092A61618D2_DepthNoPixelPipeline24730E33B4CBAAD6CC8E99A19D1BC1E6B4CB0B0A_FGPUSpriteVertexFactoryB023D948191B883949FF744AF068D58B6674E0495C5BE91DA01DC2B25B1018F3EDA7A6FC7D1D30AEB9CA513CCBA4F1E3AF7D9556DD0F2FF45E951E1A_FNiagaraRibbonVertexFactory02111BEB92300CA1083426DF3B5036FB866E6D3DA5C2BD7C8E1CB8C2C0438E13767AF67A0D5B5966DE03DD13CEAD2D60503F2AAC85D4762994EF4025A5C2BD7C8E1CB8C2C0438E13767AF67A0D5B5966A5C2BD7C8E1CB8C2C0438E13767AF67A0D5B5966_TGPUSkinAPEXClothVertexFactoryDefault78B6E71606342DB0718C0CB5514BFF039A3BFC1D594A4B2FCC58950587792A2CD41332131D3786E2_FHairStrandsVertexFactoryA80C3E70AB793490B542470810C783A4475C40C7D3E4E2A5E88CD68F0A272CC5E27AF3522F4CD35AD3E4E2A5E88CD68F0A272CC5E27AF3522F4CD35AD3E4E2A5E88CD68F0A272CC5E27AF3522F4CD35AD3E4E2A5E88CD68F0A272CC5E27AF3522F4CD35A_FParticleSpriteVertexFactory0B9848D46CEFCCD36BD972B3DCD50B8535368BABF99E1B0FB635933CEEAC41CF9441DF5EA4A994CA9DAE5A7C55936FD50BC3B20BD063C1832A4D4247_TGPUSkinVertexFactoryUnlimited78B6E71606342DB0718C0CB5514BFF039A3BFC1D180376A7171B50BD465E9983F32BCB5A07542FE7_FVectorFieldVisualizationVertexFactory29E6C71148328626051CD3685ED4463389FCC050CC854D8E74FEAEF90804D69AF6B78BD07A141ACC_FNiagaraMeshVertexFactoryABADC3FDA7FFF8E984F9BD6ABC7F9CC89BF514854B3A20E0CA93D5CA5A60C16EF2EB14EA073FC9571BD81B2CBA1F364F28A837532353718EB814537B4B3A20E0CA93D5CA5A60C16EF2EB14EA073FC9574B3A20E0CA93D5CA5A60C16EF2EB14EA073FC957_FParticleBeamTrailVertexFactory713DBD8F3CB30EBEE7F1075062B25AE25537E1D1378BBDDEC2CEAC35A309C357B38D702E7981D5D3_TGPUSkinVertexFactoryDefault78B6E71606342DB0718C0CB5514BFF039A3BFC1D180376A7171B50BD465E9983F32BCB5A07542FE7_TGPUSkinAPEXClothVertexFactoryUnlimited78B6E71606342DB0718C0CB5514BFF039A3BFC1D594A4B2FCC58950587792A2CD41332131D3786E2_FGeometryCollectionVertexFactoryF791AC6341FF97FC6CF0C8483241C9BC3B55570949D716CAD02F0AC031CC93ACB2AFCB9C42E7DC4149D716CAD02F0AC031CC93ACB2AFCB9C42E7DC4149D716CAD02F0AC031CC93ACB2AFCB9C42E7DC41_FLandscapeXYOffsetVertexFactory10E569238A1467FCD7FB548253D74CF0ABE0F4F8B1684FBEF19B946A8709F4309D7CC4E5FC6044ADEBA49461CECB1EA5D21E2BF8918B91C7C3994DCEB1684FBEF19B946A8709F4309D7CC4E5FC6044ADB1684FBEF19B946A8709F4309D7CC4E5FC6044AD_FMeshParticleVertexFactory083F8367142CEF5680A007B3BEFDF4AD3B6626EEF773920348F231C490A74B1A551F8CE3ABF04791_FInstancedStaticMeshVertexFactory3B3DFB1FEDE34A7A85FB5103E7AD47D9FB2DAB05A163AB24C1DAF4D0703BC40B6B0C866D318AC9F8A163AB24C1DAF4D0703BC40B6B0C866D318AC9F8A163AB24C1DAF4D0703BC40B6B0C866D318AC9F8A163AB24C1DAF4D0703BC40B6B0C866D318AC9F8_FSplineMeshVertexFactory3B3DFB1FEDE34A7A85FB5103E7AD47D9FB2DAB05A747D67BD07743C1BEA1DE549F682B82EB7B9965_FHairCardsVertexFactoryAC5DFFE2C436ECA52E0E4F6255AB98A3544211550FC1BDC3DE4DEE8FD704597A0BE4E617A04B1D440FC1BDC3DE4DEE8FD704597A0BE4E617A04B1D440FC1BDC3DE4DEE8FD704597A0BE4E617A04B1D440FC1BDC3DE4DEE8FD704597A0BE4E617A04B1D44_FLocalVertexFactory3B3DFB1FEDE34A7A85FB5103E7AD47D9FB2DAB05AC1A437FDC42E3432CC66409573A167E09487E70AC1A437FDC42E3432CC66409573A167E09487E70AC1A437FDC42E3432CC66409573A167E09487E70_FLandscapeVertexFactory10E569238A1467FCD7FB548253D74CF0ABE0F4F8B1684FBEF19B946A8709F4309D7CC4E5FC6044ADEBA49461CECB1EA5D21E2BF8918B91C7C3994DCEB1684FBEF19B946A8709F4309D7CC4E5FC6044ADB1684FBEF19B946A8709F4309D7CC4E5FC6044AD_FNiagaraSpriteVertexFactory983CF9980B73A474E8D7D8E01013CC0E6E16DAAE5957CFEE095AEFFBA7F83F09F020F15CF6555718EFF166204144512228FF7A163011544EEF3FD2265957CFEE095AEFFBA7F83F09F020F15CF65557185957CFEE095AEFFBA7F83F09F020F15CF6555718_FGeometryCacheVertexVertexFactory921F6B033EF261C9D21AB065EC0B6C351583BCAA76143182082C57C6F98756E7AE927ED26DD4479A76143182082C57C6F98756E7AE927ED26DD4479A_FLandscapeFixedGridVertexFactory10E569238A1467FCD7FB548253D74CF0ABE0F4F83F5F45F5620EF6411E27211E3D675CEA50B38DFBEBA49461CECB1EA5D21E2BF8918B91C7C3994DCE3F5F45F5620EF6411E27211E3D675CEA50B38DFB3F5F45F5620EF6411E27211E3D675CEA50B38DFB26321014141444441444144414141414144444740101010101013145444414331440131010204444161512141424044442414141313101434444744342414444444440444444444444444434141414142404444444444444444243414141510101011013131333121333343414142314134204444414141313134304141310101510101010356161613534343414646161616161614612131616160631316161616161510151015101510151015101101414141414141313131313141616161616161616160643434343444144444444515151010101131010536161616121000404040404040404040404040404043434343434343444443434343404040404040404343434340404040444442424444444434444442424141214144444442414141434141414141414141413131313131444344444444414141414141414141414141434343444444444444434440444141414144414141414141434141414441414141444441414141414133414424444441414143234141414141314141414241234342414343434143414144414141313131343244414141244141313134444341414121212421213131444212222614114221012121212424444444444041415101510153043410133141460014444445101101515151516161616161010101010150524213161616161611126010111704431313141314310141010101010101510101010103044510110101010101010101010101010101010101010600140404441404042121313134414101010101010101013101000243131314161616110101616464214131313121212121212121214144444444444140244444421212121212121212121212121312121212121212121212141212121212121212121434431411013131313161616161616161602314444444443414441414141424221212121212121212121312121212121212121212121212121212144444242424343434141444141414141444444444444444421442110131313131313161616160601012101010101510121014044444404342404442414131500444444444444343410131313321403040404341444341433144334143314331434143414331433143314221414331444144121043141314101510101014644444404446444444444404440141510151015101500010101010101010101010101011000044414040414121010100001010101010101444442420140444444444444444444444444444444444444444444444444444444444444444444444444440444444444444443414441414141434210131313121213232222221210101010100001010101014444424241210101010151015101410101510101010100444444141515104040404341000404040404040404040404040404043434343434343444443434343404040404040404343434340404040444442424444444434444442424141214144444442414141434141414141414141413131313131444344444444414141414141414141414141434343444444444444434440444141414144414141414141434141414441414141444441414141414133414424444441414143234141414141314141414241234342414343434143414144414141313131343244414141244141313134444341414121212421213131414101015151515151515151515101010101010101010151515151510151015101510151015101010101010101510161616161615101510151015101510151015101313151515151015101015101646141415101016161716163634043131313131313131442222314141410101010101110000001300000013000000130000001300000013000000130000000C00000013000000130000000D00000008000000140000000F000000100000000800000009000000080000002300000010000000100000000900000008000000080000001000000010000000100000001300000008000000080000000800000008000000080000000800000016000000100000000800000008000000080000001000000010000000CE00000010000000100000001000000010000000100000001000000010000000100000001000000010000000100000001000000010000000100000001000000010000000100000001000000010000000100000001000000010000000100000001000000010000000100000001000000010000000120000001000000008000000080000000800000014000000140000001300000008000000100000000800000008000000080000000800000008000000080000001300000009000000140000000E00000013000000130000001300000013000000130000001300000008000000100000000900000008000000090000000800000008000000130000000900000008000000090000000800000009000000080000000C00000009000000080000000900000009000000090000000900000009000000080000000800000008000000080000000800000013000000100000001000000010000000130000001000000010000000100000001000000009000000090000000900000010000000100000001000000010000000080000001A00000014000000290000000D000000440000000B0000000B00000013000000130000000900000009000000090000001400000008000000090000000D0000000C00000010000000080000000800000028000000100000001000000010000000100000000900000008000000100000001000000010000000100000001000000009000000080000000800000008000000080000000D00000009000000090000000900000009000000090000000900000009000000090000000900000009000000090000000C000000080000000C00000013000000100000001000000010000000100000001000000010000000100000000D0000000C00000009000000080000000900000008000000090000000C0000000800000013000000260000000F000000110000000900000009000000090000000900000009000000100000001B0000001300000013000000130000001300000013000000090000000800000009000000080000000800000008000000140000001400000008000000090000000900000008000000080000001000000008000000080000001000000010000000290100001000000010000000100000001000000010000000100000001000000010000000100000001000000010000000100000001000000010000000100000001000000010000000100000001000000010000000100000001000000010000000100000001000000010000000100000001000000008000000080000000800000008000000080000000800000008000000080000000800000008000000080000000800000008000000080000000800000008000000080000000800000008000000080000000800000008000000080000000800000008000000080000000800000008000000080000000800000008000000080000000800000008000000080000000800000008000000140000001000000010000000100000001000000009000000433AFC833894B7681A1D3DDBA35F7F5A9509A899000000000000000000000000000000000000000054BDFD528AA46A4E9413E044DCAC9A8F37A07E9D_101_101_4;
[2022.12.26-14.22.54:622][  0]LogMeshReduction: Using QuadricMeshReduction for automatic static mesh reduction
[2022.12.26-14.22.54:622][  0]LogMeshReduction: Using SimplygonMeshReduction for automatic skeletal mesh reduction
[2022.12.26-14.22.54:622][  0]LogMeshReduction: Using ProxyLODMeshReduction for automatic mesh merging
[2022.12.26-14.22.54:623][  0]LogMeshReduction: No distributed automatic mesh merging module available
[2022.12.26-14.22.54:623][  0]LogMeshMerging: No distributed automatic mesh merging module available
[2022.12.26-14.22.54:901][  0]LogNetVersion: MetaHumans 1.0.0, NetCL: 23058290, EngineNetVer: 30, GameNetVer: 0 (Checksum: 3194123892)
[2022.12.26-14.22.55:211][  0]LogTurnkeySupport: Completed device detection: Code = 0
[2022.12.26-14.22.55:365][  0]LogUObjectArray: 22328 objects as part of root set at end of initial load.
[2022.12.26-14.22.55:366][  0]LogUObjectAllocator: 6331288 out of 0 bytes used by permanent object pool.
[2022.12.26-14.22.55:366][  0]LogUObjectArray: CloseDisregardForGC: 0/0 objects in disregard for GC pool
[2022.12.26-14.22.55:382][  0]LogSlate: Border
[2022.12.26-14.22.55:383][  0]LogSlate: BreadcrumbButton
[2022.12.26-14.22.55:383][  0]LogSlate: Brushes.Title
[2022.12.26-14.22.55:383][  0]LogSlate: Default
[2022.12.26-14.22.55:383][  0]LogSlate: Icons.Save
[2022.12.26-14.22.55:384][  0]LogSlate: Icons.Toolbar.Settings
[2022.12.26-14.22.55:384][  0]LogSlate: ListView
[2022.12.26-14.22.55:384][  0]LogSlate: SoftwareCursor_CardinalCross
[2022.12.26-14.22.55:384][  0]LogSlate: SoftwareCursor_Grab
[2022.12.26-14.22.55:384][  0]LogSlate: TableView.DarkRow
[2022.12.26-14.22.55:384][  0]LogSlate: TableView.Row
[2022.12.26-14.22.55:384][  0]LogSlate: TreeView
[2022.12.26-14.22.55:482][  0]LogTurnkeySupport: Turnkey Device: Win64@G15: (Name=G15, Type=Computer, Status=Valid, , Flags="Device_InstallSoftwareValid")
[2022.12.26-14.22.55:691][  0]LogNiagaraDebuggerClient: Niagara Debugger Client Initialized | Session: EAA93E7B41C073F999688488B56B7CFC | Instance: E06C44334A68DA0CEA5F8785CE826DDC (G15-26072).
[2022.12.26-14.22.55:844][  0]LogPython: Using Python 3.9.7
[2022.12.26-14.22.56:534][  0]LogTcpMessaging: Initializing TcpMessaging bridge
[2022.12.26-14.22.56:537][  0]LogUdpMessaging: Initializing bridge on interface 0.0.0.0:0 to multicast group 230.0.0.1:6666.
[2022.12.26-14.22.56:540][  0]LogUdpMessaging: Display: Added local interface '192.168.137.1' to multicast group '230.0.0.1:6666'
[2022.12.26-14.22.56:540][  0]LogUdpMessaging: Display: Added local interface '192.168.1.3' to multicast group '230.0.0.1:6666'
[2022.12.26-14.22.56:670][  0]LogAudio: Display: Registering Engine Module Parameter Interfaces...
[2022.12.26-14.22.56:687][  0]LogMetasoundEngine: MetaSound Engine Initialized
[2022.12.26-14.22.57:198][  0]SourceControl: Source control is disabled
[2022.12.26-14.22.57:202][  0]SourceControl: Source control is disabled
[2022.12.26-14.22.57:207][  0]SourceControl: Source control is disabled
[2022.12.26-14.22.57:211][  0]LogUProjectInfo: Found projects:
[2022.12.26-14.22.57:379][  0]LogOpenImageDenoise: OIDN starting up
[2022.12.26-14.22.57:439][  0]LogAndroidPermission: UAndroidPermissionCallbackProxy::GetInstance
[2022.12.26-14.22.57:446][  0]LogAudioCaptureCore: Display: No Audio Capture implementations found. Audio input will be silent.
[2022.12.26-14.22.57:447][  0]LogAudioCaptureCore: Display: No Audio Capture implementations found. Audio input will be silent.
[2022.12.26-14.22.58:104][  0]LogCollectionManager: Loaded 0 collections in 0.002235 seconds
[2022.12.26-14.22.58:106][  0]LogFileCache: Scanning file cache for directory 'D:/UE51_WS/MetaHumans/Saved/Collections/' took 0.00s
[2022.12.26-14.22.58:107][  0]LogFileCache: Scanning file cache for directory 'D:/UE51_WS/MetaHumans/Content/Developers/edwar/Collections/' took 0.00s
[2022.12.26-14.22.58:109][  0]LogFileCache: Scanning file cache for directory 'D:/UE51_WS/MetaHumans/Content/Collections/' took 0.00s
[2022.12.26-14.22.58:293][  0]LogEngine: Initializing Engine...
[2022.12.26-14.22.58:305][  0]LogStats: UGameplayTagsManager::InitializeManager -  0.000 s
[2022.12.26-14.22.58:414][  0]LogInit: Initializing FReadOnlyCVARCache
[2022.12.26-14.22.58:431][  0]LogChaos: FPhysicsSolverBase::AsyncDt:-1.000000
[2022.12.26-14.22.58:452][  0]LogAIModule: Creating AISystem for world Untitled
[2022.12.26-14.22.58:453][  0]LogNetVersion: Set ProjectVersion to 1.0.0.0. Version Checksum will be recalculated on next use.
[2022.12.26-14.22.58:454][  0]LogInit: Texture streaming: Enabled
[2022.12.26-14.22.58:477][  0]LogAnalytics: Display: [UEEditor.Rocket.Release] APIServer = https://datarouter.ol.epicgames.com/. AppVersion = 5.1.0-23058290+++UE5+Release-5.1
[2022.12.26-14.22.58:486][  0]LogAudio: Display: Initializing Audio Device Manager...
[2022.12.26-14.22.58:508][  0]LogAudio: Display: Loading Default Audio Settings Objects...
[2022.12.26-14.22.58:509][  0]LogAudio: Display: No default SoundConcurrencyObject specified (or failed to load).
[2022.12.26-14.22.58:511][  0]LogAudio: Display: AudioInfo: 'BINKA' Registered
[2022.12.26-14.22.58:513][  0]LogAudio: Display: AudioInfo: 'PCM' Registered
[2022.12.26-14.22.58:515][  0]LogAudio: Display: AudioInfo: 'ADPCM' Registered
[2022.12.26-14.22.58:515][  0]LogAudio: Display: AudioInfo: 'OGG' Registered
[2022.12.26-14.22.58:515][  0]LogAudio: Display: AudioInfo: 'OPUS' Registered
[2022.12.26-14.22.58:515][  0]LogAudio: Display: Audio Device Manager Initialized
[2022.12.26-14.22.58:515][  0]LogAudio: Display: Creating Audio Device:                 Id: 1, Scope: Shared, Realtime: True
[2022.12.26-14.22.58:515][  0]LogAudioMixer: Display: Audio Mixer Platform Settings:
[2022.12.26-14.22.58:516][  0]LogAudioMixer: Display: 	Sample Rate:						  48000
[2022.12.26-14.22.58:516][  0]LogAudioMixer: Display: 	Callback Buffer Frame Size Requested: 1024
[2022.12.26-14.22.58:516][  0]LogAudioMixer: Display: 	Callback Buffer Frame Size To Use:	  1024
[2022.12.26-14.22.58:516][  0]LogAudioMixer: Display: 	Number of buffers to queue:			  1
[2022.12.26-14.22.58:516][  0]LogAudioMixer: Display: 	Max Channels (voices):				  0
[2022.12.26-14.22.58:516][  0]LogAudioMixer: Display: 	Number of Async Source Workers:		  4
[2022.12.26-14.22.58:516][  0]LogAudio: Display: AudioDevice MaxSources: 32
[2022.12.26-14.22.58:516][  0]LogAudio: Display: Audio Spatialization Plugin: None (built-in).
[2022.12.26-14.22.58:516][  0]LogAudio: Display: Audio Reverb Plugin: None (built-in).
[2022.12.26-14.22.58:516][  0]LogAudio: Display: Audio Occlusion Plugin: None (built-in).
[2022.12.26-14.22.58:524][  0]LogAudioMixer: Display: Initializing audio mixer using platform API: 'XAudio2'
[2022.12.26-14.22.58:545][  0]LogAudioMixer: Display: Using Audio Hardware Device 头戴式耳机 (Plantronics Blackwire 3220 Series)
[2022.12.26-14.22.58:545][  0]LogAudioMixer: Display: Initializing Sound Submixes...
[2022.12.26-14.22.58:547][  0]LogAudioMixer: Display: Creating Master Submix 'MasterSubmixDefault'
[2022.12.26-14.22.58:547][  0]LogAudioMixer: Display: Creating Master Submix 'MasterReverbSubmixDefault'
[2022.12.26-14.22.58:547][  0]LogAudioMixer: FMixerPlatformXAudio2::StartAudioStream() called. InstanceID=1
[2022.12.26-14.22.58:548][  0]LogAudioMixer: Display: Output buffers initialized: Frames=1024, Channels=2, Samples=2048, InstanceID=1
[2022.12.26-14.22.58:549][  0]LogAudioMixer: Display: Starting AudioMixerPlatformInterface::RunInternal(), InstanceID=1
[2022.12.26-14.22.58:549][  0]LogAudioMixer: Display: FMixerPlatformXAudio2::SubmitBuffer() called for the first time. InstanceID=1
[2022.12.26-14.22.58:549][  0]LogInit: FAudioDevice initialized.
[2022.12.26-14.22.58:549][  0]LogAudio: Display: Audio Device (ID: 1) registered with world 'Untitled'.
[2022.12.26-14.22.58:565][  0]LogCsvProfiler: Display: Metadata set : largeworldcoordinates="1"
[2022.12.26-14.22.58:573][  0]LogLiveCoding: Display: Starting LiveCoding
[2022.12.26-14.22.58:574][  0]LogLiveCoding: Display: LiveCodingConsole Arguments: UnrealEditor Win64 Development
[2022.12.26-14.22.58:577][  0]LogLiveCoding: Display: First instance in process group "UE_MetaHumans_0x62dca4e5", spawning console
[2022.12.26-14.22.58:580][  0]LogLiveCoding: Display: Waiting for server
[2022.12.26-14.22.58:971][  0]LogLiveCoding: Display: Successfully initialized, removing startup thread
[2022.12.26-14.22.59:006][  0]LogInit: Transaction tracking system initialized
[2022.12.26-14.22.59:044][  0]LogSourceControl: Display: Uncontrolled Changelist persistency file loaded D:/UE51_WS/MetaHumans/Saved/SourceControl/UncontrolledChangelists.json
[2022.12.26-14.22.59:045][  0]LogSourceControl: Uncontrolled asset enumeration started...
[2022.12.26-14.22.59:049][  0]LogSourceControl: Uncontrolled asset enumeration finished in 0.004431 seconds (Found 119 uncontrolled assets)
[2022.12.26-14.22.59:085][  0]BlueprintLog: New page: Editor Load
[2022.12.26-14.22.59:231][  0]LocalizationService: Localization service is disabled
[2022.12.26-14.22.59:269][  0]TimingProfiler: Initialize
[2022.12.26-14.22.59:270][  0]TimingProfiler: OnSessionChanged
[2022.12.26-14.22.59:270][  0]LoadingProfiler: Initialize
[2022.12.26-14.22.59:270][  0]LoadingProfiler: OnSessionChanged
[2022.12.26-14.22.59:270][  0]NetworkingProfiler: Initialize
[2022.12.26-14.22.59:270][  0]NetworkingProfiler: OnSessionChanged
[2022.12.26-14.22.59:271][  0]MemoryProfiler: Initialize
[2022.12.26-14.22.59:271][  0]MemoryProfiler: OnSessionChanged
[2022.12.26-14.22.59:326][  0]Warning: In asset 'None', there is an enum property of type 'EIOSVersion' with an invalid value of 'IOS_14'
[2022.12.26-14.22.59:329][  0]LogObj: Error: LoadConfig (/Script/IOSRuntimeSettings.Default__IOSRuntimeSettings): import failed for MinimumiOSVersion in: IOS_14
[2022.12.26-14.22.59:517][  0]LogFileCache: Scanning file cache for directory 'D:/UE51_WS/MetaHumans/Content/' took 0.01s
[2022.12.26-14.22.59:603][  0]LogEditorDomain: Display: Class /Script/AnimationData.AnimationSequencerDataModel is imported by a package but does not exist in memory. EditorDomain keys for packages using it will be invalid if it still exists.
	To clear this message, resave packages that use the deleted class, or load its module earlier than the packages that use it are referenced.
[2022.12.26-14.22.59:844][  0]LogLevelSequenceEditor: LevelSequenceEditor subsystem initialized.
[2022.12.26-14.22.59:868][  0]LogInit: Display: Engine is initialized. Leaving FEngineLoop::Init()
[2022.12.26-14.22.59:870][  0]SourceControl: Source control is disabled
[2022.12.26-14.22.59:870][  0]LogUnrealEdMisc: Loading editor; pre map load, took 9.359
[2022.12.26-14.22.59:870][  0]Cmd: MAP LOAD FILE="D:/UE51_WS/MetaHumans/Content/Levels/MetaHumanSample.umap" TEMPLATE=0 SHOWPROGRESS=1 FEATURELEVEL=3
[2022.12.26-14.22.59:877][  0]LightingResults: New page: Lighting Build
[2022.12.26-14.22.59:883][  0]LogWorld: UWorld::CleanupWorld for Untitled, bSessionEnded=true, bCleanupResources=true
[2022.12.26-14.22.59:883][  0]LogSlate: InvalidateAllWidgets triggered.  All widgets were invalidated
[2022.12.26-14.22.59:883][  0]MapCheck: New page: Map Check
[2022.12.26-14.22.59:883][  0]LightingResults: New page: Lighting Build
[2022.12.26-14.22.59:889][  0]LogAudio: Display: Audio Device unregistered from world 'None'.
[2022.12.26-14.22.59:892][  0]LogUObjectHash: Compacting FUObjectHashTables data took   0.40ms
[2022.12.26-14.23.01:003][  0]LogAnimation: Warning: PoseAsset /Game/MetaHumans/Common/Female/Medium/NormalWeight/Poses/f_med_nrw_pinky_02_r_pose.f_med_nrw_pinky_02_r_pose is out-of-date with its source animation /Game/MetaHumans/Common/Female/Medium/NormalWeight/Poses/f_med_nrw_pinky_02_r_anim.f_med_nrw_pinky_02_r_anim
[2022.12.26-14.23.01:007][  0]LogAnimation: Warning: PoseAsset /Game/MetaHumans/Common/Female/Medium/NormalWeight/Poses/f_med_nrw_pinky_03_r_pose.f_med_nrw_pinky_03_r_pose is out-of-date with its source animation /Game/MetaHumans/Common/Female/Medium/NormalWeight/Poses/f_med_nrw_pinky_03_r_anim.f_med_nrw_pinky_03_r_anim
[2022.12.26-14.23.01:010][  0]LogAnimation: Warning: PoseAsset /Game/MetaHumans/Common/Female/Medium/NormalWeight/Poses/f_med_nrw_pinky_01_r_pose.f_med_nrw_pinky_01_r_pose is out-of-date with its source animation /Game/MetaHumans/Common/Female/Medium/NormalWeight/Poses/f_med_nrw_pinky_01_r_anim.f_med_nrw_pinky_01_r_anim
[2022.12.26-14.23.01:014][  0]LogAnimation: Warning: PoseAsset /Game/MetaHumans/Common/Female/Medium/NormalWeight/Poses/f_med_nrw_ring_02_r_pose.f_med_nrw_ring_02_r_pose is out-of-date with its source animation /Game/MetaHumans/Common/Female/Medium/NormalWeight/Poses/f_med_nrw_ring_02_r_anim.f_med_nrw_ring_02_r_anim
[2022.12.26-14.23.01:017][  0]LogAnimation: Warning: PoseAsset /Game/MetaHumans/Common/Female/Medium/NormalWeight/Poses/f_med_nrw_ring_03_r_pose.f_med_nrw_ring_03_r_pose is out-of-date with its source animation /Game/MetaHumans/Common/Female/Medium/NormalWeight/Poses/f_med_nrw_ring_03_r_anim.f_med_nrw_ring_03_r_anim
[2022.12.26-14.23.01:020][  0]LogAnimation: Warning: PoseAsset /Game/MetaHumans/Common/Female/Medium/NormalWeight/Poses/f_med_nrw_ring_01_r_pose.f_med_nrw_ring_01_r_pose is out-of-date with its source animation /Game/MetaHumans/Common/Female/Medium/NormalWeight/Poses/f_med_nrw_ring_01_r_anim.f_med_nrw_ring_01_r_anim
[2022.12.26-14.23.01:024][  0]LogAnimation: Warning: PoseAsset /Game/MetaHumans/Common/Female/Medium/NormalWeight/Poses/f_med_nrw_middle_02_r_pose.f_med_nrw_middle_02_r_pose is out-of-date with its source animation /Game/MetaHumans/Common/Female/Medium/NormalWeight/Poses/f_med_nrw_middle_02_r_anim.f_med_nrw_middle_02_r_anim
[2022.12.26-14.23.01:028][  0]LogAnimation: Warning: PoseAsset /Game/MetaHumans/Common/Female/Medium/NormalWeight/Poses/f_med_nrw_middle_03_r_pose.f_med_nrw_middle_03_r_pose is out-of-date with its source animation /Game/MetaHumans/Common/Female/Medium/NormalWeight/Poses/f_med_nrw_middle_03_r_anim.f_med_nrw_middle_03_r_anim
[2022.12.26-14.23.01:031][  0]LogAnimation: Warning: PoseAsset /Game/MetaHumans/Common/Female/Medium/NormalWeight/Poses/f_med_nrw_middle_01_r_pose.f_med_nrw_middle_01_r_pose is out-of-date with its source animation /Game/MetaHumans/Common/Female/Medium/NormalWeight/Poses/f_med_nrw_middle_01_r_anim.f_med_nrw_middle_01_r_anim
[2022.12.26-14.23.01:034][  0]LogAnimation: Warning: PoseAsset /Game/MetaHumans/Common/Female/Medium/NormalWeight/Poses/f_med_nrw_index_02_r_pose.f_med_nrw_index_02_r_pose is out-of-date with its source animation /Game/MetaHumans/Common/Female/Medium/NormalWeight/Poses/f_med_nrw_index_02_r_anim.f_med_nrw_index_02_r_anim
[2022.12.26-14.23.01:038][  0]LogAnimation: Warning: PoseAsset /Game/MetaHumans/Common/Female/Medium/NormalWeight/Poses/f_med_nrw_index_03_r_pose.f_med_nrw_index_03_r_pose is out-of-date with its source animation /Game/MetaHumans/Common/Female/Medium/NormalWeight/Poses/f_med_nrw_index_03_r_anim.f_med_nrw_index_03_r_anim
[2022.12.26-14.23.01:041][  0]LogAnimation: Warning: PoseAsset /Game/MetaHumans/Common/Female/Medium/NormalWeight/Poses/f_med_nrw_index_01_r_pose.f_med_nrw_index_01_r_pose is out-of-date with its source animation /Game/MetaHumans/Common/Female/Medium/NormalWeight/Poses/f_med_nrw_index_01_r_anim.f_med_nrw_index_01_r_anim
[2022.12.26-14.23.01:044][  0]LogAnimation: Warning: PoseAsset /Game/MetaHumans/Common/Female/Medium/NormalWeight/Poses/f_med_nrw_thumb_02_r_pose.f_med_nrw_thumb_02_r_pose is out-of-date with its source animation /Game/MetaHumans/Common/Female/Medium/NormalWeight/Poses/f_med_nrw_thumb_02_r_anim.f_med_nrw_thumb_02_r_anim
[2022.12.26-14.23.01:048][  0]LogAnimation: Warning: PoseAsset /Game/MetaHumans/Common/Female/Medium/NormalWeight/Poses/f_med_nrw_thumb_03_r_pose.f_med_nrw_thumb_03_r_pose is out-of-date with its source animation /Game/MetaHumans/Common/Female/Medium/NormalWeight/Poses/f_med_nrw_thumb_03_r_anim.f_med_nrw_thumb_03_r_anim
[2022.12.26-14.23.01:051][  0]LogAnimation: Warning: PoseAsset /Game/MetaHumans/Common/Female/Medium/NormalWeight/Poses/f_med_nrw_thumb_01_r_pose.f_med_nrw_thumb_01_r_pose is out-of-date with its source animation /Game/MetaHumans/Common/Female/Medium/NormalWeight/Poses/f_med_nrw_thumb_01_r_anim.f_med_nrw_thumb_01_r_anim
[2022.12.26-14.23.01:054][  0]LogAnimation: Warning: PoseAsset /Game/MetaHumans/Common/Female/Medium/NormalWeight/Poses/f_med_nrw_pinky_02_l_pose.f_med_nrw_pinky_02_l_pose is out-of-date with its source animation /Game/MetaHumans/Common/Female/Medium/NormalWeight/Poses/f_med_nrw_pinky_02_l_anim.f_med_nrw_pinky_02_l_anim
[2022.12.26-14.23.01:058][  0]LogAnimation: Warning: PoseAsset /Game/MetaHumans/Common/Female/Medium/NormalWeight/Poses/f_med_nrw_pinky_03_l_pose.f_med_nrw_pinky_03_l_pose is out-of-date with its source animation /Game/MetaHumans/Common/Female/Medium/NormalWeight/Poses/f_med_nrw_pinky_03_l_anim.f_med_nrw_pinky_03_l_anim
[2022.12.26-14.23.01:061][  0]LogAnimation: Warning: PoseAsset /Game/MetaHumans/Common/Female/Medium/NormalWeight/Poses/f_med_nrw_pinky_01_l_pose.f_med_nrw_pinky_01_l_pose is out-of-date with its source animation /Game/MetaHumans/Common/Female/Medium/NormalWeight/Poses/f_med_nrw_pinky_01_l_anim.f_med_nrw_pinky_01_l_anim
[2022.12.26-14.23.01:064][  0]LogAnimation: Warning: PoseAsset /Game/MetaHumans/Common/Female/Medium/NormalWeight/Poses/f_med_nrw_ring_02_l_pose.f_med_nrw_ring_02_l_pose is out-of-date with its source animation /Game/MetaHumans/Common/Female/Medium/NormalWeight/Poses/f_med_nrw_ring_02_l_anim.f_med_nrw_ring_02_l_anim
[2022.12.26-14.23.01:068][  0]LogAnimation: Warning: PoseAsset /Game/MetaHumans/Common/Female/Medium/NormalWeight/Poses/f_med_nrw_ring_03_l_pose.f_med_nrw_ring_03_l_pose is out-of-date with its source animation /Game/MetaHumans/Common/Female/Medium/NormalWeight/Poses/f_med_nrw_ring_03_l_anim.f_med_nrw_ring_03_l_anim
[2022.12.26-14.23.01:072][  0]LogAnimation: Warning: PoseAsset /Game/MetaHumans/Common/Female/Medium/NormalWeight/Poses/f_med_nrw_ring_01_l_pose.f_med_nrw_ring_01_l_pose is out-of-date with its source animation /Game/MetaHumans/Common/Female/Medium/NormalWeight/Poses/f_med_nrw_ring_01_l_anim.f_med_nrw_ring_01_l_anim
[2022.12.26-14.23.01:075][  0]LogAnimation: Warning: PoseAsset /Game/MetaHumans/Common/Female/Medium/NormalWeight/Poses/f_med_nrw_middle_02_l_pose.f_med_nrw_middle_02_l_pose is out-of-date with its source animation /Game/MetaHumans/Common/Female/Medium/NormalWeight/Poses/f_med_nrw_middle_02_l_anim.f_med_nrw_middle_02_l_anim
[2022.12.26-14.23.01:078][  0]LogAnimation: Warning: PoseAsset /Game/MetaHumans/Common/Female/Medium/NormalWeight/Poses/f_med_nrw_middle_03_l_pose.f_med_nrw_middle_03_l_pose is out-of-date with its source animation /Game/MetaHumans/Common/Female/Medium/NormalWeight/Poses/f_med_nrw_middle_03_l_anim.f_med_nrw_middle_03_l_anim
[2022.12.26-14.23.01:082][  0]LogAnimation: Warning: PoseAsset /Game/MetaHumans/Common/Female/Medium/NormalWeight/Poses/f_med_nrw_middle_01_l_pose.f_med_nrw_middle_01_l_pose is out-of-date with its source animation /Game/MetaHumans/Common/Female/Medium/NormalWeight/Poses/f_med_nrw_middle_01_l_anim.f_med_nrw_middle_01_l_anim
[2022.12.26-14.23.01:085][  0]LogAnimation: Warning: PoseAsset /Game/MetaHumans/Common/Female/Medium/NormalWeight/Poses/f_med_nrw_index_02_l_pose.f_med_nrw_index_02_l_pose is out-of-date with its source animation /Game/MetaHumans/Common/Female/Medium/NormalWeight/Poses/f_med_nrw_index_02_l_anim.f_med_nrw_index_02_l_anim
[2022.12.26-14.23.01:088][  0]LogAnimation: Warning: PoseAsset /Game/MetaHumans/Common/Female/Medium/NormalWeight/Poses/f_med_nrw_index_03_l_pose.f_med_nrw_index_03_l_pose is out-of-date with its source animation /Game/MetaHumans/Common/Female/Medium/NormalWeight/Poses/f_med_nrw_index_03_l_anim.f_med_nrw_index_03_l_anim
[2022.12.26-14.23.01:092][  0]LogAnimation: Warning: PoseAsset /Game/MetaHumans/Common/Female/Medium/NormalWeight/Poses/f_med_nrw_index_01_l_pose.f_med_nrw_index_01_l_pose is out-of-date with its source animation /Game/MetaHumans/Common/Female/Medium/NormalWeight/Poses/f_med_nrw_index_01_l_anim.f_med_nrw_index_01_l_anim
[2022.12.26-14.23.01:095][  0]LogAnimation: Warning: PoseAsset /Game/MetaHumans/Common/Female/Medium/NormalWeight/Poses/f_med_nrw_thumb_02_l_pose.f_med_nrw_thumb_02_l_pose is out-of-date with its source animation /Game/MetaHumans/Common/Female/Medium/NormalWeight/Poses/f_med_nrw_thumb_02_l_anim.f_med_nrw_thumb_02_l_anim
[2022.12.26-14.23.01:099][  0]LogAnimation: Warning: PoseAsset /Game/MetaHumans/Common/Female/Medium/NormalWeight/Poses/f_med_nrw_thumb_03_l_pose.f_med_nrw_thumb_03_l_pose is out-of-date with its source animation /Game/MetaHumans/Common/Female/Medium/NormalWeight/Poses/f_med_nrw_thumb_03_l_anim.f_med_nrw_thumb_03_l_anim
[2022.12.26-14.23.01:102][  0]LogAnimation: Warning: PoseAsset /Game/MetaHumans/Common/Female/Medium/NormalWeight/Poses/f_med_nrw_thumb_01_l_pose.f_med_nrw_thumb_01_l_pose is out-of-date with its source animation /Game/MetaHumans/Common/Female/Medium/NormalWeight/Poses/f_med_nrw_thumb_01_l_anim.f_med_nrw_thumb_01_l_anim
[2022.12.26-14.23.01:108][  0]LogAnimation: Warning: PoseAsset /Game/MetaHumans/Common/Female/Medium/NormalWeight/Poses/f_med_nrw_upperarm_r_pose.f_med_nrw_upperarm_r_pose is out-of-date with its source animation /Game/MetaHumans/Common/Female/Medium/NormalWeight/Poses/f_med_nrw_upperarm_r_anim.f_med_nrw_upperarm_r_anim
[2022.12.26-14.23.01:113][  0]LogAnimation: Warning: PoseAsset /Game/MetaHumans/Common/Female/Medium/NormalWeight/Poses/f_med_nrw_upperarm_l_pose.f_med_nrw_upperarm_l_pose is out-of-date with its source animation /Game/MetaHumans/Common/Female/Medium/NormalWeight/Poses/f_med_nrw_upperarm_l_anim.f_med_nrw_upperarm_l_anim
[2022.12.26-14.23.01:119][  0]LogAnimation: Warning: PoseAsset /Game/MetaHumans/Common/Female/Medium/NormalWeight/Poses/f_med_nrw_thigh_r_pose.f_med_nrw_thigh_r_pose is out-of-date with its source animation /Game/MetaHumans/Common/Female/Medium/NormalWeight/Poses/f_med_nrw_thigh_r_anim.f_med_nrw_thigh_r_anim
[2022.12.26-14.23.01:124][  0]LogAnimation: Warning: PoseAsset /Game/MetaHumans/Common/Female/Medium/NormalWeight/Poses/f_med_nrw_thigh_l_pose.f_med_nrw_thigh_l_pose is out-of-date with its source animation /Game/MetaHumans/Common/Female/Medium/NormalWeight/Poses/f_med_nrw_thigh_l_anim.f_med_nrw_thigh_l_anim
[2022.12.26-14.23.01:129][  0]LogAnimation: Warning: PoseAsset /Game/MetaHumans/Common/Female/Medium/NormalWeight/Poses/f_med_nrw_lowerarm_r_pose.f_med_nrw_lowerarm_r_pose is out-of-date with its source animation /Game/MetaHumans/Common/Female/Medium/NormalWeight/Poses/f_med_nrw_lowerarm_r_anim.f_med_nrw_lowerarm_r_anim
[2022.12.26-14.23.01:134][  0]LogAnimation: Warning: PoseAsset /Game/MetaHumans/Common/Female/Medium/NormalWeight/Poses/f_med_nrw_lowerarm_l_pose.f_med_nrw_lowerarm_l_pose is out-of-date with its source animation /Game/MetaHumans/Common/Female/Medium/NormalWeight/Poses/f_med_nrw_lowerarm_l_anim.f_med_nrw_lowerarm_l_anim
[2022.12.26-14.23.01:138][  0]LogAnimation: Warning: PoseAsset /Game/MetaHumans/Common/Female/Medium/NormalWeight/Poses/f_med_nrw_hand_r_pose.f_med_nrw_hand_r_pose is out-of-date with its source animation /Game/MetaHumans/Common/Female/Medium/NormalWeight/Poses/f_med_nrw_hand_r_anim.f_med_nrw_hand_r_anim
[2022.12.26-14.23.01:141][  0]LogAnimation: Warning: PoseAsset /Game/MetaHumans/Common/Female/Medium/NormalWeight/Poses/f_med_nrw_hand_l_pose.f_med_nrw_hand_l_pose is out-of-date with its source animation /Game/MetaHumans/Common/Female/Medium/NormalWeight/Poses/f_med_nrw_hand_l_anim.f_med_nrw_hand_l_anim
[2022.12.26-14.23.01:145][  0]LogAnimation: Warning: PoseAsset /Game/MetaHumans/Common/Female/Medium/NormalWeight/Poses/f_med_nrw_foot_r_pose.f_med_nrw_foot_r_pose is out-of-date with its source animation /Game/MetaHumans/Common/Female/Medium/NormalWeight/Poses/f_med_nrw_foot_r_anim.f_med_nrw_foot_r_anim
[2022.12.26-14.23.01:148][  0]LogAnimation: Warning: PoseAsset /Game/MetaHumans/Common/Female/Medium/NormalWeight/Poses/f_med_nrw_foot_l_pose.f_med_nrw_foot_l_pose is out-of-date with its source animation /Game/MetaHumans/Common/Female/Medium/NormalWeight/Poses/f_med_nrw_foot_l_anim.f_med_nrw_foot_l_anim
[2022.12.26-14.23.01:152][  0]LogAnimation: Warning: PoseAsset /Game/MetaHumans/Common/Female/Medium/NormalWeight/Poses/f_med_nrw_clavicle_r_pose.f_med_nrw_clavicle_r_pose is out-of-date with its source animation /Game/MetaHumans/Common/Female/Medium/NormalWeight/Poses/f_med_nrw_clavicle_r_anim.f_med_nrw_clavicle_r_anim
[2022.12.26-14.23.01:156][  0]LogAnimation: Warning: PoseAsset /Game/MetaHumans/Common/Female/Medium/NormalWeight/Poses/f_med_nrw_clavicle_l_pose.f_med_nrw_clavicle_l_pose is out-of-date with its source animation /Game/MetaHumans/Common/Female/Medium/NormalWeight/Poses/f_med_nrw_clavicle_l_anim.f_med_nrw_clavicle_l_anim
[2022.12.26-14.23.01:160][  0]LogAnimation: Warning: PoseAsset /Game/MetaHumans/Common/Female/Medium/NormalWeight/Poses/f_med_nrw_calf_r_pose.f_med_nrw_calf_r_pose is out-of-date with its source animation /Game/MetaHumans/Common/Female/Medium/NormalWeight/Poses/f_med_nrw_calf_r_anim.f_med_nrw_calf_r_anim
[2022.12.26-14.23.01:164][  0]LogAnimation: Warning: PoseAsset /Game/MetaHumans/Common/Female/Medium/NormalWeight/Poses/f_med_nrw_calf_l_pose.f_med_nrw_calf_l_pose is out-of-date with its source animation /Game/MetaHumans/Common/Female/Medium/NormalWeight/Poses/f_med_nrw_calf_l_anim.f_med_nrw_calf_l_anim
[2022.12.26-14.23.04:921][  0]LogAnimation: Warning: PoseAsset /Game/MetaHumans/Common/Male/Medium/NormalWeight/Poses/m_med_nrw_retarget_pose.m_med_nrw_retarget_pose is out-of-date with its source animation /Game/MetaHumans/Common/Male/Medium/NormalWeight/Poses/m_med_nrw_retarget_anim.m_med_nrw_retarget_anim
[2022.12.26-14.23.04:924][  0]LogAnimation: Warning: PoseAsset /Game/MetaHumans/Common/Male/Medium/NormalWeight/Poses/m_med_nrw_pinky_02_r_pose.m_med_nrw_pinky_02_r_pose is out-of-date with its source animation /Game/MetaHumans/Common/Male/Medium/NormalWeight/Poses/m_med_nrw_pinky_02_r_anim.m_med_nrw_pinky_02_r_anim
[2022.12.26-14.23.04:928][  0]LogAnimation: Warning: PoseAsset /Game/MetaHumans/Common/Male/Medium/NormalWeight/Poses/m_med_nrw_pinky_03_r_pose.m_med_nrw_pinky_03_r_pose is out-of-date with its source animation /Game/MetaHumans/Common/Male/Medium/NormalWeight/Poses/m_med_nrw_pinky_03_r_anim.m_med_nrw_pinky_03_r_anim
[2022.12.26-14.23.04:932][  0]LogAnimation: Warning: PoseAsset /Game/MetaHumans/Common/Male/Medium/NormalWeight/Poses/m_med_nrw_pinky_01_r_pose.m_med_nrw_pinky_01_r_pose is out-of-date with its source animation /Game/MetaHumans/Common/Male/Medium/NormalWeight/Poses/m_med_nrw_pinky_01_r_anim.m_med_nrw_pinky_01_r_anim
[2022.12.26-14.23.04:935][  0]LogAnimation: Warning: PoseAsset /Game/MetaHumans/Common/Male/Medium/NormalWeight/Poses/m_med_nrw_ring_02_r_pose.m_med_nrw_ring_02_r_pose is out-of-date with its source animation /Game/MetaHumans/Common/Male/Medium/NormalWeight/Poses/m_med_nrw_ring_02_r_anim.m_med_nrw_ring_02_r_anim
[2022.12.26-14.23.04:938][  0]LogAnimation: Warning: PoseAsset /Game/MetaHumans/Common/Male/Medium/NormalWeight/Poses/m_med_nrw_ring_03_r_pose.m_med_nrw_ring_03_r_pose is out-of-date with its source animation /Game/MetaHumans/Common/Male/Medium/NormalWeight/Poses/m_med_nrw_ring_03_r_anim.m_med_nrw_ring_03_r_anim
[2022.12.26-14.23.04:942][  0]LogAnimation: Warning: PoseAsset /Game/MetaHumans/Common/Male/Medium/NormalWeight/Poses/m_med_nrw_ring_01_r_pose.m_med_nrw_ring_01_r_pose is out-of-date with its source animation /Game/MetaHumans/Common/Male/Medium/NormalWeight/Poses/m_med_nrw_ring_01_r_anim.m_med_nrw_ring_01_r_anim
[2022.12.26-14.23.04:945][  0]LogAnimation: Warning: PoseAsset /Game/MetaHumans/Common/Male/Medium/NormalWeight/Poses/m_med_nrw_middle_02_r_pose.m_med_nrw_middle_02_r_pose is out-of-date with its source animation /Game/MetaHumans/Common/Male/Medium/NormalWeight/Poses/m_med_nrw_middle_02_r_anim.m_med_nrw_middle_02_r_anim
[2022.12.26-14.23.04:948][  0]LogAnimation: Warning: PoseAsset /Game/MetaHumans/Common/Male/Medium/NormalWeight/Poses/m_med_nrw_middle_03_r_pose.m_med_nrw_middle_03_r_pose is out-of-date with its source animation /Game/MetaHumans/Common/Male/Medium/NormalWeight/Poses/m_med_nrw_middle_03_r_anim.m_med_nrw_middle_03_r_anim
[2022.12.26-14.23.04:951][  0]LogAnimation: Warning: PoseAsset /Game/MetaHumans/Common/Male/Medium/NormalWeight/Poses/m_med_nrw_middle_01_r_pose.m_med_nrw_middle_01_r_pose is out-of-date with its source animation /Game/MetaHumans/Common/Male/Medium/NormalWeight/Poses/m_med_nrw_middle_01_r_anim.m_med_nrw_middle_01_r_anim
[2022.12.26-14.23.04:955][  0]LogAnimation: Warning: PoseAsset /Game/MetaHumans/Common/Male/Medium/NormalWeight/Poses/m_med_nrw_index_02_r_pose.m_med_nrw_index_02_r_pose is out-of-date with its source animation /Game/MetaHumans/Common/Male/Medium/NormalWeight/Poses/m_med_nrw_index_02_r_anim.m_med_nrw_index_02_r_anim
[2022.12.26-14.23.04:958][  0]LogAnimation: Warning: PoseAsset /Game/MetaHumans/Common/Male/Medium/NormalWeight/Poses/m_med_nrw_index_03_r_pose.m_med_nrw_index_03_r_pose is out-of-date with its source animation /Game/MetaHumans/Common/Male/Medium/NormalWeight/Poses/m_med_nrw_index_03_r_anim.m_med_nrw_index_03_r_anim
[2022.12.26-14.23.04:962][  0]LogAnimation: Warning: PoseAsset /Game/MetaHumans/Common/Male/Medium/NormalWeight/Poses/m_med_nrw_index_01_r_pose.m_med_nrw_index_01_r_pose is out-of-date with its source animation /Game/MetaHumans/Common/Male/Medium/NormalWeight/Poses/m_med_nrw_index_01_r_anim.m_med_nrw_index_01_r_anim
[2022.12.26-14.23.04:965][  0]LogAnimation: Warning: PoseAsset /Game/MetaHumans/Common/Male/Medium/NormalWeight/Poses/m_med_nrw_thumb_02_r_pose.m_med_nrw_thumb_02_r_pose is out-of-date with its source animation /Game/MetaHumans/Common/Male/Medium/NormalWeight/Poses/m_med_nrw_thumb_02_r_anim.m_med_nrw_thumb_02_r_anim
[2022.12.26-14.23.04:968][  0]LogAnimation: Warning: PoseAsset /Game/MetaHumans/Common/Male/Medium/NormalWeight/Poses/m_med_nrw_thumb_03_r_pose.m_med_nrw_thumb_03_r_pose is out-of-date with its source animation /Game/MetaHumans/Common/Male/Medium/NormalWeight/Poses/m_med_nrw_thumb_03_r_anim.m_med_nrw_thumb_03_r_anim
[2022.12.26-14.23.04:972][  0]LogAnimation: Warning: PoseAsset /Game/MetaHumans/Common/Male/Medium/NormalWeight/Poses/m_med_nrw_thumb_01_r_pose.m_med_nrw_thumb_01_r_pose is out-of-date with its source animation /Game/MetaHumans/Common/Male/Medium/NormalWeight/Poses/m_med_nrw_thumb_01_r_anim.m_med_nrw_thumb_01_r_anim
[2022.12.26-14.23.04:975][  0]LogAnimation: Warning: PoseAsset /Game/MetaHumans/Common/Male/Medium/NormalWeight/Poses/m_med_nrw_pinky_02_l_pose.m_med_nrw_pinky_02_l_pose is out-of-date with its source animation /Game/MetaHumans/Common/Male/Medium/NormalWeight/Poses/m_med_nrw_pinky_02_l_anim.m_med_nrw_pinky_02_l_anim
[2022.12.26-14.23.04:978][  0]LogAnimation: Warning: PoseAsset /Game/MetaHumans/Common/Male/Medium/NormalWeight/Poses/m_med_nrw_pinky_03_l_pose.m_med_nrw_pinky_03_l_pose is out-of-date with its source animation /Game/MetaHumans/Common/Male/Medium/NormalWeight/Poses/m_med_nrw_pinky_03_l_anim.m_med_nrw_pinky_03_l_anim
[2022.12.26-14.23.04:981][  0]LogAnimation: Warning: PoseAsset /Game/MetaHumans/Common/Male/Medium/NormalWeight/Poses/m_med_nrw_pinky_01_l_pose.m_med_nrw_pinky_01_l_pose is out-of-date with its source animation /Game/MetaHumans/Common/Male/Medium/NormalWeight/Poses/m_med_nrw_pinky_01_l_anim.m_med_nrw_pinky_01_l_anim
[2022.12.26-14.23.04:985][  0]LogAnimation: Warning: PoseAsset /Game/MetaHumans/Common/Male/Medium/NormalWeight/Poses/m_med_nrw_ring_02_l_pose.m_med_nrw_ring_02_l_pose is out-of-date with its source animation /Game/MetaHumans/Common/Male/Medium/NormalWeight/Poses/m_med_nrw_ring_02_l_anim.m_med_nrw_ring_02_l_anim
[2022.12.26-14.23.04:988][  0]LogAnimation: Warning: PoseAsset /Game/MetaHumans/Common/Male/Medium/NormalWeight/Poses/m_med_nrw_ring_03_l_pose.m_med_nrw_ring_03_l_pose is out-of-date with its source animation /Game/MetaHumans/Common/Male/Medium/NormalWeight/Poses/m_med_nrw_ring_03_l_anim.m_med_nrw_ring_03_l_anim
[2022.12.26-14.23.04:992][  0]LogAnimation: Warning: PoseAsset /Game/MetaHumans/Common/Male/Medium/NormalWeight/Poses/m_med_nrw_ring_01_l_pose.m_med_nrw_ring_01_l_pose is out-of-date with its source animation /Game/MetaHumans/Common/Male/Medium/NormalWeight/Poses/m_med_nrw_ring_01_l_anim.m_med_nrw_ring_01_l_anim
[2022.12.26-14.23.04:995][  0]LogAnimation: Warning: PoseAsset /Game/MetaHumans/Common/Male/Medium/NormalWeight/Poses/m_med_nrw_middle_02_l_pose.m_med_nrw_middle_02_l_pose is out-of-date with its source animation /Game/MetaHumans/Common/Male/Medium/NormalWeight/Poses/m_med_nrw_middle_02_l_anim.m_med_nrw_middle_02_l_anim
[2022.12.26-14.23.04:999][  0]LogAnimation: Warning: PoseAsset /Game/MetaHumans/Common/Male/Medium/NormalWeight/Poses/m_med_nrw_middle_03_l_pose.m_med_nrw_middle_03_l_pose is out-of-date with its source animation /Game/MetaHumans/Common/Male/Medium/NormalWeight/Poses/m_med_nrw_middle_03_l_anim.m_med_nrw_middle_03_l_anim
[2022.12.26-14.23.05:002][  0]LogAnimation: Warning: PoseAsset /Game/MetaHumans/Common/Male/Medium/NormalWeight/Poses/m_med_nrw_middle_01_l_pose.m_med_nrw_middle_01_l_pose is out-of-date with its source animation /Game/MetaHumans/Common/Male/Medium/NormalWeight/Poses/m_med_nrw_middle_01_l_anim.m_med_nrw_middle_01_l_anim
[2022.12.26-14.23.05:006][  0]LogAnimation: Warning: PoseAsset /Game/MetaHumans/Common/Male/Medium/NormalWeight/Poses/m_med_nrw_index_02_l_pose.m_med_nrw_index_02_l_pose is out-of-date with its source animation /Game/MetaHumans/Common/Male/Medium/NormalWeight/Poses/m_med_nrw_index_02_l_anim.m_med_nrw_index_02_l_anim
[2022.12.26-14.23.05:010][  0]LogAnimation: Warning: PoseAsset /Game/MetaHumans/Common/Male/Medium/NormalWeight/Poses/m_med_nrw_index_03_l_pose.m_med_nrw_index_03_l_pose is out-of-date with its source animation /Game/MetaHumans/Common/Male/Medium/NormalWeight/Poses/m_med_nrw_index_03_l_anim.m_med_nrw_index_03_l_anim
[2022.12.26-14.23.05:013][  0]LogAnimation: Warning: PoseAsset /Game/MetaHumans/Common/Male/Medium/NormalWeight/Poses/m_med_nrw_index_01_l_pose.m_med_nrw_index_01_l_pose is out-of-date with its source animation /Game/MetaHumans/Common/Male/Medium/NormalWeight/Poses/m_med_nrw_index_01_l_anim.m_med_nrw_index_01_l_anim
[2022.12.26-14.23.05:017][  0]LogAnimation: Warning: PoseAsset /Game/MetaHumans/Common/Male/Medium/NormalWeight/Poses/m_med_nrw_thumb_02_l_pose.m_med_nrw_thumb_02_l_pose is out-of-date with its source animation /Game/MetaHumans/Common/Male/Medium/NormalWeight/Poses/m_med_nrw_thumb_02_l_anim.m_med_nrw_thumb_02_l_anim
[2022.12.26-14.23.05:020][  0]LogAnimation: Warning: PoseAsset /Game/MetaHumans/Common/Male/Medium/NormalWeight/Poses/m_med_nrw_thumb_03_l_pose.m_med_nrw_thumb_03_l_pose is out-of-date with its source animation /Game/MetaHumans/Common/Male/Medium/NormalWeight/Poses/m_med_nrw_thumb_03_l_anim.m_med_nrw_thumb_03_l_anim
[2022.12.26-14.23.05:024][  0]LogAnimation: Warning: PoseAsset /Game/MetaHumans/Common/Male/Medium/NormalWeight/Poses/m_med_nrw_thumb_01_l_pose.m_med_nrw_thumb_01_l_pose is out-of-date with its source animation /Game/MetaHumans/Common/Male/Medium/NormalWeight/Poses/m_med_nrw_thumb_01_l_anim.m_med_nrw_thumb_01_l_anim
[2022.12.26-14.23.05:030][  0]LogAnimation: Warning: PoseAsset /Game/MetaHumans/Common/Male/Medium/NormalWeight/Poses/m_med_nrw_upperarm_r_pose.m_med_nrw_upperarm_r_pose is out-of-date with its source animation /Game/MetaHumans/Common/Male/Medium/NormalWeight/Poses/m_med_nrw_upperarm_r_anim.m_med_nrw_upperarm_r_anim
[2022.12.26-14.23.05:035][  0]LogAnimation: Warning: PoseAsset /Game/MetaHumans/Common/Male/Medium/NormalWeight/Poses/m_med_nrw_upperarm_l_pose.m_med_nrw_upperarm_l_pose is out-of-date with its source animation /Game/MetaHumans/Common/Male/Medium/NormalWeight/Poses/m_med_nrw_upperarm_l_anim.m_med_nrw_upperarm_l_anim
[2022.12.26-14.23.05:041][  0]LogAnimation: Warning: PoseAsset /Game/MetaHumans/Common/Male/Medium/NormalWeight/Poses/m_med_nrw_thigh_r_pose.m_med_nrw_thigh_r_pose is out-of-date with its source animation /Game/MetaHumans/Common/Male/Medium/NormalWeight/Poses/m_med_nrw_thigh_r_anim.m_med_nrw_thigh_r_anim
[2022.12.26-14.23.05:047][  0]LogAnimation: Warning: PoseAsset /Game/MetaHumans/Common/Male/Medium/NormalWeight/Poses/m_med_nrw_thigh_l_pose.m_med_nrw_thigh_l_pose is out-of-date with its source animation /Game/MetaHumans/Common/Male/Medium/NormalWeight/Poses/m_med_nrw_thigh_l_anim.m_med_nrw_thigh_l_anim
[2022.12.26-14.23.05:052][  0]LogAnimation: Warning: PoseAsset /Game/MetaHumans/Common/Male/Medium/NormalWeight/Poses/m_med_nrw_lowerarm_r_pose.m_med_nrw_lowerarm_r_pose is out-of-date with its source animation /Game/MetaHumans/Common/Male/Medium/NormalWeight/Poses/m_med_nrw_lowerarm_r_anim.m_med_nrw_lowerarm_r_anim
[2022.12.26-14.23.05:056][  0]LogAnimation: Warning: PoseAsset /Game/MetaHumans/Common/Male/Medium/NormalWeight/Poses/m_med_nrw_lowerarm_l_pose.m_med_nrw_lowerarm_l_pose is out-of-date with its source animation /Game/MetaHumans/Common/Male/Medium/NormalWeight/Poses/m_med_nrw_lowerarm_l_anim.m_med_nrw_lowerarm_l_anim
[2022.12.26-14.23.05:060][  0]LogAnimation: Warning: PoseAsset /Game/MetaHumans/Common/Male/Medium/NormalWeight/Poses/m_med_nrw_hand_r_pose.m_med_nrw_hand_r_pose is out-of-date with its source animation /Game/MetaHumans/Common/Male/Medium/NormalWeight/Poses/m_med_nrw_hand_r_anim.m_med_nrw_hand_r_anim
[2022.12.26-14.23.05:063][  0]LogAnimation: Warning: PoseAsset /Game/MetaHumans/Common/Male/Medium/NormalWeight/Poses/m_med_nrw_hand_l_pose.m_med_nrw_hand_l_pose is out-of-date with its source animation /Game/MetaHumans/Common/Male/Medium/NormalWeight/Poses/m_med_nrw_hand_l_anim.m_med_nrw_hand_l_anim
[2022.12.26-14.23.05:067][  0]LogAnimation: Warning: PoseAsset /Game/MetaHumans/Common/Male/Medium/NormalWeight/Poses/m_med_nrw_foot_r_pose.m_med_nrw_foot_r_pose is out-of-date with its source animation /Game/MetaHumans/Common/Male/Medium/NormalWeight/Poses/m_med_nrw_foot_r_anim.m_med_nrw_foot_r_anim
[2022.12.26-14.23.05:071][  0]LogAnimation: Warning: PoseAsset /Game/MetaHumans/Common/Male/Medium/NormalWeight/Poses/m_med_nrw_foot_l_pose.m_med_nrw_foot_l_pose is out-of-date with its source animation /Game/MetaHumans/Common/Male/Medium/NormalWeight/Poses/m_med_nrw_foot_l_anim.m_med_nrw_foot_l_anim
[2022.12.26-14.23.05:075][  0]LogAnimation: Warning: PoseAsset /Game/MetaHumans/Common/Male/Medium/NormalWeight/Poses/m_med_nrw_clavicle_r_pose.m_med_nrw_clavicle_r_pose is out-of-date with its source animation /Game/MetaHumans/Common/Male/Medium/NormalWeight/Poses/m_med_nrw_clavicle_r_anim.m_med_nrw_clavicle_r_anim
[2022.12.26-14.23.05:079][  0]LogAnimation: Warning: PoseAsset /Game/MetaHumans/Common/Male/Medium/NormalWeight/Poses/m_med_nrw_clavicle_l_pose.m_med_nrw_clavicle_l_pose is out-of-date with its source animation /Game/MetaHumans/Common/Male/Medium/NormalWeight/Poses/m_med_nrw_clavicle_l_anim.m_med_nrw_clavicle_l_anim
[2022.12.26-14.23.05:082][  0]LogAnimation: Warning: PoseAsset /Game/MetaHumans/Common/Male/Medium/NormalWeight/Poses/m_med_nrw_calf_r_pose.m_med_nrw_calf_r_pose is out-of-date with its source animation /Game/MetaHumans/Common/Male/Medium/NormalWeight/Poses/m_med_nrw_calf_r_anim.m_med_nrw_calf_r_anim
[2022.12.26-14.23.05:086][  0]LogAnimation: Warning: PoseAsset /Game/MetaHumans/Common/Male/Medium/NormalWeight/Poses/m_med_nrw_calf_l_pose.m_med_nrw_calf_l_pose is out-of-date with its source animation /Game/MetaHumans/Common/Male/Medium/NormalWeight/Poses/m_med_nrw_calf_l_anim.m_med_nrw_calf_l_anim
[2022.12.26-14.23.08:304][  0]LogAnimation: Warning: PoseAsset /Game/MetaHumans/Common/Common/Mocap/mh_arkit_mapping_pose.mh_arkit_mapping_pose is out-of-date with its source animation /Game/MetaHumans/Common/Common/Mocap/mh_arkit_mapping_anim.mh_arkit_mapping_anim
[2022.12.26-14.23.11:828][  0]LogAudio: Display: Audio Device (ID: 1) registered with world 'MetaHumanSample'.
[2022.12.26-14.23.11:829][  0]LogChaos: FPhysicsSolverBase::AsyncDt:-1.000000
[2022.12.26-14.23.11:830][  0]LogAIModule: Creating AISystem for world MetaHumanSample
[2022.12.26-14.23.11:937][  0]LogNiagara: Compiling System NiagaraSystem /HairStrands/Emitters/StableRodsSystem.StableRodsSystem took 0.601904 sec, no shader worker used.
[2022.12.26-14.23.11:980][  0]LogStreaming: Display: ULevelStreaming::RequestLevel(/Game/Levels/LightingLevels/MH_CinematicLighting) is flushing async loading
[2022.12.26-14.23.11:981][  0]LogStreaming: Display: FlushAsyncLoading(-1): 1 QueuedPackages, 0 AsyncPackages
[2022.12.26-14.23.12:133][  0]LogSkeletalMesh: Display: OnRegister[/Game/MetaHumans/Common/Male/Medium/NormalWeight/Tops/Hoodie/Meshes/m_med_nrw_top_hoodie_nrm.m_med_nrw_top_hoodie_nrm]: [ClothingSimulationFactoryNv] is currently unable to provide a fully functional simulation for each of this SkeletalMesh's clothing assets.
[2022.12.26-14.23.12:134][  0]LogSkeletalMesh: Display: OnRegister[/Game/MetaHumans/Common/Male/Medium/NormalWeight/Tops/Hoodie/Meshes/m_med_nrw_top_hoodie_nrm.m_med_nrw_top_hoodie_nrm]: The ClothingSimulationFactory property will now be automatically updated to use the most functional simulation that can be found.
[2022.12.26-14.23.12:134][  0]LogSkeletalMesh: Display: OnRegister[/Game/MetaHumans/Common/Male/Medium/NormalWeight/Bottoms/Jeans/m_med_nrw_btm_jeans_nrm.m_med_nrw_btm_jeans_nrm]: [ClothingSimulationFactoryNv] is currently unable to provide a fully functional simulation for each of this SkeletalMesh's clothing assets.
[2022.12.26-14.23.12:134][  0]LogSkeletalMesh: Display: OnRegister[/Game/MetaHumans/Common/Male/Medium/NormalWeight/Bottoms/Jeans/m_med_nrw_btm_jeans_nrm.m_med_nrw_btm_jeans_nrm]: The ClothingSimulationFactory property will now be automatically updated to use the most functional simulation that can be found.
[2022.12.26-14.23.12:571][  0]LogStreaming: Display: ULevelStreaming::RequestLevel(/Game/Levels/LightingLevels/MH_MobileLighting) is flushing async loading
[2022.12.26-14.23.12:579][  0]LogStreaming: Display: ULevelStreaming::RequestLevel(/Game/Levels/LightingLevels/MH_Gen5-PcNoRT_Lighting) is flushing async loading
[2022.12.26-14.23.12:585][  0]LogStreaming: Display: ULevelStreaming::RequestLevel(/Game/Levels/LightingLevels/MH_Gen4Lighting) is flushing async loading
[2022.12.26-14.23.12:592][  0]LogEditorServer: Finished looking for orphan Actors (0.000 secs)
[2022.12.26-14.23.12:631][  0]LogUObjectHash: Compacting FUObjectHashTables data took   1.42ms
[2022.12.26-14.23.12:633][  0]Cmd: MAP CHECKDEP NOCLEARLOG
[2022.12.26-14.23.12:634][  0]MapCheck: Map check complete: 0 Error(s), 0 Warning(s), took 0.19ms to complete.
[2022.12.26-14.23.12:634][  0]LogFileHelpers: Loading map 'MetaHumanSample' took 12.763
[2022.12.26-14.23.12:646][  0]LogUnrealEdMisc: Total Editor Startup Time, took 22.135
[2022.12.26-14.23.12:647][  0]LogShaderCompilers: Display: ================================================
[2022.12.26-14.23.12:647][  0]LogShaderCompilers: Display: === FShaderJobCache stats ===
[2022.12.26-14.23.12:647][  0]LogShaderCompilers: Display: Total job queries 40, among them cache hits 0 (0.00%)
[2022.12.26-14.23.12:647][  0]LogShaderCompilers: Display: Tracking 40 distinct input hashes that result in 28 distinct outputs (70.00%)
[2022.12.26-14.23.12:647][  0]LogShaderCompilers: Display: RAM used: 0.14 MB (0.00 GB) of 1638.40 MB (1.60 GB) budget. Usage: 0.01%
[2022.12.26-14.23.12:647][  0]LogShaderCompilers: Display: === Shader Compilation stats ===
[2022.12.26-14.23.12:647][  0]LogShaderCompilers: Display: Shaders Compiled: 0
[2022.12.26-14.23.12:647][  0]LogShaderCompilers: Display: Jobs assigned 0, completed 0 (0.00%)
[2022.12.26-14.23.12:647][  0]LogShaderCompilers: Display: Time at least one job was in flight (either pending or executed): 0.00 s
[2022.12.26-14.23.12:647][  0]LogShaderCompilers: Display: ================================================
[2022.12.26-14.23.12:794][  0]LogSlate: The tab "TopLeftModeTab" attempted to spawn in layout 'LevelEditor_Layout_v1.8' but failed for some reason. It will not be displayed.
[2022.12.26-14.23.12:795][  0]LogSlate: The tab "LevelEditorToolBar" attempted to spawn in layout 'LevelEditor_Layout_v1.8' but failed for some reason. It will not be displayed.
[2022.12.26-14.23.12:827][  0]LogSlate: Updating window title bar state: overlay mode, drag disabled, window buttons hidden, title bar hidden
[2022.12.26-14.23.12:836][  0]LogSlate: Updating window title bar state: overlay mode, drag disabled, window buttons hidden, title bar hidden
[2022.12.26-14.23.12:841][  0]LogSlate: Updating window title bar state: overlay mode, drag disabled, window buttons hidden, title bar hidden
[2022.12.26-14.23.12:845][  0]LogSlate: Updating window title bar state: overlay mode, drag disabled, window buttons hidden, title bar hidden
[2022.12.26-14.23.12:923][  0]LogPakFile: Display: Mounted Pak file 'C:/Program Files/Epic Games/UE_5.1/FeaturePacks/StarterContent.upack', mount point: 'root:/'
[2022.12.26-14.23.12:931][  0]LogPakFile: Display: Mounted Pak file 'C:/Program Files/Epic Games/UE_5.1/FeaturePacks/TP_FirstPerson.upack', mount point: 'root:/'
[2022.12.26-14.23.12:937][  0]LogPakFile: Display: Mounted Pak file 'C:/Program Files/Epic Games/UE_5.1/FeaturePacks/TP_FirstPersonBP.upack', mount point: 'root:/'
[2022.12.26-14.23.12:943][  0]LogPakFile: Display: Mounted Pak file 'C:/Program Files/Epic Games/UE_5.1/FeaturePacks/TP_HandheldARBP.upack', mount point: 'root:/'
[2022.12.26-14.23.12:949][  0]LogPakFile: Display: Mounted Pak file 'C:/Program Files/Epic Games/UE_5.1/FeaturePacks/TP_ThirdPerson.upack', mount point: 'root:/'
[2022.12.26-14.23.12:954][  0]LogPakFile: Display: Mounted Pak file 'C:/Program Files/Epic Games/UE_5.1/FeaturePacks/TP_ThirdPersonBP.upack', mount point: 'root:/'
[2022.12.26-14.23.12:958][  0]LogPakFile: Display: Mounted Pak file 'C:/Program Files/Epic Games/UE_5.1/FeaturePacks/TP_TopDown.upack', mount point: 'root:/'
[2022.12.26-14.23.12:962][  0]LogPakFile: Display: Mounted Pak file 'C:/Program Files/Epic Games/UE_5.1/FeaturePacks/TP_TopDownBP.upack', mount point: 'root:/'
[2022.12.26-14.23.12:968][  0]LogPakFile: Display: Mounted Pak file 'C:/Program Files/Epic Games/UE_5.1/FeaturePacks/TP_VehicleAdvBP.upack', mount point: 'root:/'
[2022.12.26-14.23.12:972][  0]LogPakFile: Display: Mounted Pak file 'C:/Program Files/Epic Games/UE_5.1/FeaturePacks/TP_VirtualRealityBP.upack', mount point: 'root:/'
[2022.12.26-14.23.13:414][  0]LogSlate: Took 0.000129 seconds to synchronously load lazily loaded font '../../../Engine/Content/Slate/Fonts/Roboto-Regular.ttf' (155K)
[2022.12.26-14.23.13:418][  0]LogSlate: Took 0.000097 seconds to synchronously load lazily loaded font '../../../Engine/Content/Slate/Fonts/Roboto-Bold.ttf' (160K)
[2022.12.26-14.23.13:426][  0]LogSlate: Took 0.005450 seconds to synchronously load lazily loaded font '../../../Engine/Content/Slate/Fonts/Roboto-Italic.ttf' (157K)
[2022.12.26-14.23.13:433][  0]LogSlate: Took 0.005229 seconds to synchronously load lazily loaded font '../../../Engine/Content/Slate/Fonts/DroidSansMono.ttf' (77K)
[2022.12.26-14.23.13:451][  0]LogViewport: Scene viewport resized to 1785x822, mode Windowed.
[2022.12.26-14.23.13:527][  0]LogSlate: Took 0.005940 seconds to synchronously load lazily loaded font '../../../Engine/Content/Slate/Fonts/Roboto-Light.ttf' (167K)
[2022.12.26-14.23.14:316][  0]LogD3D12RHI: Warning: Waited for PSO creation for 100.000000ms
[2022.12.26-14.23.14:500][  0]LogStall: Startup...
[2022.12.26-14.23.14:502][  0]LogStall: Startup complete.
[2022.12.26-14.23.14:509][  0]LogLoad: (Engine Initialization) Total time: 24.00 seconds
[2022.12.26-14.23.14:509][  0]LogLoad: (Engine Initialization) Total Blueprint compile time: 0.00 seconds
[2022.12.26-14.23.14:558][  0]LogAssetRegistry: Asset discovery search completed in 20.6785 seconds
[2022.12.26-14.23.14:584][  0]LogCollectionManager: Fixed up redirectors for 0 collections in 0.000004 seconds (updated 0 objects)
[2022.12.26-14.23.14:777][  0]LogNiagara: Compiling System NiagaraSystem /HairStrands/Emitters/StableSpringsSystem.StableSpringsSystem took 3.430452 sec, no shader worker used.
[2022.12.26-14.23.14:782][  0]LogContentStreaming: Texture pool size now 1000 MB
[2022.12.26-14.23.14:845][  0]LogAutomationController: Ignoring very large delta of 17800831.31 seconds in calls to FAutomationControllerManager::Tick() and not penalizing unresponsive tests
[2022.12.26-14.25.08:347][342]LogDerivedDataCache: C:/Users/edwar/AppData/Local/UnrealEngine/Common/DerivedDataCache: Maintenance finished in +00:00:15.884 and deleted 0 files with total size 0 MiB. Scanned 8449 files in 8390 folders with total size 554 MiB.
[2022.12.26-15.00.38:639][916]LogWindowsTextInputMethodSystem: Activated input method: Chinese (Simplified, China) - Microsoft Pinyin (TSF IME).
[2022.12.26-15.00.38:878][930]LogRendererCore: Warning: Query 'Unaccounted' not ready.
[2022.12.26-15.00.38:890][931]LogRendererCore: Warning: Query 'Unaccounted' not ready.
[2022.12.26-15.18.58:627][456]LogUObjectHash: Compacting FUObjectHashTables data took   2.93ms
[2022.12.26-15.18.58:633][456]LogStall: Shutdown...
[2022.12.26-15.18.58:638][456]LogStall: Shutdown complete.
[2022.12.26-15.18.58:767][456]LogSlate: Window 'MetaHumans - Unreal Editor' being destroyed
[2022.12.26-15.18.58:847][457]Cmd: QUIT_EDITOR
[2022.12.26-15.18.58:848][457]LogCore: Engine exit requested (reason: UUnrealEdEngine::CloseEditor())
[2022.12.26-15.18.58:851][457]LogCore: Engine exit requested (reason: EngineExit() was called; note: exit was already requested)
[2022.12.26-15.18.58:852][457]LogStaticMesh: Abandoning remaining async distance field tasks for shutdown
[2022.12.26-15.18.58:852][457]LogStaticMesh: Abandoning remaining async card representation tasks for shutdown
[2022.12.26-15.18.58:856][457]LogWorld: UWorld::CleanupWorld for MetaHumanSample, bSessionEnded=true, bCleanupResources=true
[2022.12.26-15.18.58:857][457]LogSlate: InvalidateAllWidgets triggered.  All widgets were invalidated
[2022.12.26-15.18.58:857][457]LogWorld: UWorld::CleanupWorld for MH_CinematicLighting, bSessionEnded=true, bCleanupResources=true
[2022.12.26-15.18.58:858][457]LogSlate: InvalidateAllWidgets triggered.  All widgets were invalidated
[2022.12.26-15.18.58:858][457]LogWorld: UWorld::CleanupWorld for MH_MobileLighting, bSessionEnded=true, bCleanupResources=true
[2022.12.26-15.18.58:858][457]LogSlate: InvalidateAllWidgets triggered.  All widgets were invalidated
[2022.12.26-15.18.58:858][457]LogWorld: UWorld::CleanupWorld for MH_Gen5-PcNoRT_Lighting, bSessionEnded=true, bCleanupResources=true
[2022.12.26-15.18.58:858][457]LogSlate: InvalidateAllWidgets triggered.  All widgets were invalidated
[2022.12.26-15.18.58:858][457]LogWorld: UWorld::CleanupWorld for MH_Gen4Lighting, bSessionEnded=true, bCleanupResources=true
[2022.12.26-15.18.58:858][457]LogSlate: InvalidateAllWidgets triggered.  All widgets were invalidated
[2022.12.26-15.18.58:866][457]LogLevelSequenceEditor: LevelSequenceEditor subsystem deinitialized.
[2022.12.26-15.18.59:013][457]LogAudio: Display: Beginning Audio Device Manager Shutdown (Module: AudioMixerXAudio2)...
[2022.12.26-15.18.59:014][457]LogAudio: Display: Destroying 1 Remaining Audio Device(s)...
[2022.12.26-15.18.59:014][457]LogAudio: Display: Audio Device unregistered from world 'MetaHumanSample'.
[2022.12.26-15.18.59:016][457]LogAudioMixer: FMixerPlatformXAudio2::StopAudioStream() called. InstanceID=1
[2022.12.26-15.18.59:019][457]LogAudioMixer: FMixerPlatformXAudio2::StopAudioStream() called. InstanceID=1
[2022.12.26-15.18.59:027][457]LogAudio: Display: Audio Device Manager Shutdown
[2022.12.26-15.18.59:029][457]LogWindowsTextInputMethodSystem: Activated input method: Chinese (Simplified, China) - Microsoft Pinyin (TSF IME).
[2022.12.26-15.18.59:033][457]LogSlate: Slate User Destroyed.  User Index 0, Is Virtual User: 0
[2022.12.26-15.18.59:033][457]LogExit: Preparing to exit.
[2022.12.26-15.18.59:071][457]LogUObjectHash: Compacting FUObjectHashTables data took   0.73ms
[2022.12.26-15.19.00:410][457]LogDemo: Cleaned up 0 splitscreen connections, owner deletion: enabled
[2022.12.26-15.19.00:417][457]LogExit: Editor shut down
[2022.12.26-15.19.00:422][457]LogExit: Transaction tracking system shut down
[2022.12.26-15.19.00:752][457]LogExit: Object subsystem successfully closed.
[2022.12.26-15.19.00:759][457]LogShaderCompilers: Display: ================================================
[2022.12.26-15.19.00:760][457]LogShaderCompilers: Display: === FShaderJobCache stats ===
[2022.12.26-15.19.00:760][457]LogShaderCompilers: Display: Total job queries 148, among them cache hits 28 (18.92%)
[2022.12.26-15.19.00:760][457]LogShaderCompilers: Display: Tracking 120 distinct input hashes that result in 96 distinct outputs (80.00%)
[2022.12.26-15.19.00:760][457]LogShaderCompilers: Display: RAM used: 0.36 MB (0.00 GB) of 1638.40 MB (1.60 GB) budget. Usage: 0.02%
[2022.12.26-15.19.00:760][457]LogShaderCompilers: Display: === Shader Compilation stats ===
[2022.12.26-15.19.00:760][457]LogShaderCompilers: Display: Shaders Compiled: 0
[2022.12.26-15.19.00:760][457]LogShaderCompilers: Display: Jobs assigned 0, completed 0 (0.00%)
[2022.12.26-15.19.00:760][457]LogShaderCompilers: Display: Time at least one job was in flight (either pending or executed): 0.00 s
[2022.12.26-15.19.00:760][457]LogShaderCompilers: Display: ================================================
[2022.12.26-15.19.00:833][457]LogShaderCompilers: Display: Shaders left to compile 0
[2022.12.26-15.19.00:849][457]LogVirtualization: UE::Virtualization was shutdown
[2022.12.26-15.19.00:916][457]LogModuleManager: Shutting down and abandoning module HierarchicalLODOutliner (1049)
[2022.12.26-15.19.00:917][457]LogModuleManager: Shutting down and abandoning module UnsavedAssetsTracker (1047)
[2022.12.26-15.19.00:917][457]LogModuleManager: Shutting down and abandoning module GeometryProcessingInterfaces (1045)
[2022.12.26-15.19.00:917][457]LogModuleManager: Shutting down and abandoning module SubobjectEditor (1043)
[2022.12.26-15.19.00:917][457]LogModuleManager: Shutting down and abandoning module SceneOutliner (1041)
[2022.12.26-15.19.00:917][457]LogModuleManager: Shutting down and abandoning module AddContentDialog (1039)
[2022.12.26-15.19.00:917][457]LogModuleManager: Shutting down and abandoning module WidgetCarousel (1038)
[2022.12.26-15.19.00:917][457]LogModuleManager: Shutting down and abandoning module StatusBar (1035)
[2022.12.26-15.19.00:917][457]LogModuleManager: Shutting down and abandoning module GameProjectGeneration (1033)
[2022.12.26-15.19.00:917][457]LogModuleManager: Shutting down and abandoning module StatsViewer (1031)
[2022.12.26-15.19.00:918][457]LogModuleManager: Shutting down and abandoning module SequenceRecorderSections (1029)
[2022.12.26-15.19.00:918][457]LogModuleManager: Shutting down and abandoning module AutomationWorker (1027)
[2022.12.26-15.19.00:918][457]LogModuleManager: Shutting down and abandoning module TemplateSequenceEditor (1025)
[2022.12.26-15.19.00:918][457]LogModuleManager: Shutting down and abandoning module LevelSequenceEditor (1023)
[2022.12.26-15.19.00:919][457]LogModuleManager: Shutting down and abandoning module ActorSequenceEditor (1021)
[2022.12.26-15.19.00:919][457]LogModuleManager: Shutting down and abandoning module TextureAlignMode (1019)
[2022.12.26-15.19.00:919][457]LogModuleManager: Shutting down and abandoning module BspMode (1017)
[2022.12.26-15.19.00:920][457]LogModuleManager: Shutting down and abandoning module GeometryMode (1015)
[2022.12.26-15.19.00:920][457]LogModuleManager: Shutting down and abandoning module WaveTableEditor (1013)
[2022.12.26-15.19.00:921][457]LogModuleManager: Shutting down and abandoning module ResonanceAudioEditor (1011)
[2022.12.26-15.19.00:921][457]LogModuleManager: Shutting down and abandoning module GooglePADEditor (1009)
[2022.12.26-15.19.00:921][457]LogModuleManager: Shutting down and abandoning module AudioCaptureEditor (1007)
[2022.12.26-15.19.00:921][457]LogModuleManager: Shutting down and abandoning module AndroidFileServerEditor (1005)
[2022.12.26-15.19.00:921][457]LogModuleManager: Shutting down and abandoning module WmfMediaFactory (1003)
[2022.12.26-15.19.00:921][457]LogModuleManager: Shutting down and abandoning module WmfMediaEditor (1001)
[2022.12.26-15.19.00:921][457]LogModuleManager: Shutting down and abandoning module WebMMediaFactory (999)
[2022.12.26-15.19.00:921][457]LogModuleManager: Shutting down and abandoning module WebMMediaEditor (997)
[2022.12.26-15.19.00:921][457]LogModuleManager: Shutting down and abandoning module WebMMedia (995)
[2022.12.26-15.19.00:921][457]LogModuleManager: Shutting down and abandoning module MediaPlayerEditor (993)
[2022.12.26-15.19.00:921][457]LogModuleManager: Shutting down and abandoning module OpenExrWrapper (991)
[2022.12.26-15.19.00:922][457]LogModuleManager: Shutting down and abandoning module ImgMediaFactory (989)
[2022.12.26-15.19.00:922][457]LogModuleManager: Shutting down and abandoning module ImgMediaEditor (987)
[2022.12.26-15.19.00:922][457]LogModuleManager: Shutting down and abandoning module MediaCompositingEditor (985)
[2022.12.26-15.19.00:923][457]LogModuleManager: Shutting down and abandoning module SequenceRecorder (984)
[2022.12.26-15.19.00:923][457]LogModuleManager: Shutting down and abandoning module AvfMediaFactory (981)
[2022.12.26-15.19.00:923][457]LogModuleManager: Shutting down and abandoning module AvfMediaEditor (979)
[2022.12.26-15.19.00:923][457]LogModuleManager: Shutting down and abandoning module AndroidMediaFactory (977)
[2022.12.26-15.19.00:923][457]LogModuleManager: Shutting down and abandoning module AndroidMediaEditor (975)
[2022.12.26-15.19.00:923][457]LogModuleManager: Shutting down and abandoning module PlanarCut (973)
[2022.12.26-15.19.00:923][457]LogModuleManager: Shutting down and abandoning module CharacterAI (971)
[2022.12.26-15.19.00:923][457]LogModuleManager: Shutting down and abandoning module TakeRecorderSources (969)
[2022.12.26-15.19.00:924][457]LogModuleManager: Shutting down and abandoning module TakeTrackRecorders (967)
[2022.12.26-15.19.00:924][457]LogModuleManager: Shutting down and abandoning module TakesCore (965)
[2022.12.26-15.19.00:924][457]LogModuleManager: Shutting down and abandoning module CameraShakePreviewer (963)
[2022.12.26-15.19.00:924][457]LogModuleManager: Shutting down and abandoning module LiveLinkMultiUser (961)
[2022.12.26-15.19.00:925][457]LogModuleManager: Shutting down and abandoning module IKRigEditor (959)
[2022.12.26-15.19.00:926][457]LogModuleManager: Shutting down and abandoning module ControlRigEditor (957)
[2022.12.26-15.19.00:927][457]LogModuleManager: Shutting down and abandoning module SmartSnapping (955)
[2022.12.26-15.19.00:927][457]LogModuleManager: Shutting down and abandoning module SessionServices (953)
[2022.12.26-15.19.00:927][457]LogModuleManager: Shutting down and abandoning module MeshPaint (951)
[2022.12.26-15.19.00:928][457]LogModuleManager: Shutting down and abandoning module VirtualTexturingEditor (949)
[2022.12.26-15.19.00:928][457]LogModuleManager: Shutting down and abandoning module PlacementMode (948)
[2022.12.26-15.19.00:928][457]LogModuleManager: Shutting down and abandoning module FoliageEdit (945)
[2022.12.26-15.19.00:930][457]LogModuleManager: Shutting down and abandoning module LandscapeEditor (943)
[2022.12.26-15.19.00:931][457]LogModuleManager: Shutting down and abandoning module SceneDepthPickerMode (941)
[2022.12.26-15.19.00:931][457]LogModuleManager: Shutting down and abandoning module ActorPickerMode (939)
[2022.12.26-15.19.00:931][457]LogModuleManager: Shutting down and abandoning module ViewportSnapping (937)
[2022.12.26-15.19.00:931][457]LogModuleManager: Shutting down and abandoning module ViewportInteraction (935)
[2022.12.26-15.19.00:931][457]LogModuleManager: Shutting down and abandoning module ClothPainter (933)
[2022.12.26-15.19.00:931][457]LogModuleManager: Shutting down and abandoning module SkeletalMeshEditor (932)
[2022.12.26-15.19.00:932][457]LogModuleManager: Shutting down and abandoning module LogVisualizer (929)
[2022.12.26-15.19.00:933][457]LogModuleManager: Shutting down and abandoning module IOSPlatformEditor (927)
[2022.12.26-15.19.00:933][457]LogModuleManager: Shutting down and abandoning module AndroidPlatformEditor (925)
[2022.12.26-15.19.00:933][457]LogModuleManager: Shutting down and abandoning module PIEPreviewDeviceProfileSelector (924)
[2022.12.26-15.19.00:934][457]LogModuleManager: Shutting down and abandoning module AndroidDeviceDetection (922)
[2022.12.26-15.19.01:459][457]LogModuleManager: Shutting down and abandoning module WindowsPlatformEditor (919)
[2022.12.26-15.19.01:460][457]LogModuleManager: Shutting down and abandoning module HoloLensPlatformEditor (917)
[2022.12.26-15.19.01:460][457]LogModuleManager: Shutting down and abandoning module IOSRuntimeSettings (915)
[2022.12.26-15.19.01:460][457]LogModuleManager: Shutting down and abandoning module AndroidRuntimeSettings (913)
[2022.12.26-15.19.01:460][457]LogModuleManager: Shutting down and abandoning module AnimationSettings (911)
[2022.12.26-15.19.01:460][457]LogModuleManager: Shutting down and abandoning module VirtualizationEditor (909)
[2022.12.26-15.19.01:460][457]LogModuleManager: Shutting down and abandoning module CSVtoSVG (907)
[2022.12.26-15.19.01:461][457]LogModuleManager: Shutting down and abandoning module DerivedDataEditor (905)
[2022.12.26-15.19.01:461][457]LogModuleManager: Shutting down and abandoning module EditorConfig (903)
[2022.12.26-15.19.01:461][457]LogModuleManager: Shutting down and abandoning module WorldPartitionEditor (901)
[2022.12.26-15.19.01:461][457]LogModuleManager: Shutting down and abandoning module EditorFramework (899)
[2022.12.26-15.19.01:461][457]LogModuleManager: Shutting down and abandoning module StaticMeshEditor (897)
[2022.12.26-15.19.01:461][457]LogModuleManager: Shutting down and abandoning module TraceInsights (895)
[2022.12.26-15.19.01:464][457]MemoryProfiler: Shutdown
[2022.12.26-15.19.01:465][457]NetworkingProfiler: Shutdown
[2022.12.26-15.19.01:465][457]LoadingProfiler: Shutdown
[2022.12.26-15.19.01:465][457]TimingProfiler: Shutdown
[2022.12.26-15.19.01:467][457]LogModuleManager: Shutting down and abandoning module TraceServices (894)
[2022.12.26-15.19.01:468][457]LogModuleManager: Shutting down and abandoning module EditorInteractiveToolsFramework (891)
[2022.12.26-15.19.01:468][457]LogModuleManager: Shutting down and abandoning module InteractiveToolsFramework (890)
[2022.12.26-15.19.01:468][457]LogModuleManager: Shutting down and abandoning module InputBindingEditor (887)
[2022.12.26-15.19.01:468][457]LogModuleManager: Shutting down and abandoning module MergeActors (885)
[2022.12.26-15.19.01:469][457]LogModuleManager: Shutting down and abandoning module LocalizationDashboard (883)
[2022.12.26-15.19.01:469][457]LogModuleManager: Shutting down and abandoning module LocalizationService (882)
[2022.12.26-15.19.01:469][457]LogModuleManager: Shutting down and abandoning module HardwareTargeting (879)
[2022.12.26-15.19.01:469][457]LogModuleManager: Shutting down and abandoning module DeviceProfileEditor (877)
[2022.12.26-15.19.01:469][457]LogModuleManager: Shutting down and abandoning module UndoHistory (875)
[2022.12.26-15.19.01:469][457]LogModuleManager: Shutting down and abandoning module XmlParser (873)
[2022.12.26-15.19.01:470][457]LogModuleManager: Shutting down and abandoning module Blutility (871)
[2022.12.26-15.19.01:470][457]LogModuleManager: Shutting down and abandoning module ProjectSettingsViewer (869)
[2022.12.26-15.19.01:470][457]LogModuleManager: Shutting down and abandoning module ProjectTargetPlatformEditor (868)
[2022.12.26-15.19.01:470][457]LogModuleManager: Shutting down and abandoning module EditorSettingsViewer (865)
[2022.12.26-15.19.01:470][457]LogModuleManager: Shutting down and abandoning module InternationalizationSettings (864)
[2022.12.26-15.19.01:470][457]LogModuleManager: Shutting down and abandoning module SettingsEditor (861)
[2022.12.26-15.19.01:470][457]LogModuleManager: Shutting down and abandoning module ProjectLauncher (859)
[2022.12.26-15.19.01:470][457]LogModuleManager: Shutting down and abandoning module SessionFrontend (857)
[2022.12.26-15.19.01:471][457]LogModuleManager: Shutting down and abandoning module ProfilerClient (855)
[2022.12.26-15.19.01:471][457]LogModuleManager: Shutting down and abandoning module DeviceManager (853)
[2022.12.26-15.19.01:471][457]LogModuleManager: Shutting down and abandoning module AutomationController (851)
[2022.12.26-15.19.01:472][457]LogModuleManager: Shutting down and abandoning module AutomationWindow (849)
[2022.12.26-15.19.01:472][457]LogModuleManager: Shutting down and abandoning module Layers (847)
[2022.12.26-15.19.01:473][457]LogModuleManager: Shutting down and abandoning module ComponentVisualizers (845)
[2022.12.26-15.19.01:473][457]LogModuleManager: Shutting down and abandoning module DetailCustomizations (843)
[2022.12.26-15.19.01:473][457]LogModuleManager: Shutting down and abandoning module PackagesDialog (841)
[2022.12.26-15.19.01:474][457]LogModuleManager: Shutting down and abandoning module AnimationBlueprintEditor (839)
[2022.12.26-15.19.01:474][457]LogModuleManager: Shutting down and abandoning module Persona (837)
[2022.12.26-15.19.01:475][457]LogModuleManager: Shutting down and abandoning module AdvancedPreviewScene (836)
[2022.12.26-15.19.01:475][457]LogModuleManager: Shutting down and abandoning module AnimGraph (834)
[2022.12.26-15.19.01:476][457]LogModuleManager: Shutting down and abandoning module Kismet (831)
[2022.12.26-15.19.01:480][457]LogModuleManager: Shutting down and abandoning module KismetWidgets (830)
[2022.12.26-15.19.01:481][457]LogModuleManager: Shutting down and abandoning module GraphEditor (827)
[2022.12.26-15.19.01:481][457]LogModuleManager: Shutting down and abandoning module StructViewer (825)
[2022.12.26-15.19.01:481][457]LogModuleManager: Shutting down and abandoning module ClassViewer (823)
[2022.12.26-15.19.01:481][457]LogModuleManager: Shutting down and abandoning module NaniteTools (821)
[2022.12.26-15.19.01:481][457]LogModuleManager: Shutting down and abandoning module UncontrolledChangelists (819)
[2022.12.26-15.19.01:482][457]LogModuleManager: Shutting down and abandoning module SourceControlWindowExtender (817)
[2022.12.26-15.19.01:482][457]LogModuleManager: Shutting down and abandoning module SourceControlWindows (815)
[2022.12.26-15.19.01:482][457]LogModuleManager: Shutting down and abandoning module OutputLog (813)
[2022.12.26-15.19.01:482][457]LogModuleManager: Shutting down and abandoning module Documentation (811)
[2022.12.26-15.19.01:483][457]LogModuleManager: Shutting down and abandoning module LiveCoding (809)
[2022.12.26-15.19.01:491][457]LogModuleManager: Shutting down and abandoning module MovieSceneTracks (807)
[2022.12.26-15.19.01:493][457]LogModuleManager: Shutting down and abandoning module MovieScene (805)
[2022.12.26-15.19.01:493][457]LogModuleManager: Shutting down and abandoning module StreamingPauseRendering (803)
[2022.12.26-15.19.01:493][457]LogModuleManager: Shutting down and abandoning module BinkAudioDecoder (801)
[2022.12.26-15.19.01:493][457]LogModuleManager: Shutting down and abandoning module AudioMixerXAudio2 (799)
[2022.12.26-15.19.01:493][457]LogModuleManager: Shutting down and abandoning module AudioMixer (798)
[2022.12.26-15.19.01:493][457]LogModuleManager: Shutting down and abandoning module AudioMixerCore (797)
[2022.12.26-15.19.01:493][457]LogModuleManager: Shutting down and abandoning module LauncherPlatform (793)
[2022.12.26-15.19.01:493][457]LogModuleManager: Shutting down and abandoning module AnalyticsET (791)
[2022.12.26-15.19.01:493][457]LogModuleManager: Shutting down and abandoning module PortalServices (789)
[2022.12.26-15.19.01:493][457]LogModuleManager: Shutting down and abandoning module PortalRpc (787)
[2022.12.26-15.19.01:493][457]LogModuleManager: Shutting down and abandoning module MessagingRpc (785)
[2022.12.26-15.19.01:494][457]LogModuleManager: Shutting down and abandoning module AIModule (783)
[2022.12.26-15.19.01:494][457]LogModuleManager: Shutting down and abandoning module GameplayDebugger (782)
[2022.12.26-15.19.01:494][457]LogModuleManager: Shutting down and abandoning module AITestSuite (780)
[2022.12.26-15.19.01:494][457]LogModuleManager: Shutting down and abandoning module NavigationSystem (778)
[2022.12.26-15.19.01:494][457]LogModuleManager: Shutting down and abandoning module DataLayerEditor (775)
[2022.12.26-15.19.01:494][457]LogModuleManager: Shutting down and abandoning module EditorWidgets (774)
[2022.12.26-15.19.01:494][457]LogModuleManager: Shutting down and abandoning module LevelInstanceEditor (771)
[2022.12.26-15.19.01:494][457]LogModuleManager: Shutting down and abandoning module TypedElementRuntime (769)
[2022.12.26-15.19.01:494][457]LogModuleManager: Shutting down and abandoning module TypedElementFramework (767)
[2022.12.26-15.19.01:494][457]LogModuleManager: Shutting down and abandoning module ProfilerService (765)
[2022.12.26-15.19.01:686][457]LogModuleManager: Shutting down and abandoning module TaskGraph (763)
[2022.12.26-15.19.01:687][457]LogModuleManager: Shutting down and abandoning module AudioSynesthesiaEditor (761)
[2022.12.26-15.19.01:687][457]LogModuleManager: Shutting down and abandoning module ConcertSyncClient (759)
[2022.12.26-15.19.01:688][457]LogModuleManager: Shutting down and abandoning module ContentBrowserAssetDataSource (757)
[2022.12.26-15.19.01:688][457]LogModuleManager: Shutting down and abandoning module ContentBrowserFileDataSource (755)
[2022.12.26-15.19.01:688][457]LogModuleManager: Shutting down and abandoning module ContentBrowserClassDataSource (753)
[2022.12.26-15.19.01:688][457]LogModuleManager: Shutting down and abandoning module CollectionManager (752)
[2022.12.26-15.19.01:688][457]LogModuleManager: Shutting down and abandoning module ObjectMixerEditor (749)
[2022.12.26-15.19.01:688][457]LogModuleManager: Shutting down and abandoning module LightMixer (747)
[2022.12.26-15.19.01:689][457]LogModuleManager: Shutting down and abandoning module ARUtilities (745)
[2022.12.26-15.19.01:689][457]LogModuleManager: Shutting down and abandoning module TemplateSequence (743)
[2022.12.26-15.19.01:689][457]LogModuleManager: Shutting down and abandoning module SequencerScriptingEditor (741)
[2022.12.26-15.19.01:689][457]LogModuleManager: Shutting down and abandoning module SequencerScripting (739)
[2022.12.26-15.19.01:689][457]LogModuleManager: Shutting down and abandoning module UEOpenExrRTTI (737)
[2022.12.26-15.19.01:689][457]LogModuleManager: Shutting down and abandoning module MovieRenderPipelineEditor (735)
[2022.12.26-15.19.01:689][457]LogModuleManager: Shutting down and abandoning module MovieRenderPipelineRenderPasses (733)
[2022.12.26-15.19.01:689][457]LogModuleManager: Shutting down and abandoning module MovieRenderPipelineSettings (731)
[2022.12.26-15.19.01:689][457]LogModuleManager: Shutting down and abandoning module MovieRenderPipelineCore (729)
[2022.12.26-15.19.01:689][457]LogModuleManager: Shutting down and abandoning module ImageWriteQueue (728)
[2022.12.26-15.19.01:689][457]LogModuleManager: Shutting down and abandoning module InterchangeTestEditor (725)
[2022.12.26-15.19.01:689][457]LogModuleManager: Shutting down and abandoning module InterchangeTests (723)
[2022.12.26-15.19.01:690][457]LogModuleManager: Shutting down and abandoning module WorldPartitionHLODUtilities (721)
[2022.12.26-15.19.01:690][457]LogModuleManager: Shutting down and abandoning module SpeedTreeImporter (719)
[2022.12.26-15.19.01:690][457]LogModuleManager: Shutting down and abandoning module SequencerAnimTools (717)
[2022.12.26-15.19.01:690][457]LogModuleManager: Shutting down and abandoning module PluginBrowser (715)
[2022.12.26-15.19.01:691][457]LogModuleManager: Shutting down and abandoning module MobileLauncherProfileWizard (713)
[2022.12.26-15.19.01:691][457]LogModuleManager: Shutting down and abandoning module MaterialAnalyzer (711)
[2022.12.26-15.19.01:691][457]LogModuleManager: Shutting down and abandoning module GLTFImporter (709)
[2022.12.26-15.19.01:692][457]LogModuleManager: Shutting down and abandoning module GLTFCore (707)
[2022.12.26-15.19.01:692][457]LogModuleManager: Shutting down and abandoning module EditorScriptingUtilities (705)
[2022.12.26-15.19.01:692][457]LogModuleManager: Shutting down and abandoning module EditorDebugTools (703)
[2022.12.26-15.19.01:692][457]LogModuleManager: Shutting down and abandoning module CurveEditorTools (701)
[2022.12.26-15.19.01:692][457]LogModuleManager: Shutting down and abandoning module CryptoKeysOpenSSL (699)
[2022.12.26-15.19.01:692][457]LogModuleManager: Shutting down and abandoning module CryptoKeys (697)
[2022.12.26-15.19.01:692][457]LogModuleManager: Shutting down and abandoning module BlueprintHeaderView (695)
[2022.12.26-15.19.01:692][457]LogModuleManager: Shutting down and abandoning module SynthesisEditor (693)
[2022.12.26-15.19.01:692][457]LogModuleManager: Shutting down and abandoning module ResonanceAudio (691)
[2022.12.26-15.19.01:692][457]LogModuleManager: Shutting down and abandoning module ProceduralMeshComponentEditor (689)
[2022.12.26-15.19.01:692][457]LogModuleManager: Shutting down and abandoning module MobilePatchingUtils (687)
[2022.12.26-15.19.01:692][457]LogModuleManager: Shutting down and abandoning module ModelingOperatorsEditorOnly (685)
[2022.12.26-15.19.01:693][457]LogModuleManager: Shutting down and abandoning module ModelingOperators (683)
[2022.12.26-15.19.01:693][457]LogModuleManager: Shutting down and abandoning module ModelingComponentsEditorOnly (681)
[2022.12.26-15.19.01:693][457]LogModuleManager: Shutting down and abandoning module ModelingComponents (679)
[2022.12.26-15.19.01:693][457]LogModuleManager: Shutting down and abandoning module GeometryFramework (678)
[2022.12.26-15.19.01:693][457]LogModuleManager: Shutting down and abandoning module MeshModelingToolsEditorOnly (675)
[2022.12.26-15.19.01:693][457]LogModuleManager: Shutting down and abandoning module MeshModelingTools (673)
[2022.12.26-15.19.01:693][457]LogModuleManager: Shutting down and abandoning module InputDebugging (671)
[2022.12.26-15.19.01:693][457]LogModuleManager: Shutting down and abandoning module HairCardGeneratorFramework (669)
[2022.12.26-15.19.01:693][457]LogModuleManager: Shutting down and abandoning module HairStrandsRuntime (667)
[2022.12.26-15.19.01:693][457]LogModuleManager: Shutting down and abandoning module GooglePAD (665)
[2022.12.26-15.19.01:693][457]LogModuleManager: Shutting down and abandoning module GeometryCacheTracks (663)
[2022.12.26-15.19.01:694][457]LogModuleManager: Shutting down and abandoning module GeometryCacheStreamer (661)
[2022.12.26-15.19.01:694][457]LogModuleManager: Shutting down and abandoning module GeometryCacheSequencer (659)
[2022.12.26-15.19.01:694][457]LogModuleManager: Shutting down and abandoning module DynamicMesh (657)
[2022.12.26-15.19.01:694][457]LogModuleManager: Shutting down and abandoning module GeometryAlgorithms (655)
[2022.12.26-15.19.01:694][457]LogModuleManager: Shutting down and abandoning module ArchVisCharacter (653)
[2022.12.26-15.19.01:694][457]LogModuleManager: Shutting down and abandoning module AssetTags (651)
[2022.12.26-15.19.01:694][457]LogModuleManager: Shutting down and abandoning module AudioCapture (649)
[2022.12.26-15.19.01:694][457]LogModuleManager: Shutting down and abandoning module AudioCaptureRtAudio (648)
[2022.12.26-15.19.01:694][457]LogModuleManager: Shutting down and abandoning module AppleImageUtilsBlueprintSupport (645)
[2022.12.26-15.19.01:694][457]LogModuleManager: Shutting down and abandoning module AppleImageUtils (643)
[2022.12.26-15.19.01:694][457]LogModuleManager: Shutting down and abandoning module AndroidPermission (641)
[2022.12.26-15.19.01:694][457]LogModuleManager: Shutting down and abandoning module ActorLayerUtilitiesEditor (639)
[2022.12.26-15.19.01:694][457]LogModuleManager: Shutting down and abandoning module ActorLayerUtilities (637)
[2022.12.26-15.19.01:694][457]LogModuleManager: Shutting down and abandoning module OodleNetworkHandlerComponent (635)
[2022.12.26-15.19.01:694][457]LogModuleManager: Shutting down and abandoning module MediaPlateEditor (633)
[2022.12.26-15.19.01:695][457]LogModuleManager: Shutting down and abandoning module MediaPlate (631)
[2022.12.26-15.19.01:695][457]LogModuleManager: Shutting down and abandoning module ImgMedia (629)
[2022.12.26-15.19.01:695][457]LogModuleManager: Shutting down and abandoning module MediaCompositing (627)
[2022.12.26-15.19.01:695][457]LogModuleManager: Shutting down and abandoning module VariantManager (625)
[2022.12.26-15.19.01:695][457]LogModuleManager: Shutting down and abandoning module VariantManagerContentEditor (624)
[2022.12.26-15.19.01:695][457]LogModuleManager: Shutting down and abandoning module GLTFMaterialBaking (621)
[2022.12.26-15.19.01:696][457]LogModuleManager: Shutting down and abandoning module GLTFMaterialAnalyzer (619)
[2022.12.26-15.19.01:696][457]LogModuleManager: Shutting down and abandoning module DatasmithContentEditor (617)
[2022.12.26-15.19.01:696][457]LogModuleManager: Shutting down and abandoning module UVEditorToolsEditorOnly (615)
[2022.12.26-15.19.01:696][457]LogModuleManager: Shutting down and abandoning module UVEditorTools (613)
[2022.12.26-15.19.01:697][457]LogModuleManager: Shutting down and abandoning module UVEditor (611)
[2022.12.26-15.19.01:697][457]LogModuleManager: Shutting down and abandoning module OpenImageDenoise (609)
[2022.12.26-15.19.01:697][457]LogOpenImageDenoise: OIDN shutting down
[2022.12.26-15.19.01:697][457]LogModuleManager: Shutting down and abandoning module ModelingEditorUI (607)
[2022.12.26-15.19.01:697][457]LogModuleManager: Shutting down and abandoning module GeometryProcessingAdapters (605)
[2022.12.26-15.19.01:698][457]LogModuleManager: Shutting down and abandoning module MeshModelingToolsEditorOnlyExp (603)
[2022.12.26-15.19.01:698][457]LogModuleManager: Shutting down and abandoning module MeshModelingToolsExp (601)
[2022.12.26-15.19.01:698][457]LogModuleManager: Shutting down and abandoning module LiveLinkControlRig (599)
[2022.12.26-15.19.01:698][457]LogModuleManager: Shutting down and abandoning module GeometryCollectionNodes (597)
[2022.12.26-15.19.01:698][457]LogModuleManager: Shutting down and abandoning module GeometryCollectionTracks (595)
[2022.12.26-15.19.01:698][457]LogModuleManager: Shutting down and abandoning module GeometryCollectionEngine (594)
[2022.12.26-15.19.01:698][457]LogModuleManager: Shutting down and abandoning module GeometryCollectionSequencer (592)
[2022.12.26-15.19.01:698][457]LogModuleManager: Shutting down and abandoning module GeometryCollectionEditor (589)
[2022.12.26-15.19.01:698][457]LogModuleManager: Shutting down and abandoning module Iris (587)
[2022.12.26-15.19.01:698][457]LogModuleManager: Shutting down and abandoning module DataflowNodes (585)
[2022.12.26-15.19.01:698][457]LogModuleManager: Shutting down and abandoning module DataflowEditor (583)
[2022.12.26-15.19.01:698][457]LogModuleManager: Shutting down and abandoning module ChaosUserDataPT (581)
[2022.12.26-15.19.01:699][457]LogModuleManager: Shutting down and abandoning module ChaosSolverEditor (579)
[2022.12.26-15.19.01:699][457]LogModuleManager: Shutting down and abandoning module ChaosNiagara (577)
[2022.12.26-15.19.01:699][457]LogModuleManager: Shutting down and abandoning module FractureEditor (575)
[2022.12.26-15.19.01:699][457]LogModuleManager: Shutting down and abandoning module ChaosClothEditor (573)
[2022.12.26-15.19.01:699][457]LogModuleManager: Shutting down and abandoning module BackChannel (571)
[2022.12.26-15.19.01:699][457]LogModuleManager: Shutting down and abandoning module AutomationUtilsEditor (569)
[2022.12.26-15.19.01:699][457]LogModuleManager: Shutting down and abandoning module AutomationUtils (567)
[2022.12.26-15.19.01:699][457]LogModuleManager: Shutting down and abandoning module TakeSequencer (565)
[2022.12.26-15.19.01:699][457]LogModuleManager: Shutting down and abandoning module TakeMovieScene (563)
[2022.12.26-15.19.01:699][457]LogModuleManager: Shutting down and abandoning module InterchangeEditorUtilities (561)
[2022.12.26-15.19.01:699][457]LogModuleManager: Shutting down and abandoning module InterchangeResultsBrowser (559)
[2022.12.26-15.19.01:699][457]LogModuleManager: Shutting down and abandoning module InterchangeEditorPipelines (557)
[2022.12.26-15.19.01:699][457]LogModuleManager: Shutting down and abandoning module InterchangeEditor (555)
[2022.12.26-15.19.01:700][457]LogModuleManager: Shutting down and abandoning module InterchangeFbxParser (553)
[2022.12.26-15.19.01:700][457]LogModuleManager: Shutting down and abandoning module InterchangeCommonParser (551)
[2022.12.26-15.19.01:700][457]LogModuleManager: Shutting down and abandoning module InterchangeDispatcher (549)
[2022.12.26-15.19.01:700][457]LogModuleManager: Shutting down and abandoning module InterchangePipelines (547)
[2022.12.26-15.19.01:700][457]LogModuleManager: Shutting down and abandoning module InterchangeExport (545)
[2022.12.26-15.19.01:700][457]LogModuleManager: Shutting down and abandoning module InterchangeMessages (543)
[2022.12.26-15.19.01:700][457]LogModuleManager: Shutting down and abandoning module InterchangeImport (541)
[2022.12.26-15.19.01:700][457]LogModuleManager: Shutting down and abandoning module InterchangeFactoryNodes (539)
[2022.12.26-15.19.01:700][457]LogModuleManager: Shutting down and abandoning module InterchangeNodes (537)
[2022.12.26-15.19.01:700][457]LogModuleManager: Shutting down and abandoning module VisualStudioSourceCodeAccess (535)
[2022.12.26-15.19.01:701][457]LogModuleManager: Shutting down and abandoning module VisualStudioCodeSourceCodeAccess (533)
[2022.12.26-15.19.01:701][457]LogModuleManager: Shutting down and abandoning module UObjectPlugin (531)
[2022.12.26-15.19.01:701][457]LogModuleManager: Shutting down and abandoning module SubversionSourceControl (529)
[2022.12.26-15.19.01:701][457]LogModuleManager: Shutting down and abandoning module RiderSourceCodeAccess (527)
[2022.12.26-15.19.01:701][457]LogModuleManager: Shutting down and abandoning module PlasticSourceControl (525)
[2022.12.26-15.19.01:702][457]LogModuleManager: Shutting down and abandoning module PluginUtils (523)
[2022.12.26-15.19.01:702][457]LogModuleManager: Shutting down and abandoning module GitSourceControl (521)
[2022.12.26-15.19.01:702][457]LogModuleManager: Shutting down and abandoning module DumpGPUServices (519)
[2022.12.26-15.19.01:702][457]LogModuleManager: Shutting down and abandoning module CLionSourceCodeAccess (517)
[2022.12.26-15.19.01:703][457]LogModuleManager: Shutting down and abandoning module AnimationSharingEd (515)
[2022.12.26-15.19.01:703][457]LogModuleManager: Shutting down and abandoning module AlembicHairTranslatorModule (513)
[2022.12.26-15.19.01:703][457]LogModuleManager: Shutting down and abandoning module HairStrandsEditor (512)
[2022.12.26-15.19.01:703][457]LogModuleManager: Shutting down and abandoning module AlembicImporter (509)
[2022.12.26-15.19.01:703][457]LogModuleManager: Shutting down and abandoning module AlembicLibrary (508)
[2022.12.26-15.19.01:703][457]LogModuleManager: Shutting down and abandoning module GeometryCache (507)
[2022.12.26-15.19.01:703][457]LogModuleManager: Shutting down and abandoning module GeometryCacheEd (506)
[2022.12.26-15.19.01:703][457]LogModuleManager: Shutting down and abandoning module NiagaraEditorWidgets (501)
[2022.12.26-15.19.01:704][457]LogModuleManager: Shutting down and abandoning module RigLogicEditor (499)
[2022.12.26-15.19.01:704][457]LogModuleManager: Shutting down and abandoning module RigLogicModule (497)
[2022.12.26-15.19.01:704][457]LogModuleManager: Shutting down and abandoning module LiveLinkSequencer (495)
[2022.12.26-15.19.01:704][457]LogModuleManager: Shutting down and abandoning module LiveLinkMovieScene (493)
[2022.12.26-15.19.01:704][457]LogModuleManager: Shutting down and abandoning module LiveLinkGraphNode (491)
[2022.12.26-15.19.01:704][457]LogModuleManager: Shutting down and abandoning module LiveLinkEditor (489)
[2022.12.26-15.19.01:704][457]LogModuleManager: Shutting down and abandoning module LiveLinkComponents (487)
[2022.12.26-15.19.01:705][457]LogModuleManager: Shutting down and abandoning module LiveLink (485)
[2022.12.26-15.19.01:835][457]LogModuleManager: Shutting down and abandoning module ControlRigSpline (483)
[2022.12.26-15.19.01:836][457]LogModuleManager: Shutting down and abandoning module AnimationModifierLibrary (481)
[2022.12.26-15.19.01:836][457]LogModuleManager: Shutting down and abandoning module BlendSpaceMotionAnalysis (479)
[2022.12.26-15.19.01:836][457]LogModuleManager: Shutting down and abandoning module PaperTiledImporter (477)
[2022.12.26-15.19.01:836][457]LogModuleManager: Shutting down and abandoning module PaperSpriteSheetImporter (475)
[2022.12.26-15.19.01:836][457]LogModuleManager: Shutting down and abandoning module Paper2DEditor (473)
[2022.12.26-15.19.01:836][457]LogModuleManager: Shutting down and abandoning module EditorTraceUtilities (469)
[2022.12.26-15.19.01:836][457]LogModuleManager: Shutting down and abandoning module TraceUtilities (467)
[2022.12.26-15.19.01:836][457]LogModuleManager: Shutting down and abandoning module MeshPaintingToolset (465)
[2022.12.26-15.19.01:837][457]LogModuleManager: Shutting down and abandoning module MeshPaintEditorMode (463)
[2022.12.26-15.19.01:837][457]LogModuleManager: Shutting down and abandoning module InputEditor (461)
[2022.12.26-15.19.01:837][457]LogModuleManager: Shutting down and abandoning module ConcertSyncCore (459)
[2022.12.26-15.19.01:837][457]LogModuleManager: Shutting down and abandoning module Concert (457)
[2022.12.26-15.19.01:837][457]LogModuleManager: Shutting down and abandoning module ConcertTransport (456)
[2022.12.26-15.19.01:837][457]LogModuleManager: Shutting down and abandoning module SQLiteCore (453)
[2022.12.26-15.19.01:837][457]LogModuleManager: Shutting down and abandoning module ActorSequence (451)
[2022.12.26-15.19.01:837][457]LogModuleManager: Shutting down and abandoning module EnvironmentQueryEditor (449)
[2022.12.26-15.19.01:838][457]LogModuleManager: Shutting down and abandoning module GameplayTagsEditor (447)
[2022.12.26-15.19.01:839][457]LogModuleManager: Shutting down and abandoning module FacialAnimationEditor (445)
[2022.12.26-15.19.01:839][457]LogModuleManager: Shutting down and abandoning module FacialAnimation (443)
[2022.12.26-15.19.01:839][457]LogModuleManager: Shutting down and abandoning module DataValidation (441)
[2022.12.26-15.19.01:839][457]LogModuleManager: Shutting down and abandoning module AssetManagerEditor (439)
[2022.12.26-15.19.01:839][457]LogModuleManager: Shutting down and abandoning module TreeMap (438)
[2022.12.26-15.19.01:839][457]LogModuleManager: Shutting down and abandoning module Synthesis (435)
[2022.12.26-15.19.01:839][457]LogModuleManager: Shutting down and abandoning module SoundFields (433)
[2022.12.26-15.19.01:839][457]LogModuleManager: Shutting down and abandoning module SignificanceManager (431)
[2022.12.26-15.19.01:839][457]LogModuleManager: Shutting down and abandoning module PropertyAccessEditor (429)
[2022.12.26-15.19.01:839][457]LogModuleManager: Shutting down and abandoning module ProceduralMeshComponent (427)
[2022.12.26-15.19.01:839][457]LogModuleManager: Shutting down and abandoning module MetasoundEditor (425)
[2022.12.26-15.19.01:840][457]LogModuleManager: Shutting down and abandoning module AudioWidgets (424)
[2022.12.26-15.19.01:840][457]LogModuleManager: Shutting down and abandoning module AdvancedWidgets (423)
[2022.12.26-15.19.01:841][457]LogModuleManager: Shutting down and abandoning module MetasoundEngineTest (419)
[2022.12.26-15.19.01:841][457]LogModuleManager: Shutting down and abandoning module MetasoundEngine (417)
[2022.12.26-15.19.01:841][457]LogModuleManager: Shutting down and abandoning module WaveTable (416)
[2022.12.26-15.19.01:841][457]LogModuleManager: Shutting down and abandoning module AudioCodecEngine (414)
[2022.12.26-15.19.01:841][457]LogModuleManager: Shutting down and abandoning module MetasoundStandardNodes (411)
[2022.12.26-15.19.01:841][457]LogModuleManager: Shutting down and abandoning module MetasoundFrontend (409)
[2022.12.26-15.19.01:842][457]LogModuleManager: Shutting down and abandoning module MetasoundGenerator (407)
[2022.12.26-15.19.01:842][457]LogModuleManager: Shutting down and abandoning module MetasoundGraphCore (405)
[2022.12.26-15.19.01:843][457]LogModuleManager: Shutting down and abandoning module LocationServicesBPLibrary (403)
[2022.12.26-15.19.01:843][457]LogModuleManager: Shutting down and abandoning module CustomMeshComponent (401)
[2022.12.26-15.19.01:843][457]LogModuleManager: Shutting down and abandoning module AudioSynesthesia (399)
[2022.12.26-15.19.01:843][457]LogModuleManager: Shutting down and abandoning module AudioAnalyzer (398)
[2022.12.26-15.19.01:843][457]LogModuleManager: Shutting down and abandoning module AudioSynesthesiaCore (395)
[2022.12.26-15.19.01:843][457]LogModuleManager: Shutting down and abandoning module CableComponent (393)
[2022.12.26-15.19.01:843][457]LogModuleManager: Shutting down and abandoning module UdpMessaging (391)
[2022.12.26-15.19.01:944][457]LogModuleManager: Shutting down and abandoning module TcpMessaging (389)
[2022.12.26-15.19.02:045][457]LogModuleManager: Shutting down and abandoning module OpenColorIOEditor (387)
[2022.12.26-15.19.02:045][457]LogModuleManager: Shutting down and abandoning module ImgMediaEngine (385)
[2022.12.26-15.19.02:045][457]LogModuleManager: Shutting down and abandoning module PythonScriptPlugin (383)
[2022.12.26-15.19.02:047][457]LogModuleManager: Shutting down and abandoning module PBIK (381)
[2022.12.26-15.19.02:048][457]LogModuleManager: Shutting down and abandoning module FullBodyIK (379)
[2022.12.26-15.19.02:048][457]LogModuleManager: Shutting down and abandoning module ChaosCachingEditor (377)
[2022.12.26-15.19.02:048][457]LogModuleManager: Shutting down and abandoning module TakeRecorder (376)
[2022.12.26-15.19.02:048][457]LogModuleManager: Shutting down and abandoning module LevelEditor (374)
[2022.12.26-15.19.02:051][457]LogModuleManager: Shutting down and abandoning module PixelInspectorModule (373)
[2022.12.26-15.19.02:052][457]LogModuleManager: Shutting down and abandoning module LevelAssetEditor (371)
[2022.12.26-15.19.02:052][457]LogModuleManager: Shutting down and abandoning module CommonMenuExtensions (369)
[2022.12.26-15.19.02:052][457]LogModuleManager: Shutting down and abandoning module MainFrame (367)
[2022.12.26-15.19.02:052][457]LogModuleManager: Shutting down and abandoning module HotReload (366)
[2022.12.26-15.19.02:052][457]LogModuleManager: Shutting down and abandoning module ChaosCaching (361)
[2022.12.26-15.19.02:052][457]LogModuleManager: Shutting down and abandoning module GameplayCameras (359)
[2022.12.26-15.19.02:052][457]LogModuleManager: Shutting down and abandoning module TraceDataFiltering (357)
[2022.12.26-15.19.02:052][457]LogModuleManager: Shutting down and abandoning module PropertyAccessNode (355)
[2022.12.26-15.19.02:052][457]LogModuleManager: Shutting down and abandoning module AnimationSharing (353)
[2022.12.26-15.19.02:052][457]LogModuleManager: Shutting down and abandoning module NiagaraAnimNotifies (351)
[2022.12.26-15.19.02:053][457]LogModuleManager: Shutting down and abandoning module Niagara (349)
[2022.12.26-15.19.02:053][457]LogModuleManager: Shutting down and abandoning module SignalProcessing (348)
[2022.12.26-15.19.02:053][457]LogModuleManager: Shutting down and abandoning module NiagaraEditor (346)
[2022.12.26-15.19.02:053][457]LogModuleManager: Shutting down and abandoning module ContentBrowser (345)
[2022.12.26-15.19.02:053][457]LogModuleManager: Shutting down and abandoning module ToolMenus (344)
[2022.12.26-15.19.02:053][457]LogModuleManager: Shutting down and abandoning module ContentBrowserData (342)
[2022.12.26-15.19.02:053][457]LogModuleManager: Shutting down and abandoning module NiagaraCore (337)
[2022.12.26-15.19.02:054][457]LogModuleManager: Shutting down and abandoning module RigLogicDeveloper (335)
[2022.12.26-15.19.02:054][457]LogModuleManager: Shutting down and abandoning module RigLogicLibTest (333)
[2022.12.26-15.19.02:054][457]LogModuleManager: Shutting down and abandoning module RigLogicLib (331)
[2022.12.26-15.19.02:054][457]LogModuleManager: Shutting down and abandoning module LiveLinkCurveDebugUI (329)
[2022.12.26-15.19.02:054][457]LogLiveLinkCurveDebugUI: Display: Attempting to remove LiveLinkCurveDebugUI from viewport.
[2022.12.26-15.19.02:054][457]LogModuleManager: Shutting down and abandoning module IKRigDeveloper (327)
[2022.12.26-15.19.02:054][457]LogModuleManager: Shutting down and abandoning module IKRig (325)
[2022.12.26-15.19.02:054][457]LogModuleManager: Shutting down and abandoning module ControlRigDeveloper (323)
[2022.12.26-15.19.02:054][457]LogModuleManager: Shutting down and abandoning module ControlRig (321)
[2022.12.26-15.19.02:054][457]LogModuleManager: Shutting down and abandoning module LevelSequence (320)
[2022.12.26-15.19.02:054][457]LogModuleManager: Shutting down and abandoning module Paper2D (317)
[2022.12.26-15.19.02:054][457]LogModuleManager: Shutting down and abandoning module InputBlueprintNodes (315)
[2022.12.26-15.19.02:054][457]LogModuleManager: Shutting down and abandoning module EnhancedInput (313)
[2022.12.26-15.19.02:054][457]LogModuleManager: Shutting down and abandoning module WindowsMoviePlayer (311)
[2022.12.26-15.19.02:055][457]LogModuleManager: Shutting down and abandoning module WebMMoviePlayer (309)
[2022.12.26-15.19.02:055][457]LogModuleManager: Shutting down and abandoning module AndroidFileServer (307)
[2022.12.26-15.19.02:055][457]LogModuleManager: Shutting down and abandoning module NetworkReplayStreaming (305)
[2022.12.26-15.19.02:055][457]LogModuleManager: Shutting down and abandoning module PacketHandler (303)
[2022.12.26-15.19.02:055][457]LogModuleManager: Shutting down and abandoning module TimeManagement (301)
[2022.12.26-15.19.02:055][457]LogModuleManager: Shutting down and abandoning module AnimationDataController (299)
[2022.12.26-15.19.02:055][457]LogModuleManager: Shutting down and abandoning module ClothingSystemEditor (297)
[2022.12.26-15.19.02:055][457]LogModuleManager: Shutting down and abandoning module ClothingSystemRuntimeNv (295)
[2022.12.26-15.19.02:055][457]LogModuleManager: Shutting down and abandoning module MediaAssets (293)
[2022.12.26-15.19.02:056][457]LogModuleManager: Shutting down and abandoning module Overlay (291)
[2022.12.26-15.19.02:056][457]LogModuleManager: Shutting down and abandoning module OverlayEditor (290)
[2022.12.26-15.19.02:056][457]LogModuleManager: Shutting down and abandoning module VREditor (287)
[2022.12.26-15.19.02:056][457]LogModuleManager: Shutting down and abandoning module StringTableEditor (285)
[2022.12.26-15.19.02:056][457]LogModuleManager: Shutting down and abandoning module GameplayTasksEditor (283)
[2022.12.26-15.19.02:056][457]LogModuleManager: Shutting down and abandoning module BehaviorTreeEditor (281)
[2022.12.26-15.19.02:056][457]LogModuleManager: Shutting down and abandoning module FunctionalTesting (279)
[2022.12.26-15.19.02:056][457]LogModuleManager: Shutting down and abandoning module CollisionAnalyzer (277)
[2022.12.26-15.19.02:056][457]LogModuleManager: Shutting down and abandoning module WorkspaceMenuStructure (276)
[2022.12.26-15.19.02:057][457]LogModuleManager: Shutting down and abandoning module UMG (273)
[2022.12.26-15.19.02:057][457]LogModuleManager: Shutting down and abandoning module UMGEditor (272)
[2022.12.26-15.19.02:057][457]LogModuleManager: Shutting down and abandoning module EditorStyle (267)
[2022.12.26-15.19.02:057][457]LogModuleManager: Shutting down and abandoning module SlateReflector (265)
[2022.12.26-15.19.02:059][457]LogModuleManager: Shutting down and abandoning module Slate (263)
[2022.12.26-15.19.02:059][457]LogModuleManager: Shutting down and abandoning module SlateCore (261)
[2022.12.26-15.19.02:060][457]LogModuleManager: Shutting down and abandoning module SubobjectDataInterface (259)
[2022.12.26-15.19.02:060][457]LogModuleManager: Shutting down and abandoning module LandscapeEditorUtilities (257)
[2022.12.26-15.19.02:060][457]LogModuleManager: Shutting down and abandoning module UnrealEd (255)
[2022.12.26-15.19.02:060][457]LogModuleManager: Shutting down and abandoning module MRMesh (253)
[2022.12.26-15.19.02:060][457]LogModuleManager: Shutting down and abandoning module Messaging (251)
[2022.12.26-15.19.02:060][457]LogModuleManager: Shutting down and abandoning module SourceCodeAccess (249)
[2022.12.26-15.19.02:060][457]LogModuleManager: Shutting down and abandoning module HeadMountedDisplay (247)
[2022.12.26-15.19.02:060][457]LogModuleManager: Shutting down and abandoning module Networking (245)
[2022.12.26-15.19.02:060][457]LogModuleManager: Shutting down and abandoning module Core (243)
[2022.12.26-15.19.02:060][457]LogModuleManager: Shutting down and abandoning module MaterialEditor (241)
[2022.12.26-15.19.02:061][457]LogModuleManager: Shutting down and abandoning module MovieSceneTools (239)
[2022.12.26-15.19.02:062][457]LogModuleManager: Shutting down and abandoning module CurveEditor (238)
[2022.12.26-15.19.02:062][457]LogModuleManager: Shutting down and abandoning module Sequencer (236)
[2022.12.26-15.19.02:063][457]LogModuleManager: Shutting down and abandoning module KismetCompiler (233)
[2022.12.26-15.19.02:063][457]LogModuleManager: Shutting down and abandoning module MeshBuilder (231)
[2022.12.26-15.19.02:063][457]LogModuleManager: Shutting down and abandoning module NaniteBuilder (229)
[2022.12.26-15.19.02:063][457]LogModuleManager: Shutting down and abandoning module MeshUtilities (227)
[2022.12.26-15.19.02:064][457]LogModuleManager: Shutting down and abandoning module MeshMergeUtilities (226)
[2022.12.26-15.19.02:064][457]LogModuleManager: Shutting down and abandoning module MeshReductionInterface (225)
[2022.12.26-15.19.02:064][457]LogModuleManager: Shutting down and abandoning module MeshBoneReduction (224)
[2022.12.26-15.19.02:064][457]LogModuleManager: Shutting down and abandoning module SkeletalMeshReduction (222)
[2022.12.26-15.19.02:064][457]LogModuleManager: Shutting down and abandoning module ProxyLODMeshReduction (220)
[2022.12.26-15.19.02:065][457]LogModuleManager: Shutting down and abandoning module QuadricMeshReduction (218)
[2022.12.26-15.19.02:065][457]LogModuleManager: Shutting down and abandoning module MaterialBaking (214)
[2022.12.26-15.19.02:066][457]LogModuleManager: Shutting down and abandoning module TargetDeviceServices (211)
[2022.12.26-15.19.02:077][457]LogModuleManager: Shutting down and abandoning module NullInstallBundleManager (207)
[2022.12.26-15.19.02:078][457]LogModuleManager: Shutting down and abandoning module DerivedDataCache (205)
[2022.12.26-15.19.02:088][457]LogModuleManager: Shutting down and abandoning module TargetPlatform (203)
[2022.12.26-15.19.02:088][457]LogModuleManager: Shutting down and abandoning module ShaderFormatVectorVM (202)
[2022.12.26-15.19.02:089][457]LogModuleManager: Shutting down and abandoning module MetalShaderFormat (200)
[2022.12.26-15.19.02:089][457]LogModuleManager: Shutting down and abandoning module VulkanShaderFormat (198)
[2022.12.26-15.19.02:090][457]LogModuleManager: Shutting down and abandoning module ShaderFormatOpenGL (196)
[2022.12.26-15.19.02:090][457]LogModuleManager: Shutting down and abandoning module ShaderFormatD3D (194)
[2022.12.26-15.19.02:090][457]LogModuleManager: Shutting down and abandoning module AudioFormatOpus (192)
[2022.12.26-15.19.02:090][457]LogModuleManager: Shutting down and abandoning module AudioFormatOgg (190)
[2022.12.26-15.19.02:090][457]LogModuleManager: Shutting down and abandoning module AudioFormatBink (188)
[2022.12.26-15.19.02:090][457]LogModuleManager: Shutting down and abandoning module AudioFormatADPCM (186)
[2022.12.26-15.19.02:090][457]LogModuleManager: Shutting down and abandoning module WindowsTargetPlatform (179)
[2022.12.26-15.19.02:090][457]LogModuleManager: Shutting down and abandoning module TVOSTargetPlatform (177)
[2022.12.26-15.19.02:090][457]LogModuleManager: Shutting down and abandoning module LinuxArm64TargetPlatform (175)
[2022.12.26-15.19.02:090][457]LogModuleManager: Shutting down and abandoning module LinuxTargetPlatform (173)
[2022.12.26-15.19.02:090][457]LogModuleManager: Shutting down and abandoning module IOSTargetPlatform (171)
[2022.12.26-15.19.02:090][457]LogModuleManager: Shutting down and abandoning module HoloLensTargetPlatform (169)
[2022.12.26-15.19.02:091][457]LogModuleManager: Shutting down and abandoning module AndroidTargetPlatform (167)
[2022.12.26-15.19.02:091][457]LogModuleManager: Shutting down and abandoning module TextureFormat (165)
[2022.12.26-15.19.02:091][457]LogModuleManager: Shutting down and abandoning module ImageWrapper (164)
[2022.12.26-15.19.02:091][457]LogModuleManager: Shutting down and abandoning module TextureFormatOodle (162)
[2022.12.26-15.19.02:091][457]LogModuleManager: Shutting down and abandoning module TextureFormatUncompressed (160)
[2022.12.26-15.19.02:091][457]LogModuleManager: Shutting down and abandoning module TextureFormatIntelISPCTexComp (158)
[2022.12.26-15.19.02:091][457]LogModuleManager: Shutting down and abandoning module TextureFormatETC2 (156)
[2022.12.26-15.19.02:091][457]LogModuleManager: Shutting down and abandoning module TextureFormatDXT (154)
[2022.12.26-15.19.02:091][457]LogModuleManager: Shutting down and abandoning module TextureFormatASTC (152)
[2022.12.26-15.19.02:091][457]LogModuleManager: Shutting down and abandoning module TurnkeySupport (149)
[2022.12.26-15.19.02:091][457]LogModuleManager: Shutting down and abandoning module InputCore (146)
[2022.12.26-15.19.02:091][457]LogModuleManager: Shutting down and abandoning module Settings (144)
[2022.12.26-15.19.02:091][457]LogModuleManager: Shutting down and abandoning module DirectoryWatcher (142)
[2022.12.26-15.19.02:091][457]LogModuleManager: Shutting down and abandoning module ChaosSolverEngine (140)
[2022.12.26-15.19.02:092][457]LogModuleManager: Shutting down and abandoning module FieldSystemEngine (139)
[2022.12.26-15.19.02:092][457]LogModuleManager: Shutting down and abandoning module Chaos (136)
[2022.12.26-15.19.02:092][457]LogModuleManager: Shutting down and abandoning module GeometryCore (135)
[2022.12.26-15.19.02:092][457]LogModuleManager: Shutting down and abandoning module WindowsPlatformFeatures (132)
[2022.12.26-15.19.02:092][457]LogModuleManager: Shutting down and abandoning module GameplayMediaEncoder (131)
[2022.12.26-15.19.02:092][457]LogModuleManager: Shutting down and abandoning module AVEncoder (130)
[2022.12.26-15.19.02:093][457]LogModuleManager: Shutting down and abandoning module D3D12RHI (126)
[2022.12.26-15.19.02:093][457]LogModuleManager: Shutting down and abandoning module AppleARKitFaceSupport (124)
[2022.12.26-15.19.02:093][457]LogModuleManager: Shutting down and abandoning module AppleARKitPoseTrackingLiveLink (122)
[2022.12.26-15.19.02:093][457]LogModuleManager: Shutting down and abandoning module AppleARKit (120)
[2022.12.26-15.19.02:093][457]LogModuleManager: Shutting down and abandoning module AugmentedReality (119)
[2022.12.26-15.19.02:093][457]LogModuleManager: Shutting down and abandoning module AISupportModule (116)
[2022.12.26-15.19.02:093][457]LogModuleManager: Shutting down and abandoning module WindowsDeviceProfileSelector (114)
[2022.12.26-15.19.02:093][457]LogModuleManager: Shutting down and abandoning module HairStrandsCore (112)
[2022.12.26-15.19.02:093][457]LogModuleManager: Shutting down and abandoning module ExampleDeviceProfileSelector (110)
[2022.12.26-15.19.02:093][457]LogModuleManager: Shutting down and abandoning module ChunkDownloader (108)
[2022.12.26-15.19.02:093][457]LogModuleManager: Shutting down and abandoning module OpenColorIO (106)
[2022.12.26-15.19.02:094][457]LogModuleManager: Shutting down and abandoning module WmfMedia (104)
[2022.12.26-15.19.02:097][457]LogModuleManager: Shutting down and abandoning module Media (103)
[2022.12.26-15.19.02:098][457]LogModuleManager: Shutting down and abandoning module ExrReaderGpu (100)
[2022.12.26-15.19.02:099][457]LogModuleManager: Shutting down and abandoning module VariantManagerContent (98)
[2022.12.26-15.19.02:099][457]LogModuleManager: Shutting down and abandoning module GLTFExporter (96)
[2022.12.26-15.19.02:099][457]LogModuleManager: Shutting down and abandoning module DatasmithContent (94)
[2022.12.26-15.19.02:099][457]LogModuleManager: Shutting down and abandoning module ChaosCloth (92)
[2022.12.26-15.19.02:099][457]LogModuleManager: Shutting down and abandoning module LauncherChunkInstaller (90)
[2022.12.26-15.19.02:099][457]LogModuleManager: Shutting down and abandoning module PixWinPlugin (88)
[2022.12.26-15.19.02:100][457]LogModuleManager: Shutting down and abandoning module NiagaraVertexFactories (86)
[2022.12.26-15.19.02:100][457]LogModuleManager: Shutting down and abandoning module NiagaraShader (84)
[2022.12.26-15.19.02:100][457]LogModuleManager: Shutting down and abandoning module OnlineBlueprintSupport (82)
[2022.12.26-15.19.02:100][457]LogModuleManager: Shutting down and abandoning module OnlineSubsystemUtils (80)
[2022.12.26-15.19.02:100][457]LogModuleManager: Shutting down and abandoning module OnlineSubsystem (78)
[2022.12.26-15.19.02:103][457]LogModuleManager: Shutting down and abandoning module XMPP (73)
[2022.12.26-15.19.02:103][457]LogModuleManager: Shutting down and abandoning module WebSockets (72)
[2022.12.26-15.19.02:112][457]LogModuleManager: Shutting down and abandoning module HTTP (69)
[2022.12.26-15.19.02:113][457]LogHttp: Warning: [FHttpManager::Flush] FlushReason was Shutdown. Unbinding delegates for 1 outstanding Http Requests:
[2022.12.26-15.19.02:113][457]LogHttp: Warning: 	verb=[POST] url=[https://datarouter.ol.epicgames.com/datarouter/api/v1/public/data?SessionID=%7B6E7A544D-46CF-96FC-2CAB-81B735F0D17D%7D&AppID=UEEditor.Rocket.Release&AppVersion=5.1.0-23058290%2B%2B%2BUE5%2BRelease-5.1&UserID=02345188413ce495013aa7b3083c1e9c%7C3dfbb2d892834d218122fa8a36552af0%7C9ef8b295-d82d-4f61-b677-e56a0dff3fc8&AppEnvironment=datacollector-binary&UploadType=eteventstream] refs=[1] status=Processing
[2022.12.26-15.19.02:132][457]LogModuleManager: Shutting down and abandoning module SSL (68)
[2022.12.26-15.19.02:133][457]LogModuleManager: Shutting down and abandoning module OnlineServicesCommonEngineUtils (64)
[2022.12.26-15.19.02:133][457]LogModuleManager: Shutting down and abandoning module OnlineServicesCommon (62)
[2022.12.26-15.19.02:134][457]LogModuleManager: Shutting down and abandoning module OnlineServicesInterface (60)
[2022.12.26-15.19.02:134][457]LogModuleManager: Shutting down and abandoning module DesktopPlatform (58)
[2022.12.26-15.19.02:134][457]LogModuleManager: Shutting down and abandoning module PythonScriptPluginPreload (56)
[2022.12.26-15.19.02:134][457]LogModuleManager: Shutting down and abandoning module PlatformCryptoOpenSSL (54)
[2022.12.26-15.19.02:134][457]LogModuleManager: Shutting down and abandoning module PlatformCryptoTypes (52)
[2022.12.26-15.19.02:134][457]LogModuleManager: Shutting down and abandoning module PlatformCrypto (50)
[2022.12.26-15.19.02:135][457]LogModuleManager: Shutting down and abandoning module PerforceSourceControl (48)
[2022.12.26-15.19.02:136][457]LogModuleManager: Shutting down and abandoning module SourceControl (47)
[2022.12.26-15.19.02:136][457]LogModuleManager: Shutting down and abandoning module XGEController (44)
[2022.12.26-15.19.02:136][457]LogModuleManager: Shutting down and abandoning module FastBuildController (42)
[2022.12.26-15.19.02:137][457]LogModuleManager: Shutting down and abandoning module AnimationModifiers (40)
[2022.12.26-15.19.02:137][457]LogModuleManager: Shutting down and abandoning module AudioEditor (38)
[2022.12.26-15.19.02:138][457]LogModuleManager: Shutting down and abandoning module PropertyEditor (37)
[2022.12.26-15.19.02:138][457]LogModuleManager: Shutting down and abandoning module Virtualization (34)
[2022.12.26-15.19.02:138][457]LogModuleManager: Shutting down and abandoning module MessageLog (33)
[2022.12.26-15.19.02:138][457]LogModuleManager: Shutting down and abandoning module TextureCompressor (30)
[2022.12.26-15.19.02:139][457]LogModuleManager: Shutting down and abandoning module RenderCore (28)
[2022.12.26-15.19.02:139][457]LogModuleManager: Shutting down and abandoning module Landscape (26)
[2022.12.26-15.19.02:139][457]LogModuleManager: Shutting down and abandoning module SlateRHIRenderer (24)
[2022.12.26-15.19.02:140][457]LogModuleManager: Shutting down and abandoning module AnimGraphRuntime (22)
[2022.12.26-15.19.02:140][457]LogModuleManager: Shutting down and abandoning module Renderer (20)
[2022.12.26-15.19.02:140][457]LogModuleManager: Shutting down and abandoning module Engine (18)
[2022.12.26-15.19.02:140][457]LogModuleManager: Shutting down and abandoning module CoreUObject (16)
[2022.12.26-15.19.02:140][457]LogModuleManager: Shutting down and abandoning module SandboxFile (14)
[2022.12.26-15.19.02:140][457]LogModuleManager: Shutting down and abandoning module PakFile (12)
[2022.12.26-15.19.02:141][457]LogModuleManager: Shutting down and abandoning module RSA (11)
[2022.12.26-15.19.02:141][457]LogModuleManager: Shutting down and abandoning module NetworkFile (8)
[2022.12.26-15.19.02:141][457]LogModuleManager: Shutting down and abandoning module StreamingFile (6)
[2022.12.26-15.19.02:141][457]LogModuleManager: Shutting down and abandoning module CookOnTheFly (4)
[2022.12.26-15.19.02:141][457]LogModuleManager: Shutting down and abandoning module StorageServerClient (2)
[2022.12.26-15.19.02:291][457]LogD3D12RHI: ~FD3D12DynamicRHI
[2022.12.26-15.19.02:324][457]LogExit: Exiting.
[2022.12.26-15.19.02:338][457]Log file closed, 12/26/22 23:19:02
